../Core/Src/cdh/m10s.c:90:13:M10S_CalculateChecksum	32	static
../Core/Src/cdh/m10s.c:110:16:M10S_VerifyChecksum	24	static
../Core/Src/cdh/m10s.c:168:16:M10S_ParseNAVPVT	56	static
../Core/Src/cdh/m10s.c:243:16:M10S_CheckPresence	32	static
../Core/Src/cdh/m10s.c:262:16:M10S_SendCommand	40	static
../Core/Src/cdh/m10s.c:279:16:M10S_GetBytesAvailable	32	static
../Core/Src/cdh/m10s.c:304:16:M10S_ReadDataStream	40	static
../Core/Src/cdh/m10s.c:330:13:M10S_ClearBuffer	8	static
../Core/Src/cdh/m10s.c:342:17:M10S_BufferAdd	24	static
../Core/Src/cdh/m10s.c:364:13:M10S_BufferRemoveFront	16	static
../Core/Src/cdh/m10s.c:392:9:M10S_Begin	232	static
../Core/Src/cdh/m10s.c:548:6:M10S_RequestPVT	40	static
../Core/Src/cdh/m10s.c:584:10:M10S_CheckUblox	152	static
../Core/Src/cdh/m10s.c:621:16:M10S_ParseNMEA_GGA	336	static
../Core/Src/cdh/m10s.c:684:16:M10S_ParseNMEA_RMC	328	static
../Core/Src/cdh/m10s.c:762:9:M10S_Read	168	static
../Core/Src/cdh/m10s.c:882:9:M10S_GetLastPVT	16	static
../Core/Src/cdh/m10s.c:898:9:M10S_IsInitialized	4	static
../Core/Src/cdh/m10s.c:907:10:M10S_GetBufferFillLevel	4	static
../Core/Src/cdh/m10s.c:915:6:M10S_ClearBufferedData	8	static
