../Core/Src/cdh/m10s.c:90:13:M10S_CalculateChecksum	32	static
../Core/Src/cdh/m10s.c:110:16:M10S_VerifyChecksum	24	static
../Core/Src/cdh/m10s.c:168:16:M10S_ParseNAVPVT	48	static
../Core/Src/cdh/m10s.c:236:16:M10S_CheckPresence	32	static
../Core/Src/cdh/m10s.c:255:16:M10S_SendCommand	40	static
../Core/Src/cdh/m10s.c:272:16:M10S_GetBytesAvailable	32	static
../Core/Src/cdh/m10s.c:297:16:M10S_ReadDataStream	40	static
../Core/Src/cdh/m10s.c:323:13:M10S_ClearBuffer	8	static
../Core/Src/cdh/m10s.c:335:17:M10S_BufferAdd	24	static
../Core/Src/cdh/m10s.c:357:13:M10S_BufferRemoveFront	16	static
../Core/Src/cdh/m10s.c:385:9:M10S_Begin	232	static
../Core/Src/cdh/m10s.c:541:6:M10S_RequestPVT	40	static
../Core/Src/cdh/m10s.c:577:10:M10S_CheckUblox	152	static
../Core/Src/cdh/m10s.c:614:16:M10S_ParseNMEA_GGA	336	static
../Core/Src/cdh/m10s.c:676:16:M10S_ParseNMEA_RMC	328	static
../Core/Src/cdh/m10s.c:753:9:M10S_Read	168	static
../Core/Src/cdh/m10s.c:873:9:M10S_GetLastPVT	16	static
../Core/Src/cdh/m10s.c:889:9:M10S_IsInitialized	4	static
../Core/Src/cdh/m10s.c:898:10:M10S_GetBufferFillLevel	4	static
../Core/Src/cdh/m10s.c:906:6:M10S_ClearBufferedData	8	static
