../Core/Src/cdh/m10s.c:90:13:M10S_CalculateChecksum	32	static
../Core/Src/cdh/m10s.c:110:16:M10S_VerifyChecksum	24	static
../Core/Src/cdh/m10s.c:168:16:M10S_ParseNAVPVT	64	static
../Core/Src/cdh/m10s.c:264:16:M10S_CheckPresence	32	static
../Core/Src/cdh/m10s.c:283:16:M10S_SendCommand	40	static
../Core/Src/cdh/m10s.c:300:16:M10S_GetBytesAvailable	32	static
../Core/Src/cdh/m10s.c:325:16:M10S_ReadDataStream	40	static
../Core/Src/cdh/m10s.c:351:13:M10S_ClearBuffer	8	static
../Core/Src/cdh/m10s.c:363:17:M10S_BufferAdd	24	static
../Core/Src/cdh/m10s.c:385:13:M10S_BufferRemoveFront	16	static
../Core/Src/cdh/m10s.c:413:9:M10S_Begin	232	static
../Core/Src/cdh/m10s.c:569:6:M10S_RequestPVT	40	static
../Core/Src/cdh/m10s.c:605:10:M10S_CheckUblox	152	static
../Core/Src/cdh/m10s.c:642:16:M10S_ParseNMEA_GGA	336	static
../Core/Src/cdh/m10s.c:704:16:M10S_ParseNMEA_RMC	328	static
../Core/Src/cdh/m10s.c:781:9:M10S_Read	168	static
../Core/Src/cdh/m10s.c:901:9:M10S_GetLastPVT	16	static
../Core/Src/cdh/m10s.c:917:9:M10S_IsInitialized	4	static
../Core/Src/cdh/m10s.c:926:10:M10S_GetBufferFillLevel	4	static
../Core/Src/cdh/m10s.c:934:6:M10S_ClearBufferedData	8	static
