../Core/Src/fsw/fsm.c:19:16:FSW_EquipmentUsable	16	static
../Core/Src/fsw/fsm.c:24:16:FSW_GpsUsable	16	static
../Core/Src/fsw/fsm.c:29:16:FSW_ImuUsable	16	static
../Core/Src/fsw/fsm.c:34:16:FSW_BaroUsable	16	static
../Core/Src/fsw/fsm.c:39:16:FSW_BattUsable	16	static
../Core/Src/fsw/fsm.c:44:16:FSW_IsValidPhase	16	static
../Core/Src/fsw/fsm.c:49:13:FSW_ResetTransitionCounters	4	static
../Core/Src/fsw/fsm.c:59:13:FSW_SetPhase	16	static
../Core/Src/fsw/fsm.c:69:16:FSW_CountCondition	16	static
../Core/Src/fsw/fsm.c:84:17:FSW_Crc16Ccitt	32	static
../Core/Src/fsw/fsm.c:103:6:FSW_Init	8	static
../Core/Src/fsw/fsm.c:113:6:FSW_Update	32	static
../Core/Src/fsw/fsm.c:195:15:FSW_GetPhase	4	static
../Core/Src/fsw/fsm.c:200:6:FSW_BuildTelemetryPacket	16	static
