../Core/Src/fsw/fsm.c:20:16:FSW_EquipmentUsable	16	static
../Core/Src/fsw/fsm.c:25:16:FSW_GpsUsable	16	static
../Core/Src/fsw/fsm.c:30:16:FSW_ImuUsable	16	static
../Core/Src/fsw/fsm.c:35:16:FSW_BaroUsable	16	static
../Core/Src/fsw/fsm.c:40:16:FSW_IsValidPhase	16	static
../Core/Src/fsw/fsm.c:45:13:FSW_ResetTransitionCounters	4	static
../Core/Src/fsw/fsm.c:55:13:FSW_SetPhase	16	static
../Core/Src/fsw/fsm.c:65:16:FSW_CountCondition	16	static
../Core/Src/fsw/fsm.c:80:17:FSW_Crc16Ccitt	32	static
../Core/Src/fsw/fsm.c:99:6:FSW_Init	8	static
../Core/Src/fsw/fsm.c:109:6:FSW_Update	32	static
../Core/Src/fsw/fsm.c:191:15:FSW_GetPhase	4	static
../Core/Src/fsw/fsm.c:196:6:FSW_BuildTelemetryPacket	24	static
