../Core/Src/sd_spi.c:14:13:dbg	16	static
../Core/Src/sd_spi.c:19:13:dbg_hex	112	static
../Core/Src/sd_spi.c:52:13:sd_cs_high	8	static
../Core/Src/sd_spi.c:57:13:sd_cs_low	8	static
../Core/Src/sd_spi.c:67:16:spi_xchg	32	static
../Core/Src/sd_spi.c:90:13:spi_multi_xchg	24	static
../Core/Src/sd_spi.c:98:16:wait_ready	24	static
../Core/Src/sd_spi.c:110:13:deselect_card	8	static
../Core/Src/sd_spi.c:116:16:select_card	8	static
../Core/Src/sd_spi.c:125:16:receive_data_block	24	static
../Core/Src/sd_spi.c:142:16:transmit_data_block	24	static
../Core/Src/sd_spi.c:157:16:send_command	24	static
../Core/Src/sd_spi.c:193:9:SD_SPI_Init	56	static
../Core/Src/sd_spi.c:352:9:SD_SPI_ReadBlocks	24	static
../Core/Src/sd_spi.c:366:9:SD_SPI_WriteBlocks	24	static
../Core/Src/sd_spi.c:380:9:SD_SPI_Sync	16	static
