../Core/Src/sd_spi.c:18:13:dbg	16	static
../Core/Src/sd_spi.c:27:13:dbg_hex	16	static
../Core/Src/sd_spi.c:65:13:sd_cs_high	8	static
../Core/Src/sd_spi.c:70:13:sd_cs_low	8	static
../Core/Src/sd_spi.c:80:16:spi_xchg	32	static
../Core/Src/sd_spi.c:103:13:spi_multi_xchg	24	static
../Core/Src/sd_spi.c:111:16:wait_ready	24	static
../Core/Src/sd_spi.c:123:13:deselect_card	8	static
../Core/Src/sd_spi.c:129:16:select_card	8	static
../Core/Src/sd_spi.c:138:16:receive_data_block	24	static
../Core/Src/sd_spi.c:155:16:transmit_data_block	24	static
../Core/Src/sd_spi.c:170:16:send_command	24	static
../Core/Src/sd_spi.c:206:9:SD_SPI_Init	56	static
../Core/Src/sd_spi.c:365:9:SD_SPI_ReadBlocks	24	static
../Core/Src/sd_spi.c:379:9:SD_SPI_WriteBlocks	24	static
../Core/Src/sd_spi.c:393:9:SD_SPI_Sync	16	static
../Core/Src/sd_spi.c:404:6:SD_SPI_SetHighSpeed	8	static
../Core/Src/sd_spi.c:412:10:SD_SPI_GetSectorCount	72	static
