Archive member included to satisfy reference by file (symbol)

C:/ST/STM32CubeIDE_2.1.1/STM32CubeIDE/plugins/com.st.stm32cube.ide.mcu.externaltools.gnu-tools-for-stm32.14.3.rel1.win32_1.0.100.202602081740/tools/bin/../lib/gcc/arm-none-eabi/14.3.1/../../../../arm-none-eabi/lib/thumb/v7e-m+fp/hard\libc_nano.a(libc_a-atof.o)
                              ./Core/Src/cdh/m10s.o (atof)
C:/ST/STM32CubeIDE_2.1.1/STM32CubeIDE/plugins/com.st.stm32cube.ide.mcu.externaltools.gnu-tools-for-stm32.14.3.rel1.win32_1.0.100.202602081740/tools/bin/../lib/gcc/arm-none-eabi/14.3.1/../../../../arm-none-eabi/lib/thumb/v7e-m+fp/hard\libc_nano.a(libc_a-atoi.o)
                              ./Core/Src/cdh/m10s.o (atoi)
C:/ST/STM32CubeIDE_2.1.1/STM32CubeIDE/plugins/com.st.stm32cube.ide.mcu.externaltools.gnu-tools-for-stm32.14.3.rel1.win32_1.0.100.202602081740/tools/bin/../lib/gcc/arm-none-eabi/14.3.1/../../../../arm-none-eabi/lib/thumb/v7e-m+fp/hard\libc_nano.a(libc_a-exit.o)
                              C:/ST/STM32CubeIDE_2.1.1/STM32CubeIDE/plugins/com.st.stm32cube.ide.mcu.externaltools.gnu-tools-for-stm32.14.3.rel1.win32_1.0.100.202602081740/tools/bin/../lib/gcc/arm-none-eabi/14.3.1/../../../../arm-none-eabi/lib/thumb/v7e-m+fp/hard/crt0.o (exit)
C:/ST/STM32CubeIDE_2.1.1/STM32CubeIDE/plugins/com.st.stm32cube.ide.mcu.externaltools.gnu-tools-for-stm32.14.3.rel1.win32_1.0.100.202602081740/tools/bin/../lib/gcc/arm-none-eabi/14.3.1/../../../../arm-none-eabi/lib/thumb/v7e-m+fp/hard\libc_nano.a(libc_a-strtod.o)
                              C:/ST/STM32CubeIDE_2.1.1/STM32CubeIDE/plugins/com.st.stm32cube.ide.mcu.externaltools.gnu-tools-for-stm32.14.3.rel1.win32_1.0.100.202602081740/tools/bin/../lib/gcc/arm-none-eabi/14.3.1/../../../../arm-none-eabi/lib/thumb/v7e-m+fp/hard\libc_nano.a(libc_a-atof.o) (strtod)
C:/ST/STM32CubeIDE_2.1.1/STM32CubeIDE/plugins/com.st.stm32cube.ide.mcu.externaltools.gnu-tools-for-stm32.14.3.rel1.win32_1.0.100.202602081740/tools/bin/../lib/gcc/arm-none-eabi/14.3.1/../../../../arm-none-eabi/lib/thumb/v7e-m+fp/hard\libc_nano.a(libc_a-strtol.o)
                              C:/ST/STM32CubeIDE_2.1.1/STM32CubeIDE/plugins/com.st.stm32cube.ide.mcu.externaltools.gnu-tools-for-stm32.14.3.rel1.win32_1.0.100.202602081740/tools/bin/../lib/gcc/arm-none-eabi/14.3.1/../../../../arm-none-eabi/lib/thumb/v7e-m+fp/hard\libc_nano.a(libc_a-atoi.o) (_strtol_r)
C:/ST/STM32CubeIDE_2.1.1/STM32CubeIDE/plugins/com.st.stm32cube.ide.mcu.externaltools.gnu-tools-for-stm32.14.3.rel1.win32_1.0.100.202602081740/tools/bin/../lib/gcc/arm-none-eabi/14.3.1/../../../../arm-none-eabi/lib/thumb/v7e-m+fp/hard\libc_nano.a(libc_a-ctype_.o)
                              C:/ST/STM32CubeIDE_2.1.1/STM32CubeIDE/plugins/com.st.stm32cube.ide.mcu.externaltools.gnu-tools-for-stm32.14.3.rel1.win32_1.0.100.202602081740/tools/bin/../lib/gcc/arm-none-eabi/14.3.1/../../../../arm-none-eabi/lib/thumb/v7e-m+fp/hard\libc_nano.a(libc_a-strtol.o) (_ctype_)
C:/ST/STM32CubeIDE_2.1.1/STM32CubeIDE/plugins/com.st.stm32cube.ide.mcu.externaltools.gnu-tools-for-stm32.14.3.rel1.win32_1.0.100.202602081740/tools/bin/../lib/gcc/arm-none-eabi/14.3.1/../../../../arm-none-eabi/lib/thumb/v7e-m+fp/hard\libc_nano.a(libc_a-findfp.o)
                              C:/ST/STM32CubeIDE_2.1.1/STM32CubeIDE/plugins/com.st.stm32cube.ide.mcu.externaltools.gnu-tools-for-stm32.14.3.rel1.win32_1.0.100.202602081740/tools/bin/../lib/gcc/arm-none-eabi/14.3.1/../../../../arm-none-eabi/lib/thumb/v7e-m+fp/hard\libc_nano.a(libc_a-exit.o) (__stdio_exit_handler)
C:/ST/STM32CubeIDE_2.1.1/STM32CubeIDE/plugins/com.st.stm32cube.ide.mcu.externaltools.gnu-tools-for-stm32.14.3.rel1.win32_1.0.100.202602081740/tools/bin/../lib/gcc/arm-none-eabi/14.3.1/../../../../arm-none-eabi/lib/thumb/v7e-m+fp/hard\libc_nano.a(libc_a-fwalk.o)
                              C:/ST/STM32CubeIDE_2.1.1/STM32CubeIDE/plugins/com.st.stm32cube.ide.mcu.externaltools.gnu-tools-for-stm32.14.3.rel1.win32_1.0.100.202602081740/tools/bin/../lib/gcc/arm-none-eabi/14.3.1/../../../../arm-none-eabi/lib/thumb/v7e-m+fp/hard\libc_nano.a(libc_a-findfp.o) (_fwalk_sglue)
C:/ST/STM32CubeIDE_2.1.1/STM32CubeIDE/plugins/com.st.stm32cube.ide.mcu.externaltools.gnu-tools-for-stm32.14.3.rel1.win32_1.0.100.202602081740/tools/bin/../lib/gcc/arm-none-eabi/14.3.1/../../../../arm-none-eabi/lib/thumb/v7e-m+fp/hard\libc_nano.a(libc_a-snprintf.o)
                              ./Core/Src/cdh/baro_diag.o (snprintf)
C:/ST/STM32CubeIDE_2.1.1/STM32CubeIDE/plugins/com.st.stm32cube.ide.mcu.externaltools.gnu-tools-for-stm32.14.3.rel1.win32_1.0.100.202602081740/tools/bin/../lib/gcc/arm-none-eabi/14.3.1/../../../../arm-none-eabi/lib/thumb/v7e-m+fp/hard\libc_nano.a(libc_a-stdio.o)
                              C:/ST/STM32CubeIDE_2.1.1/STM32CubeIDE/plugins/com.st.stm32cube.ide.mcu.externaltools.gnu-tools-for-stm32.14.3.rel1.win32_1.0.100.202602081740/tools/bin/../lib/gcc/arm-none-eabi/14.3.1/../../../../arm-none-eabi/lib/thumb/v7e-m+fp/hard\libc_nano.a(libc_a-findfp.o) (__sread)
[...]
Memory Configuration

Name             Origin             Length             Attributes
RAM              0x20000000         0x00018000         xrw
RAM2             0x10000000         0x00008000         xrw
FLASH            0x08000000         0x00100000         xr
*default*        0x00000000         0xffffffff

Linker script and memory map

LOAD C:/ST/STM32CubeIDE_2.1.1/STM32CubeIDE/plugins/com.st.stm32cube.ide.mcu.externaltools.gnu-tools-for-stm32.14.3.rel1.win32_1.0.100.202602081740/tools/bin/../lib/gcc/arm-none-eabi/14.3.1/thumb/v7e-m+fp/hard/crti.o
LOAD C:/ST/STM32CubeIDE_2.1.1/STM32CubeIDE/plugins/com.st.stm32cube.ide.mcu.externaltools.gnu-tools-for-stm32.14.3.rel1.win32_1.0.100.202602081740/tools/bin/../lib/gcc/arm-none-eabi/14.3.1/thumb/v7e-m+fp/hard/crtbegin.o
LOAD C:/ST/STM32CubeIDE_2.1.1/STM32CubeIDE/plugins/com.st.stm32cube.ide.mcu.externaltools.gnu-tools-for-stm32.14.3.rel1.win32_1.0.100.202602081740/tools/bin/../lib/gcc/arm-none-eabi/14.3.1/../../../../arm-none-eabi/lib/thumb/v7e-m+fp/hard/crt0.o
LOAD ./Core/Src/cdh/baro_diag.o
LOAD ./Core/Src/cdh/cdh.o
LOAD ./Core/Src/cdh/cdh_debug.o
LOAD ./Core/Src/cdh/cdh_fdir.o
LOAD ./Core/Src/cdh/gps_diag.o
LOAD ./Core/Src/cdh/gps_equipment_handler.o
LOAD ./Core/Src/cdh/m10s.o
LOAD ./Core/Src/cdh/mpu6050.o
LOAD ./Core/Src/cdh/mpu6050_equipment_handler.o
LOAD ./Core/Src/cdh/ms5607.o
LOAD ./Core/Src/cdh/ms5607_equipment_handler.o
LOAD ./Core/Src/datapool.o
LOAD ./Core/Src/main.o
LOAD ./Core/Src/stm32l4xx_hal_msp.o
LOAD ./Core/Src/stm32l4xx_it.o
LOAD ./Core/Src/syscalls.o
LOAD ./Core/Src/sysmem.o
LOAD ./Core/Src/system_stm32l4xx.o
LOAD ./Core/Src/fsw/fsm.o
LOAD ./Core/Src/ttc/ttc.o
LOAD ./Core/Startup/startup_stm32l476rgtx.o
LOAD ./Drivers/STM32L4xx_HAL_Driver/stm32l4xx_hal.o
LOAD ./Drivers/STM32L4xx_HAL_Driver/stm32l4xx_hal_cortex.o
LOAD ./Drivers/STM32L4xx_HAL_Driver/stm32l4xx_hal_dma.o
LOAD ./Drivers/STM32L4xx_HAL_Driver/stm32l4xx_hal_dma_ex.o
LOAD ./Drivers/STM32L4xx_HAL_Driver/stm32l4xx_hal_exti.o
LOAD ./Drivers/STM32L4xx_HAL_Driver/stm32l4xx_hal_flash.o
LOAD ./Drivers/STM32L4xx_HAL_Driver/stm32l4xx_hal_flash_ex.o
LOAD ./Drivers/STM32L4xx_HAL_Driver/stm32l4xx_hal_flash_ramfunc.o
LOAD ./Drivers/STM32L4xx_HAL_Driver/stm32l4xx_hal_gpio.o
LOAD ./Drivers/STM32L4xx_HAL_Driver/stm32l4xx_hal_i2c.o
LOAD ./Drivers/STM32L4xx_HAL_Driver/stm32l4xx_hal_i2c_ex.o
LOAD ./Drivers/STM32L4xx_HAL_Driver/stm32l4xx_hal_pcd.o
LOAD ./Drivers/STM32L4xx_HAL_Driver/stm32l4xx_hal_pcd_ex.o
LOAD ./Drivers/STM32L4xx_HAL_Driver/stm32l4xx_hal_pwr.o
LOAD ./Drivers/STM32L4xx_HAL_Driver/stm32l4xx_hal_pwr_ex.o
LOAD ./Drivers/STM32L4xx_HAL_Driver/stm32l4xx_hal_rcc.o
LOAD ./Drivers/STM32L4xx_HAL_Driver/stm32l4xx_hal_rcc_ex.o
LOAD ./Drivers/STM32L4xx_HAL_Driver/stm32l4xx_hal_uart.o
LOAD ./Drivers/STM32L4xx_HAL_Driver/stm32l4xx_hal_uart_ex.o
LOAD ./Drivers/STM32L4xx_HAL_Driver/stm32l4xx_ll_usb.o
LOAD ./Middlewares/USB_Device_Library/usbd_cdc.o
LOAD ./Middlewares/USB_Device_Library/usbd_core.o
LOAD ./Middlewares/USB_Device_Library/usbd_ctlreq.o
LOAD ./Middlewares/USB_Device_Library/usbd_ioreq.o
LOAD ./USB_DEVICE/App/usb_device.o
LOAD ./USB_DEVICE/App/usbd_cdc_if.o
LOAD ./USB_DEVICE/App/usbd_desc.o
LOAD ./USB_DEVICE/Target/usbd_conf.o
START GROUP
LOAD C:/ST/STM32CubeIDE_2.1.1/STM32CubeIDE/plugins/com.st.stm32cube.ide.mcu.externaltools.gnu-tools-for-stm32.14.3.rel1.win32_1.0.100.202602081740/tools/bin/../lib/gcc/arm-none-eabi/14.3.1/../../../../arm-none-eabi/lib/thumb/v7e-m+fp/hard\libc_nano.a
LOAD C:/ST/STM32CubeIDE_2.1.1/STM32CubeIDE/plugins/com.st.stm32cube.ide.mcu.externaltools.gnu-tools-for-stm32.14.3.rel1.win32_1.0.100.202602081740/tools/bin/../lib/gcc/arm-none-eabi/14.3.1/../../../../arm-none-eabi/lib/thumb/v7e-m+fp/hard\libm.a
END GROUP
START GROUP
LOAD C:/ST/STM32CubeIDE_2.1.1/STM32CubeIDE/plugins/com.st.stm32cube.ide.mcu.externaltools.gnu-tools-for-stm32.14.3.rel1.win32_1.0.100.202602081740/tools/bin/../lib/gcc/arm-none-eabi/14.3.1/thumb/v7e-m+fp/hard\libgcc.a
LOAD C:/ST/STM32CubeIDE_2.1.1/STM32CubeIDE/plugins/com.st.stm32cube.ide.mcu.externaltools.gnu-tools-for-stm32.14.3.rel1.win32_1.0.100.202602081740/tools/bin/../lib/gcc/arm-none-eabi/14.3.1/../../../../arm-none-eabi/lib/thumb/v7e-m+fp/hard\libc_nano.a
END GROUP
START GROUP
LOAD C:/ST/STM32CubeIDE_2.1.1/STM32CubeIDE/plugins/com.st.stm32cube.ide.mcu.externaltools.gnu-tools-for-stm32.14.3.rel1.win32_1.0.100.202602081740/tools/bin/../lib/gcc/arm-none-eabi/14.3.1/thumb/v7e-m+fp/hard\libgcc.a
LOAD C:/ST/STM32CubeIDE_2.1.1/STM32CubeIDE/plugins/com.st.stm32cube.ide.mcu.externaltools.gnu-tools-for-stm32.14.3.rel1.win32_1.0.100.202602081740/tools/bin/../lib/gcc/arm-none-eabi/14.3.1/../../../../arm-none-eabi/lib/thumb/v7e-m+fp/hard\libc_nano.a
LOAD C:/ST/STM32CubeIDE_2.1.1/STM32CubeIDE/plugins/com.st.stm32cube.ide.mcu.externaltools.gnu-tools-for-stm32.14.3.rel1.win32_1.0.100.202602081740/tools/bin/../lib/gcc/arm-none-eabi/14.3.1/../../../../arm-none-eabi/lib/thumb/v7e-m+fp/hard\libnosys.a
END GROUP
START GROUP
LOAD C:/ST/STM32CubeIDE_2.1.1/STM32CubeIDE/plugins/com.st.stm32cube.ide.mcu.externaltools.gnu-tools-for-stm32.14.3.rel1.win32_1.0.100.202602081740/tools/bin/../lib/gcc/arm-none-eabi/14.3.1/thumb/v7e-m+fp/hard\libgcc.a
LOAD C:/ST/STM32CubeIDE_2.1.1/STM32CubeIDE/plugins/com.st.stm32cube.ide.mcu.externaltools.gnu-tools-for-stm32.14.3.rel1.win32_1.0.100.202602081740/tools/bin/../lib/gcc/arm-none-eabi/14.3.1/../../../../arm-none-eabi/lib/thumb/v7e-m+fp/hard\libc_nano.a
LOAD C:/ST/STM32CubeIDE_2.1.1/STM32CubeIDE/plugins/com.st.stm32cube.ide.mcu.externaltools.gnu-tools-for-stm32.14.3.rel1.win32_1.0.100.202602081740/tools/bin/../lib/gcc/arm-none-eabi/14.3.1/../../../../arm-none-eabi/lib/thumb/v7e-m+fp/hard\libnosys.a
END GROUP
LOAD C:/ST/STM32CubeIDE_2.1.1/STM32CubeIDE/plugins/com.st.stm32cube.ide.mcu.externaltools.gnu-tools-for-stm32.14.3.rel1.win32_1.0.100.202602081740/tools/bin/../lib/gcc/arm-none-eabi/14.3.1/thumb/v7e-m+fp/hard/crtend.o
LOAD C:/ST/STM32CubeIDE_2.1.1/STM32CubeIDE/plugins/com.st.stm32cube.ide.mcu.externaltools.gnu-tools-for-stm32.14.3.rel1.win32_1.0.100.202602081740/tools/bin/../lib/gcc/arm-none-eabi/14.3.1/thumb/v7e-m+fp/hard/crtn.o
                0x20018000                        _estack = (ORIGIN (RAM) + LENGTH (RAM))
                0x00000200                        _Min_Heap_Size = 0x200
                0x00000400                        _Min_Stack_Size = 0x400

.isr_vector     0x08000000      0x188
                0x08000000                        . = ALIGN (0x4)
 *(.isr_vector)
 .isr_vector    0x08000000      0x188 ./Core/Startup/startup_stm32l476rgtx.o
                0x08000000                g_pfnVectors
                0x08000188                        . = ALIGN (0x4)

.text           0x08000190    0x11cf0
                0x08000190                        . = ALIGN (0x4)
 *(.text)
 .text          0x08000190       0x40 C:/ST/STM32CubeIDE_2.1.1/STM32CubeIDE/plugins/com.st.stm32cube.ide.mcu.externaltools.gnu-tools-for-stm32.14.3.rel1.win32_1.0.100.202602081740/tools/bin/../lib/gcc/arm-none-eabi/14.3.1/thumb/v7e-m+fp/hard/crtbegin.o
 .text          0x080001d0       0xa0 C:/ST/STM32CubeIDE_2.1.1/STM32CubeIDE/plugins/com.st.stm32cube.ide.mcu.externaltools.gnu-tools-for-stm32.14.3.rel1.win32_1.0.100.202602081740/tools/bin/../lib/gcc/arm-none-eabi/14.3.1/../../../../arm-none-eabi/lib/thumb/v7e-m+fp/hard\libc_nano.a(libc_a-memchr.o)
                0x080001d0                memchr
 .text          0x08000270      0x378 C:/ST/STM32CubeIDE_2.1.1/STM32CubeIDE/plugins/com.st.stm32cube.ide.mcu.externaltools.gnu-tools-for-stm32.14.3.rel1.win32_1.0.100.202602081740/tools/bin/../lib/gcc/arm-none-eabi/14.3.1/thumb/v7e-m+fp/hard\libgcc.a(_arm_addsubdf3.o)
                0x08000270                __aeabi_drsub
                0x08000278                __aeabi_dsub
                0x08000278                __subdf3
                0x0800027c                __aeabi_dadd
                0x0800027c                __adddf3
                0x080004f4                __floatunsidf
                0x080004f4                __aeabi_ui2d
                0x08000514                __floatsidf
                0x08000514                __aeabi_i2d
                0x08000538                __aeabi_f2d
                0x08000538                __extendsfdf2
                0x0800057c                __floatundidf
                0x0800057c                __aeabi_ul2d
                0x0800058c                __floatdidf
                0x0800058c                __aeabi_l2d
 .text          0x080005e8      0x424 C:/ST/STM32CubeIDE_2.1.1/STM32CubeIDE/plugins/com.st.stm32cube.ide.mcu.externaltools.gnu-tools-for-stm32.14.3.rel1.win32_1.0.100.202602081740/tools/bin/../lib/gcc/arm-none-eabi/14.3.1/thumb/v7e-m+fp/hard\libgcc.a(_arm_muldivdf3.o)
                0x080005e8                __aeabi_dmul
                0x080005e8                __muldf3
                0x0800083c                __divdf3
                0x0800083c                __aeabi_ddiv
 .text          0x08000a0c      0x110 C:/ST/STM32CubeIDE_2.1.1/STM32CubeIDE/plugins/com.st.stm32cube.ide.mcu.externaltools.gnu-tools-for-stm32.14.3.rel1.win32_1.0.100.202602081740/tools/bin/../lib/gcc/arm-none-eabi/14.3.1/thumb/v7e-m+fp/hard\libgcc.a(_arm_cmpdf2.o)
                0x08000a0c                __gtdf2
                0x08000a0c                __gedf2
                0x08000a14                __ltdf2
                0x08000a14                __ledf2
                0x08000a1c                __nedf2
                0x08000a1c                __eqdf2
                0x08000a1c                __cmpdf2
                0x08000a98                __aeabi_cdrcmple
                0x08000aa8                __aeabi_cdcmpeq
                0x08000aa8                __aeabi_cdcmple
                0x08000ab8                __aeabi_dcmpeq
                0x08000acc                __aeabi_dcmplt
                0x08000ae0                __aeabi_dcmple
                0x08000af4                __aeabi_dcmpge
                0x08000b08                __aeabi_dcmpgt
 .text          0x08000b1c       0x50 C:/ST/STM32CubeIDE_2.1.1/STM32CubeIDE/plugins/com.st.stm32cube.ide.mcu.externaltools.gnu-tools-for-stm32.14.3.rel1.win32_1.0.100.202602081740/tools/bin/../lib/gcc/arm-none-eabi/14.3.1/thumb/v7e-m+fp/hard\libgcc.a(_arm_fixdfsi.o)
                0x08000b1c                __aeabi_d2iz
                0x08000b1c                __fixdfsi
 .text          0x08000b6c       0x40 C:/ST/STM32CubeIDE_2.1.1/STM32CubeIDE/plugins/com.st.stm32cube.ide.mcu.externaltools.gnu-tools-for-stm32.14.3.rel1.win32_1.0.100.202602081740/tools/bin/../lib/gcc/arm-none-eabi/14.3.1/thumb/v7e-m+fp/hard\libgcc.a(_arm_fixunsdfsi.o)
                0x08000b6c                __aeabi_d2uiz
                0x08000b6c                __fixunsdfsi
 .text          0x08000bac       0xa0 C:/ST/STM32CubeIDE_2.1.1/STM32CubeIDE/plugins/com.st.stm32cube.ide.mcu.externaltools.gnu-tools-for-stm32.14.3.rel1.win32_1.0.100.202602081740/tools/bin/../lib/gcc/arm-none-eabi/14.3.1/thumb/v7e-m+fp/hard\libgcc.a(_arm_truncdfsf2.o)
                0x08000bac                __truncdfsf2
                0x08000bac                __aeabi_d2f
 .text          0x08000c4c      0x21c C:/ST/STM32CubeIDE_2.1.1/STM32CubeIDE/plugins/com.st.stm32cube.ide.mcu.externaltools.gnu-tools-for-stm32.14.3.rel1.win32_1.0.100.202602081740/tools/bin/../lib/gcc/arm-none-eabi/14.3.1/thumb/v7e-m+fp/hard\libgcc.a(_arm_addsubsf3.o)
                0x08000c4c                __aeabi_frsub
                0x08000c54                __subsf3
                0x08000c54                __aeabi_fsub
                0x08000c58                __aeabi_fadd
                0x08000c58                __addsf3
                0x08000db8                __aeabi_ui2f
                0x08000db8                __floatunsisf
                0x08000dc0                __aeabi_i2f
                0x08000dc0                __floatsisf
                0x08000ddc                __aeabi_ul2f
                0x08000ddc                __floatundisf
                0x08000dec                __aeabi_l2f
                0x08000dec                __floatdisf
 .text          0x08000e68       0x30 C:/ST/STM32CubeIDE_2.1.1/STM32CubeIDE/plugins/com.st.stm32cube.ide.mcu.externaltools.gnu-tools-for-stm32.14.3.rel1.win32_1.0.100.202602081740/tools/bin/../lib/gcc/arm-none-eabi/14.3.1/thumb/v7e-m+fp/hard\libgcc.a(_aeabi_uldivmod.o)
                0x08000e68                __aeabi_uldivmod
 .text          0x08000e98       0x30 C:/ST/STM32CubeIDE_2.1.1/STM32CubeIDE/plugins/com.st.stm32cube.ide.mcu.externaltools.gnu-tools-for-stm32.14.3.rel1.win32_1.0.100.202602081740/tools/bin/../lib/gcc/arm-none-eabi/14.3.1/thumb/v7e-m+fp/hard\libgcc.a(_fixdfdi.o)
                0x08000e98                __fixdfdi
                0x08000e98                __aeabi_d2lz
 .text          0x08000ec8       0x3c C:/ST/STM32CubeIDE_2.1.1/STM32CubeIDE/plugins/com.st.stm32cube.ide.mcu.externaltools.gnu-tools-for-stm32.14.3.rel1.win32_1.0.100.202602081740/tools/bin/../lib/gcc/arm-none-eabi/14.3.1/thumb/v7e-m+fp/hard\libgcc.a(_fixunsdfdi.o)
                0x08000ec8                __fixunsdfdi
                0x08000ec8                __aeabi_d2ulz
 .text          0x08000f04      0x2f8 C:/ST/STM32CubeIDE_2.1.1/STM32CubeIDE/plugins/com.st.stm32cube.ide.mcu.externaltools.gnu-tools-for-stm32.14.3.rel1.win32_1.0.100.202602081740/tools/bin/../lib/gcc/arm-none-eabi/14.3.1/thumb/v7e-m+fp/hard\libgcc.a(_udivmoddi4.o)
                0x08000f04                __udivmoddi4
 .text          0x080011fc        0x4 C:/ST/STM32CubeIDE_2.1.1/STM32CubeIDE/plugins/com.st.stm32cube.ide.mcu.externaltools.gnu-tools-for-stm32.14.3.rel1.win32_1.0.100.202602081740/tools/bin/../lib/gcc/arm-none-eabi/14.3.1/thumb/v7e-m+fp/hard\libgcc.a(_dvmd_tls.o)
                0x080011fc                __aeabi_idiv0
                0x080011fc                __aeabi_ldiv0
 *(.text*)
 .text.Baro_Diag_Test
                0x08001200      0x1e0 ./Core/Src/cdh/baro_diag.o
                0x08001200                Baro_Diag_Test
 .text.CDH_SetFault
                0x080013e0       0x44 ./Core/Src/cdh/cdh.o
 .text.CDH_Init
                0x08001424       0xb8 ./Core/Src/cdh/cdh.o
                0x08001424                CDH_Init
 .text.CDH_Update
                0x080014dc      0x344 ./Core/Src/cdh/cdh.o
                0x080014dc                CDH_Update
 .text.CDH_Debug_PrintBaro
                0x08001820      0x194 ./Core/Src/cdh/cdh_debug.o
                0x08001820                CDH_Debug_PrintBaro
 .text.CDH_Debug_PrintDatapool
                0x080019b4      0x630 ./Core/Src/cdh/cdh_debug.o
                0x080019b4                CDH_Debug_PrintDatapool
 .text.CDH_FDIR_Init
                0x08001fe4       0x20 ./Core/Src/cdh/cdh_fdir.o
                0x08001fe4                CDH_FDIR_Init
 .text.GPS_Diag_Test
                0x08002004      0x434 ./Core/Src/cdh/gps_diag.o
                0x08002004                GPS_Diag_Test
 .text.GPS_EquipmentHandler_Init
                0x08002438       0x4c ./Core/Src/cdh/gps_equipment_handler.o
                0x08002438                GPS_EquipmentHandler_Init
 .text.GPS_EquipmentHandler_Update
                0x08002484       0xfc ./Core/Src/cdh/gps_equipment_handler.o
                0x08002484                GPS_EquipmentHandler_Update
 .text.M10S_CalculateChecksum
                0x08002580       0x62 ./Core/Src/cdh/m10s.o
 .text.M10S_VerifyChecksum
                0x080025e2       0x52 ./Core/Src/cdh/m10s.o
 *fill*         0x08002634        0x4 
 .text.M10S_ParseNAVPVT
                0x08002638      0x2f4 ./Core/Src/cdh/m10s.o
 .text.M10S_CheckPresence
                0x0800292c       0x36 ./Core/Src/cdh/m10s.o
 .text.M10S_SendCommand
                0x08002962       0x38 ./Core/Src/cdh/m10s.o
 .text.M10S_GetBytesAvailable
                0x0800299a       0x56 ./Core/Src/cdh/m10s.o
 .text.M10S_ReadDataStream
                0x080029f0       0x5a ./Core/Src/cdh/m10s.o
 *fill*         0x08002a4a        0x2 
 .text.M10S_ClearBuffer
                0x08002a4c       0x24 ./Core/Src/cdh/m10s.o
 .text.M10S_BufferAdd
                0x08002a70       0x80 ./Core/Src/cdh/m10s.o
 .text.M10S_BufferRemoveFront
                0x08002af0       0x50 ./Core/Src/cdh/m10s.o
 .text.M10S_Begin
                0x08002b40      0x350 ./Core/Src/cdh/m10s.o
                0x08002b40                M10S_Begin
 .text.M10S_RequestPVT
                0x08002e90       0x64 ./Core/Src/cdh/m10s.o
                0x08002e90                M10S_RequestPVT
 .text.M10S_CheckUblox
                0x08002ef4       0x98 ./Core/Src/cdh/m10s.o
                0x08002ef4                M10S_CheckUblox
 .text.M10S_ParseNMEA_GGA
                0x08002f8c      0x348 ./Core/Src/cdh/m10s.o
 .text.M10S_ParseNMEA_RMC
                0x080032d4      0x2f8 ./Core/Src/cdh/m10s.o
 .text.M10S_Read
                0x080035cc      0x340 ./Core/Src/cdh/m10s.o
                0x080035cc                M10S_Read
 .text.M10S_GetBufferFillLevel
                0x0800390c       0x18 ./Core/Src/cdh/m10s.o
                0x0800390c                M10S_GetBufferFillLevel
 .text.MPU6050_WriteReg
                0x08003924       0x32 ./Core/Src/cdh/mpu6050.o
 .text.MPU6050_ReadReg
                0x08003956       0x32 ./Core/Src/cdh/mpu6050.o
 .text.MPU6050_Check
                0x08003988       0x28 ./Core/Src/cdh/mpu6050.o
                0x08003988                MPU6050_Check
 .text.MPU6050_Init
                0x080039b0       0x44 ./Core/Src/cdh/mpu6050.o
                0x080039b0                MPU6050_Init
 .text.MPU6050_Read
                0x080039f4      0x178 ./Core/Src/cdh/mpu6050.o
                0x080039f4                MPU6050_Read
 .text.MPU6050_IsDataFlatlined
                0x08003b6c       0x9c ./Core/Src/cdh/mpu6050_equipment_handler.o
 .text.MPU6050_EquipmentHandler_Init
                0x08003c08       0x9c ./Core/Src/cdh/mpu6050_equipment_handler.o
                0x08003c08                MPU6050_EquipmentHandler_Init
 .text.MPU6050_EquipmentHandler_Update
                0x08003ca4       0xf4 ./Core/Src/cdh/mpu6050_equipment_handler.o
                0x08003ca4                MPU6050_EquipmentHandler_Update
 .text.MS5607_WriteCmd
                0x08003d98       0x24 ./Core/Src/cdh/ms5607.o
 .text.MS5607_ReadADC
                0x08003dbc       0x46 ./Core/Src/cdh/ms5607.o
 *fill*         0x08003e02        0x2 
 .text.MS5607_ReadPROM
                0x08003e04       0x74 ./Core/Src/cdh/ms5607.o
 .text.MS5607_Check
                0x08003e78       0x1e ./Core/Src/cdh/ms5607.o
                0x08003e78                MS5607_Check
 .text.MS5607_Init
                0x08003e96       0x24 ./Core/Src/cdh/ms5607.o
                0x08003e96                MS5607_Init
 *fill*         0x08003eba        0x2 
 .text.MS5607_Read
                0x08003ebc      0x60c ./Core/Src/cdh/ms5607.o
                0x08003ebc                MS5607_Read
 .text.MS5607_EquipmentHandler_Init
                0x080044c8       0xcc ./Core/Src/cdh/ms5607_equipment_handler.o
                0x080044c8                MS5607_EquipmentHandler_Init
 .text.MS5607_EquipmentHandler_Update
                0x08004594       0xb0 ./Core/Src/cdh/ms5607_equipment_handler.o
                0x08004594                MS5607_EquipmentHandler_Update
 .text.main     0x08004644       0x50 ./Core/Src/main.o
                0x08004644                main
 .text.SystemClock_Config
                0x08004694       0xc4 ./Core/Src/main.o
                0x08004694                SystemClock_Config
 .text.MX_I2C1_Init
                0x08004758       0x80 ./Core/Src/main.o
 .text.MX_UART4_Init
                0x080047d8       0x60 ./Core/Src/main.o
 .text.MX_UART5_Init
                0x08004838       0x60 ./Core/Src/main.o
 .text.MX_USART2_UART_Init
                0x08004898       0x60 ./Core/Src/main.o
 .text.MX_USART3_UART_Init
                0x080048f8       0x60 ./Core/Src/main.o
 .text.MX_GPIO_Init
                0x08004958      0x12c ./Core/Src/main.o
 .text.Error_Handler
                0x08004a84        0xc ./Core/Src/main.o
                0x08004a84                Error_Handler
 .text.HAL_MspInit
                0x08004a90       0x48 ./Core/Src/stm32l4xx_hal_msp.o
                0x08004a90                HAL_MspInit
 .text.HAL_I2C_MspInit
                0x08004ad8       0xbc ./Core/Src/stm32l4xx_hal_msp.o
                0x08004ad8                HAL_I2C_MspInit
 .text.HAL_I2C_MspDeInit
                0x08004b94       0x48 ./Core/Src/stm32l4xx_hal_msp.o
                0x08004b94                HAL_I2C_MspDeInit
 .text.HAL_UART_MspInit
                0x08004bdc      0x2a0 ./Core/Src/stm32l4xx_hal_msp.o
                0x08004bdc                HAL_UART_MspInit
 .text.NMI_Handler
                0x08004e7c        0x8 ./Core/Src/stm32l4xx_it.o
                0x08004e7c                NMI_Handler
 .text.HardFault_Handler
                0x08004e84        0x8 ./Core/Src/stm32l4xx_it.o
                0x08004e84                HardFault_Handler
 .text.MemManage_Handler
                0x08004e8c        0x8 ./Core/Src/stm32l4xx_it.o
                0x08004e8c                MemManage_Handler
 .text.BusFault_Handler
                0x08004e94        0x8 ./Core/Src/stm32l4xx_it.o
                0x08004e94                BusFault_Handler
 .text.UsageFault_Handler
                0x08004e9c        0x8 ./Core/Src/stm32l4xx_it.o
                0x08004e9c                UsageFault_Handler
 .text.SVC_Handler
                0x08004ea4        0xe ./Core/Src/stm32l4xx_it.o
                0x08004ea4                SVC_Handler
 .text.DebugMon_Handler
                0x08004eb2        0xe ./Core/Src/stm32l4xx_it.o
                0x08004eb2                DebugMon_Handler
 .text.PendSV_Handler
                0x08004ec0        0xe ./Core/Src/stm32l4xx_it.o
                0x08004ec0                PendSV_Handler
 .text.SysTick_Handler
                0x08004ece        0xc ./Core/Src/stm32l4xx_it.o
                0x08004ece                SysTick_Handler
 *fill*         0x08004eda        0x2 
 .text.OTG_FS_IRQHandler
                0x08004edc       0x14 ./Core/Src/stm32l4xx_it.o
                0x08004edc                OTG_FS_IRQHandler
 .text._getpid  0x08004ef0       0x10 ./Core/Src/syscalls.o
                0x08004ef0                _getpid
 .text._kill    0x08004f00       0x20 ./Core/Src/syscalls.o
                0x08004f00                _kill
 .text._exit    0x08004f20       0x16 ./Core/Src/syscalls.o
                0x08004f20                _exit
 .text._read    0x08004f36       0x3a ./Core/Src/syscalls.o
                0x08004f36                _read
 .text._write   0x08004f70       0x38 ./Core/Src/syscalls.o
                0x08004f70                _write
 .text._close   0x08004fa8       0x18 ./Core/Src/syscalls.o
                0x08004fa8                _close
 .text._fstat   0x08004fc0       0x20 ./Core/Src/syscalls.o
                0x08004fc0                _fstat
 .text._isatty  0x08004fe0       0x16 ./Core/Src/syscalls.o
                0x08004fe0                _isatty
 .text._lseek   0x08004ff6       0x1a ./Core/Src/syscalls.o
                0x08004ff6                _lseek
 .text._sbrk    0x08005010       0x6c ./Core/Src/sysmem.o
                0x08005010                _sbrk
 .text.SystemInit
                0x0800507c       0x24 ./Core/Src/system_stm32l4xx.o
                0x0800507c                SystemInit
 .text.Reset_Handler
                0x080050a0       0x50 ./Core/Startup/startup_stm32l476rgtx.o
                0x080050a0                Reset_Handler
 .text.Default_Handler
                0x080050f0        0x2 ./Core/Startup/startup_stm32l476rgtx.o
                0x080050f0                RTC_Alarm_IRQHandler
                0x080050f0                EXTI2_IRQHandler
                0x080050f0                TIM8_TRG_COM_IRQHandler
                0x080050f0                TIM8_CC_IRQHandler
                0x080050f0                TIM1_CC_IRQHandler
                0x080050f0                TSC_IRQHandler
                0x080050f0                TAMP_STAMP_IRQHandler
                0x080050f0                EXTI3_IRQHandler
                0x080050f0                LPTIM2_IRQHandler
                0x080050f0                DFSDM1_FLT1_IRQHandler
                0x080050f0                I2C3_ER_IRQHandler
                0x080050f0                DFSDM1_FLT2_IRQHandler
                0x080050f0                EXTI0_IRQHandler
                0x080050f0                I2C2_EV_IRQHandler
                0x080050f0                CAN1_RX0_IRQHandler
                0x080050f0                FPU_IRQHandler
                0x080050f0                TIM1_UP_TIM16_IRQHandler
                0x080050f0                ADC1_2_IRQHandler
                0x080050f0                SPI1_IRQHandler
                0x080050f0                TIM6_DAC_IRQHandler
                0x080050f0                TIM8_UP_IRQHandler
                0x080050f0                DMA2_Channel2_IRQHandler
                0x080050f0                DMA1_Channel4_IRQHandler
                0x080050f0                SAI2_IRQHandler
                0x080050f0                DFSDM1_FLT3_IRQHandler
                0x080050f0                USART3_IRQHandler
                0x080050f0                DMA1_Channel7_IRQHandler
                0x080050f0                CAN1_RX1_IRQHandler
                0x080050f0                LCD_IRQHandler
                0x080050f0                UART5_IRQHandler
                0x080050f0                ADC3_IRQHandler
                0x080050f0                TIM4_IRQHandler
                0x080050f0                DMA2_Channel1_IRQHandler
                0x080050f0                QUADSPI_IRQHandler
                0x080050f0                I2C1_EV_IRQHandler
                0x080050f0                DMA1_Channel6_IRQHandler
                0x080050f0                UART4_IRQHandler
                0x080050f0                DMA2_Channel4_IRQHandler
                0x080050f0                TIM3_IRQHandler
                0x080050f0                RCC_IRQHandler
                0x080050f0                DMA1_Channel1_IRQHandler
                0x080050f0                Default_Handler
                0x080050f0                DMA2_Channel7_IRQHandler
                0x080050f0                EXTI15_10_IRQHandler
                0x080050f0                TIM7_IRQHandler
                0x080050f0                SDMMC1_IRQHandler
                0x080050f0                TIM5_IRQHandler
                0x080050f0                I2C3_EV_IRQHandler
                0x080050f0                EXTI9_5_IRQHandler
                0x080050f0                RTC_WKUP_IRQHandler
                0x080050f0                PVD_PVM_IRQHandler
                0x080050f0                SPI2_IRQHandler
                0x080050f0                CAN1_TX_IRQHandler
                0x080050f0                DMA2_Channel5_IRQHandler
                0x080050f0                DMA1_Channel5_IRQHandler
                0x080050f0                EXTI4_IRQHandler
                0x080050f0                RNG_IRQHandler
                0x080050f0                TIM1_TRG_COM_TIM17_IRQHandler
                0x080050f0                DMA1_Channel3_IRQHandler
                0x080050f0                COMP_IRQHandler
                0x080050f0                WWDG_IRQHandler
                0x080050f0                LPUART1_IRQHandler
                0x080050f0                DMA2_Channel6_IRQHandler
                0x080050f0                TIM2_IRQHandler
                0x080050f0                EXTI1_IRQHandler
                0x080050f0                USART2_IRQHandler
                0x080050f0                DFSDM1_FLT0_IRQHandler
                0x080050f0                I2C2_ER_IRQHandler
                0x080050f0                DMA1_Channel2_IRQHandler
                0x080050f0                TIM8_BRK_IRQHandler
                0x080050f0                CAN1_SCE_IRQHandler
                0x080050f0                FLASH_IRQHandler
                0x080050f0                USART1_IRQHandler
                0x080050f0                SPI3_IRQHandler
                0x080050f0                I2C1_ER_IRQHandler
                0x080050f0                FMC_IRQHandler
                0x080050f0                SWPMI1_IRQHandler
                0x080050f0                LPTIM1_IRQHandler
                0x080050f0                SAI1_IRQHandler
                0x080050f0                DMA2_Channel3_IRQHandler
                0x080050f0                TIM1_BRK_TIM15_IRQHandler
 .text.HAL_Init
                0x080050f2       0x30 ./Drivers/STM32L4xx_HAL_Driver/stm32l4xx_hal.o
                0x080050f2                HAL_Init
 *fill*         0x08005122        0x2 
 .text.HAL_InitTick
                0x08005124       0x78 ./Drivers/STM32L4xx_HAL_Driver/stm32l4xx_hal.o
                0x08005124                HAL_InitTick
 .text.HAL_IncTick
                0x0800519c       0x28 ./Drivers/STM32L4xx_HAL_Driver/stm32l4xx_hal.o
                0x0800519c                HAL_IncTick
 .text.HAL_GetTick
                0x080051c4       0x18 ./Drivers/STM32L4xx_HAL_Driver/stm32l4xx_hal.o
                0x080051c4                HAL_GetTick
 .text.HAL_Delay
                0x080051dc       0x48 ./Drivers/STM32L4xx_HAL_Driver/stm32l4xx_hal.o
                0x080051dc                HAL_Delay
 .text.__NVIC_SetPriorityGrouping
                0x08005224       0x48 ./Drivers/STM32L4xx_HAL_Driver/stm32l4xx_hal_cortex.o
 .text.__NVIC_GetPriorityGrouping
                0x0800526c       0x1c ./Drivers/STM32L4xx_HAL_Driver/stm32l4xx_hal_cortex.o
 .text.__NVIC_EnableIRQ
                0x08005288       0x3c ./Drivers/STM32L4xx_HAL_Driver/stm32l4xx_hal_cortex.o
 .text.__NVIC_SetPriority
                0x080052c4       0x54 ./Drivers/STM32L4xx_HAL_Driver/stm32l4xx_hal_cortex.o
 .text.NVIC_EncodePriority
                0x08005318       0x66 ./Drivers/STM32L4xx_HAL_Driver/stm32l4xx_hal_cortex.o
 *fill*         0x0800537e        0x2 
 .text.SysTick_Config
                0x08005380       0x44 ./Drivers/STM32L4xx_HAL_Driver/stm32l4xx_hal_cortex.o
 .text.HAL_NVIC_SetPriorityGrouping
                0x080053c4       0x16 ./Drivers/STM32L4xx_HAL_Driver/stm32l4xx_hal_cortex.o
                0x080053c4                HAL_NVIC_SetPriorityGrouping
 .text.HAL_NVIC_SetPriority
                0x080053da       0x38 ./Drivers/STM32L4xx_HAL_Driver/stm32l4xx_hal_cortex.o
                0x080053da                HAL_NVIC_SetPriority
 .text.HAL_NVIC_EnableIRQ
                0x08005412       0x1c ./Drivers/STM32L4xx_HAL_Driver/stm32l4xx_hal_cortex.o
                0x08005412                HAL_NVIC_EnableIRQ
 .text.HAL_SYSTICK_Config
                0x0800542e       0x18 ./Drivers/STM32L4xx_HAL_Driver/stm32l4xx_hal_cortex.o
                0x0800542e                HAL_SYSTICK_Config
 *fill*         0x08005446        0x2 
 .text.HAL_GPIO_Init
                0x08005448      0x354 ./Drivers/STM32L4xx_HAL_Driver/stm32l4xx_hal_gpio.o
                0x08005448                HAL_GPIO_Init
 .text.HAL_GPIO_DeInit
                0x0800579c      0x1e8 ./Drivers/STM32L4xx_HAL_Driver/stm32l4xx_hal_gpio.o
                0x0800579c                HAL_GPIO_DeInit
 .text.HAL_GPIO_WritePin
                0x08005984       0x30 ./Drivers/STM32L4xx_HAL_Driver/stm32l4xx_hal_gpio.o
                0x08005984                HAL_GPIO_WritePin
 .text.HAL_I2C_Init
                0x080059b4      0x136 ./Drivers/STM32L4xx_HAL_Driver/stm32l4xx_hal_i2c.o
                0x080059b4                HAL_I2C_Init
 .text.HAL_I2C_DeInit
                0x08005aea       0x5e ./Drivers/STM32L4xx_HAL_Driver/stm32l4xx_hal_i2c.o
                0x08005aea                HAL_I2C_DeInit
 .text.HAL_I2C_Master_Transmit
                0x08005b48      0x230 ./Drivers/STM32L4xx_HAL_Driver/stm32l4xx_hal_i2c.o
                0x08005b48                HAL_I2C_Master_Transmit
 .text.HAL_I2C_Master_Receive
                0x08005d78      0x1ec ./Drivers/STM32L4xx_HAL_Driver/stm32l4xx_hal_i2c.o
                0x08005d78                HAL_I2C_Master_Receive
 .text.HAL_I2C_Mem_Write
                0x08005f64      0x228 ./Drivers/STM32L4xx_HAL_Driver/stm32l4xx_hal_i2c.o
                0x08005f64                HAL_I2C_Mem_Write
 .text.HAL_I2C_Mem_Read
                0x0800618c      0x234 ./Drivers/STM32L4xx_HAL_Driver/stm32l4xx_hal_i2c.o
                0x0800618c                HAL_I2C_Mem_Read
 .text.HAL_I2C_IsDeviceReady
                0x080063c0      0x1e8 ./Drivers/STM32L4xx_HAL_Driver/stm32l4xx_hal_i2c.o
                0x080063c0                HAL_I2C_IsDeviceReady
 .text.I2C_RequestMemoryWrite
                0x080065a8       0xa8 ./Drivers/STM32L4xx_HAL_Driver/stm32l4xx_hal_i2c.o
 .text.I2C_RequestMemoryRead
                0x08006650       0xa8 ./Drivers/STM32L4xx_HAL_Driver/stm32l4xx_hal_i2c.o
 .text.I2C_Flush_TXDR
                0x080066f8       0x48 ./Drivers/STM32L4xx_HAL_Driver/stm32l4xx_hal_i2c.o
 .text.I2C_WaitOnFlagUntilTimeout
                0x08006740       0xb2 ./Drivers/STM32L4xx_HAL_Driver/stm32l4xx_hal_i2c.o
 .text.I2C_WaitOnTXISFlagUntilTimeout
                0x080067f2       0x8e ./Drivers/STM32L4xx_HAL_Driver/stm32l4xx_hal_i2c.o
 .text.I2C_WaitOnSTOPFlagUntilTimeout
                0x08006880       0x86 ./Drivers/STM32L4xx_HAL_Driver/stm32l4xx_hal_i2c.o
 *fill*         0x08006906        0x2 
 .text.I2C_WaitOnRXNEFlagUntilTimeout
                0x08006908      0x118 ./Drivers/STM32L4xx_HAL_Driver/stm32l4xx_hal_i2c.o
 .text.I2C_IsErrorOccurred
                0x08006a20      0x1c0 ./Drivers/STM32L4xx_HAL_Driver/stm32l4xx_hal_i2c.o
 .text.I2C_TransferConfig
                0x08006be0       0x64 ./Drivers/STM32L4xx_HAL_Driver/stm32l4xx_hal_i2c.o
 .text.HAL_I2CEx_ConfigAnalogFilter
                0x08006c44       0x96 ./Drivers/STM32L4xx_HAL_Driver/stm32l4xx_hal_i2c_ex.o
                0x08006c44                HAL_I2CEx_ConfigAnalogFilter
 .text.HAL_I2CEx_ConfigDigitalFilter
                0x08006cda       0x98 ./Drivers/STM32L4xx_HAL_Driver/stm32l4xx_hal_i2c_ex.o
                0x08006cda                HAL_I2CEx_ConfigDigitalFilter
 .text.HAL_PCD_Init
                0x08006d72      0x21e ./Drivers/STM32L4xx_HAL_Driver/stm32l4xx_hal_pcd.o
                0x08006d72                HAL_PCD_Init
 .text.HAL_PCD_Start
                0x08006f90       0x5e ./Drivers/STM32L4xx_HAL_Driver/stm32l4xx_hal_pcd.o
                0x08006f90                HAL_PCD_Start
 .text.HAL_PCD_IRQHandler
                0x08006fee      0x960 ./Drivers/STM32L4xx_HAL_Driver/stm32l4xx_hal_pcd.o
                0x08006fee                HAL_PCD_IRQHandler
 .text.HAL_PCD_SetAddress
                0x0800794e       0x48 ./Drivers/STM32L4xx_HAL_Driver/stm32l4xx_hal_pcd.o
                0x0800794e                HAL_PCD_SetAddress
 .text.HAL_PCD_EP_Open
                0x08007996       0xd4 ./Drivers/STM32L4xx_HAL_Driver/stm32l4xx_hal_pcd.o
                0x08007996                HAL_PCD_EP_Open
 .text.HAL_PCD_EP_Close
                0x08007a6a       0x94 ./Drivers/STM32L4xx_HAL_Driver/stm32l4xx_hal_pcd.o
                0x08007a6a                HAL_PCD_EP_Close
 .text.HAL_PCD_EP_Receive
                0x08007afe       0x64 ./Drivers/STM32L4xx_HAL_Driver/stm32l4xx_hal_pcd.o
                0x08007afe                HAL_PCD_EP_Receive
 .text.HAL_PCD_EP_GetRxCount
                0x08007b62       0x30 ./Drivers/STM32L4xx_HAL_Driver/stm32l4xx_hal_pcd.o
                0x08007b62                HAL_PCD_EP_GetRxCount
 .text.HAL_PCD_EP_Transmit
                0x08007b92       0x62 ./Drivers/STM32L4xx_HAL_Driver/stm32l4xx_hal_pcd.o
                0x08007b92                HAL_PCD_EP_Transmit
 .text.HAL_PCD_EP_SetStall
                0x08007bf4       0xc4 ./Drivers/STM32L4xx_HAL_Driver/stm32l4xx_hal_pcd.o
                0x08007bf4                HAL_PCD_EP_SetStall
 .text.HAL_PCD_EP_ClrStall
                0x08007cb8       0xac ./Drivers/STM32L4xx_HAL_Driver/stm32l4xx_hal_pcd.o
                0x08007cb8                HAL_PCD_EP_ClrStall
 .text.HAL_PCD_EP_Abort
                0x08007d64       0x62 ./Drivers/STM32L4xx_HAL_Driver/stm32l4xx_hal_pcd.o
                0x08007d64                HAL_PCD_EP_Abort
 .text.PCD_WriteEmptyTxFifo
                0x08007dc6      0x110 ./Drivers/STM32L4xx_HAL_Driver/stm32l4xx_hal_pcd.o
 *fill*         0x08007ed6        0x2 
 .text.PCD_EP_OutXfrComplete_int
                0x08007ed8       0x9c ./Drivers/STM32L4xx_HAL_Driver/stm32l4xx_hal_pcd.o
 .text.PCD_EP_OutSetupPacket_int
                0x08007f74       0x68 ./Drivers/STM32L4xx_HAL_Driver/stm32l4xx_hal_pcd.o
 .text.HAL_PCDEx_SetTxFiFo
                0x08007fdc       0x8e ./Drivers/STM32L4xx_HAL_Driver/stm32l4xx_hal_pcd_ex.o
                0x08007fdc                HAL_PCDEx_SetTxFiFo
 .text.HAL_PCDEx_SetRxFiFo
                0x0800806a       0x22 ./Drivers/STM32L4xx_HAL_Driver/stm32l4xx_hal_pcd_ex.o
                0x0800806a                HAL_PCDEx_SetRxFiFo
 .text.HAL_PCDEx_ActivateLPM
                0x0800808c       0x48 ./Drivers/STM32L4xx_HAL_Driver/stm32l4xx_hal_pcd_ex.o
                0x0800808c                HAL_PCDEx_ActivateLPM
 .text.HAL_PWR_EnableBkUpAccess
                0x080080d4       0x20 ./Drivers/STM32L4xx_HAL_Driver/stm32l4xx_hal_pwr.o
                0x080080d4                HAL_PWR_EnableBkUpAccess
 .text.HAL_PWREx_GetVoltageRange
                0x080080f4       0x1c ./Drivers/STM32L4xx_HAL_Driver/stm32l4xx_hal_pwr_ex.o
                0x080080f4                HAL_PWREx_GetVoltageRange
 .text.HAL_PWREx_ControlVoltageScaling
                0x08008110       0xac ./Drivers/STM32L4xx_HAL_Driver/stm32l4xx_hal_pwr_ex.o
                0x08008110                HAL_PWREx_ControlVoltageScaling
 .text.HAL_PWREx_EnableVddUSB
                0x080081bc       0x20 ./Drivers/STM32L4xx_HAL_Driver/stm32l4xx_hal_pwr_ex.o
                0x080081bc                HAL_PWREx_EnableVddUSB
 .text.HAL_RCC_OscConfig
                0x080081dc      0x7b8 ./Drivers/STM32L4xx_HAL_Driver/stm32l4xx_hal_rcc.o
                0x080081dc                HAL_RCC_OscConfig
 .text.HAL_RCC_ClockConfig
                0x08008994      0x200 ./Drivers/STM32L4xx_HAL_Driver/stm32l4xx_hal_rcc.o
                0x08008994                HAL_RCC_ClockConfig
 .text.HAL_RCC_GetSysClockFreq
                0x08008b94      0x118 ./Drivers/STM32L4xx_HAL_Driver/stm32l4xx_hal_rcc.o
                0x08008b94                HAL_RCC_GetSysClockFreq
 .text.HAL_RCC_GetHCLKFreq
                0x08008cac       0x18 ./Drivers/STM32L4xx_HAL_Driver/stm32l4xx_hal_rcc.o
                0x08008cac                HAL_RCC_GetHCLKFreq
 .text.HAL_RCC_GetPCLK1Freq
                0x08008cc4       0x2c ./Drivers/STM32L4xx_HAL_Driver/stm32l4xx_hal_rcc.o
                0x08008cc4                HAL_RCC_GetPCLK1Freq
 .text.HAL_RCC_GetPCLK2Freq
                0x08008cf0       0x2c ./Drivers/STM32L4xx_HAL_Driver/stm32l4xx_hal_rcc.o
                0x08008cf0                HAL_RCC_GetPCLK2Freq
 .text.RCC_SetFlashLatencyFromMSIRange
                0x08008d1c       0xc0 ./Drivers/STM32L4xx_HAL_Driver/stm32l4xx_hal_rcc.o
 .text.HAL_RCCEx_PeriphCLKConfig
                0x08008ddc      0x5d4 ./Drivers/STM32L4xx_HAL_Driver/stm32l4xx_hal_rcc_ex.o
                0x08008ddc                HAL_RCCEx_PeriphCLKConfig
 .text.HAL_RCCEx_EnableMSIPLLMode
                0x080093b0       0x20 ./Drivers/STM32L4xx_HAL_Driver/stm32l4xx_hal_rcc_ex.o
                0x080093b0                HAL_RCCEx_EnableMSIPLLMode
 .text.RCCEx_PLLSAI1_Config
                0x080093d0      0x1e8 ./Drivers/STM32L4xx_HAL_Driver/stm32l4xx_hal_rcc_ex.o
 .text.RCCEx_PLLSAI2_Config
                0x080095b8      0x1bc ./Drivers/STM32L4xx_HAL_Driver/stm32l4xx_hal_rcc_ex.o
 .text.HAL_UART_Init
                0x08009774       0x9c ./Drivers/STM32L4xx_HAL_Driver/stm32l4xx_hal_uart.o
                0x08009774                HAL_UART_Init
 .text.HAL_UART_Transmit
                0x08009810      0x126 ./Drivers/STM32L4xx_HAL_Driver/stm32l4xx_hal_uart.o
                0x08009810                HAL_UART_Transmit
 *fill*         0x08009936        0x2 
 .text.UART_SetConfig
                0x08009938      0x570 ./Drivers/STM32L4xx_HAL_Driver/stm32l4xx_hal_uart.o
                0x08009938                UART_SetConfig
 .text.UART_AdvFeatureConfig
                0x08009ea8      0x144 ./Drivers/STM32L4xx_HAL_Driver/stm32l4xx_hal_uart.o
                0x08009ea8                UART_AdvFeatureConfig
 .text.UART_CheckIdleState
                0x08009fec      0x150 ./Drivers/STM32L4xx_HAL_Driver/stm32l4xx_hal_uart.o
                0x08009fec                UART_CheckIdleState
 .text.UART_WaitOnFlagUntilTimeout
                0x0800a13c       0xda ./Drivers/STM32L4xx_HAL_Driver/stm32l4xx_hal_uart.o
                0x0800a13c                UART_WaitOnFlagUntilTimeout
 .text.UART_EndRxTransfer
                0x0800a216       0xc8 ./Drivers/STM32L4xx_HAL_Driver/stm32l4xx_hal_uart.o
 .text.USB_CoreInit
                0x0800a2de       0x5a ./Drivers/STM32L4xx_HAL_Driver/stm32l4xx_ll_usb.o
                0x0800a2de                USB_CoreInit
 .text.USB_SetTurnaroundTime
                0x0800a338      0x138 ./Drivers/STM32L4xx_HAL_Driver/stm32l4xx_ll_usb.o
                0x0800a338                USB_SetTurnaroundTime
 .text.USB_EnableGlobalInt
                0x0800a470       0x22 ./Drivers/STM32L4xx_HAL_Driver/stm32l4xx_ll_usb.o
                0x0800a470                USB_EnableGlobalInt
 .text.USB_DisableGlobalInt
                0x0800a492       0x22 ./Drivers/STM32L4xx_HAL_Driver/stm32l4xx_ll_usb.o
                0x0800a492                USB_DisableGlobalInt
 .text.USB_SetCurrentMode
                0x0800a4b4       0x98 ./Drivers/STM32L4xx_HAL_Driver/stm32l4xx_ll_usb.o
                0x0800a4b4                USB_SetCurrentMode
 .text.USB_DevInit
                0x0800a54c      0x290 ./Drivers/STM32L4xx_HAL_Driver/stm32l4xx_ll_usb.o
                0x0800a54c                USB_DevInit
 .text.USB_FlushTxFifo
                0x0800a7dc       0x64 ./Drivers/STM32L4xx_HAL_Driver/stm32l4xx_ll_usb.o
                0x0800a7dc                USB_FlushTxFifo
 .text.USB_FlushRxFifo
                0x0800a840       0x5c ./Drivers/STM32L4xx_HAL_Driver/stm32l4xx_ll_usb.o
                0x0800a840                USB_FlushRxFifo
 .text.USB_SetDevSpeed
                0x0800a89c       0x32 ./Drivers/STM32L4xx_HAL_Driver/stm32l4xx_ll_usb.o
                0x0800a89c                USB_SetDevSpeed
 .text.USB_GetDevSpeed
                0x0800a8ce       0x3e ./Drivers/STM32L4xx_HAL_Driver/stm32l4xx_ll_usb.o
                0x0800a8ce                USB_GetDevSpeed
 .text.USB_ActivateEndpoint
                0x0800a90c      0x10e ./Drivers/STM32L4xx_HAL_Driver/stm32l4xx_ll_usb.o
                0x0800a90c                USB_ActivateEndpoint
 *fill*         0x0800aa1a        0x2 
 .text.USB_DeactivateEndpoint
                0x0800aa1c      0x1b8 ./Drivers/STM32L4xx_HAL_Driver/stm32l4xx_ll_usb.o
                0x0800aa1c                USB_DeactivateEndpoint
 .text.USB_EPStartXfer
                0x0800abd4      0x470 ./Drivers/STM32L4xx_HAL_Driver/stm32l4xx_ll_usb.o
                0x0800abd4                USB_EPStartXfer
 .text.USB_EPStopXfer
                0x0800b044      0x1fa ./Drivers/STM32L4xx_HAL_Driver/stm32l4xx_ll_usb.o
                0x0800b044                USB_EPStopXfer
 .text.USB_EPSetStall
                0x0800b23e       0xdc ./Drivers/STM32L4xx_HAL_Driver/stm32l4xx_ll_usb.o
                0x0800b23e                USB_EPSetStall
 .text.USB_EPClearStall
                0x0800b31a       0xcc ./Drivers/STM32L4xx_HAL_Driver/stm32l4xx_ll_usb.o
                0x0800b31a                USB_EPClearStall
 .text.USB_WritePacket
                0x0800b3e6       0x74 ./Drivers/STM32L4xx_HAL_Driver/stm32l4xx_ll_usb.o
                0x0800b3e6                USB_WritePacket
 .text.USB_ReadPacket
                0x0800b45a       0xb0 ./Drivers/STM32L4xx_HAL_Driver/stm32l4xx_ll_usb.o
                0x0800b45a                USB_ReadPacket
 .text.USB_SetDevAddress
                0x0800b50a       0x4c ./Drivers/STM32L4xx_HAL_Driver/stm32l4xx_ll_usb.o
                0x0800b50a                USB_SetDevAddress
 .text.USB_DevConnect
                0x0800b556       0x42 ./Drivers/STM32L4xx_HAL_Driver/stm32l4xx_ll_usb.o
                0x0800b556                USB_DevConnect
 .text.USB_DevDisconnect
                0x0800b598       0x42 ./Drivers/STM32L4xx_HAL_Driver/stm32l4xx_ll_usb.o
                0x0800b598                USB_DevDisconnect
 .text.USB_ReadInterrupts
                0x0800b5da       0x26 ./Drivers/STM32L4xx_HAL_Driver/stm32l4xx_ll_usb.o
                0x0800b5da                USB_ReadInterrupts
 .text.USB_ReadDevAllOutEpInterrupt
                0x0800b600       0x34 ./Drivers/STM32L4xx_HAL_Driver/stm32l4xx_ll_usb.o
                0x0800b600                USB_ReadDevAllOutEpInterrupt
 .text.USB_ReadDevAllInEpInterrupt
                0x0800b634       0x34 ./Drivers/STM32L4xx_HAL_Driver/stm32l4xx_ll_usb.o
                0x0800b634                USB_ReadDevAllInEpInterrupt
 .text.USB_ReadDevOutEPInterrupt
                0x0800b668       0x3c ./Drivers/STM32L4xx_HAL_Driver/stm32l4xx_ll_usb.o
                0x0800b668                USB_ReadDevOutEPInterrupt
 .text.USB_ReadDevInEPInterrupt
                0x0800b6a4       0x5c ./Drivers/STM32L4xx_HAL_Driver/stm32l4xx_ll_usb.o
                0x0800b6a4                USB_ReadDevInEPInterrupt
 .text.USB_GetMode
                0x0800b700       0x1c ./Drivers/STM32L4xx_HAL_Driver/stm32l4xx_ll_usb.o
                0x0800b700                USB_GetMode
 .text.USB_ActivateSetup
                0x0800b71c       0x46 ./Drivers/STM32L4xx_HAL_Driver/stm32l4xx_ll_usb.o
                0x0800b71c                USB_ActivateSetup
 *fill*         0x0800b762        0x2 
 .text.USB_EP0_OutStart
                0x0800b764       0x90 ./Drivers/STM32L4xx_HAL_Driver/stm32l4xx_ll_usb.o
                0x0800b764                USB_EP0_OutStart
 .text.USB_CoreReset
                0x0800b7f4       0x70 ./Drivers/STM32L4xx_HAL_Driver/stm32l4xx_ll_usb.o
 .text.USBD_CDC_Init
                0x0800b864      0x1f0 ./Middlewares/USB_Device_Library/usbd_cdc.o
 .text.USBD_CDC_DeInit
                0x0800ba54      0x104 ./Middlewares/USB_Device_Library/usbd_cdc.o
 .text.USBD_CDC_Setup
                0x0800bb58      0x1b8 ./Middlewares/USB_Device_Library/usbd_cdc.o
 .text.USBD_CDC_DataIn
                0x0800bd10       0xfe ./Middlewares/USB_Device_Library/usbd_cdc.o
 .text.USBD_CDC_DataOut
                0x0800be0e       0x70 ./Middlewares/USB_Device_Library/usbd_cdc.o
 .text.USBD_CDC_EP0_RxReady
                0x0800be7e       0x74 ./Middlewares/USB_Device_Library/usbd_cdc.o
 *fill*         0x0800bef2        0x2 
 .text.USBD_CDC_GetFSCfgDesc
                0x0800bef4       0x70 ./Middlewares/USB_Device_Library/usbd_cdc.o
 .text.USBD_CDC_GetHSCfgDesc
                0x0800bf64       0x70 ./Middlewares/USB_Device_Library/usbd_cdc.o
 .text.USBD_CDC_GetOtherSpeedCfgDesc
                0x0800bfd4       0x70 ./Middlewares/USB_Device_Library/usbd_cdc.o
 .text.USBD_CDC_GetDeviceQualifierDescriptor
                0x0800c044       0x20 ./Middlewares/USB_Device_Library/usbd_cdc.o
                0x0800c044                USBD_CDC_GetDeviceQualifierDescriptor
 .text.USBD_CDC_RegisterInterface
                0x0800c064       0x34 ./Middlewares/USB_Device_Library/usbd_cdc.o
                0x0800c064                USBD_CDC_RegisterInterface
 .text.USBD_CDC_SetTxBuffer
                0x0800c098       0x44 ./Middlewares/USB_Device_Library/usbd_cdc.o
                0x0800c098                USBD_CDC_SetTxBuffer
 .text.USBD_CDC_SetRxBuffer
                0x0800c0dc       0x3a ./Middlewares/USB_Device_Library/usbd_cdc.o
                0x0800c0dc                USBD_CDC_SetRxBuffer
 *fill*         0x0800c116        0x2 
 .text.USBD_CDC_ReceivePacket
                0x0800c118       0x6c ./Middlewares/USB_Device_Library/usbd_cdc.o
                0x0800c118                USBD_CDC_ReceivePacket
 .text.USBD_Init
                0x0800c184       0x60 ./Middlewares/USB_Device_Library/usbd_core.o
                0x0800c184                USBD_Init
 .text.USBD_RegisterClass
                0x0800c1e4       0x6c ./Middlewares/USB_Device_Library/usbd_core.o
                0x0800c1e4                USBD_RegisterClass
 .text.USBD_Start
                0x0800c250       0x18 ./Middlewares/USB_Device_Library/usbd_core.o
                0x0800c250                USBD_Start
 .text.USBD_RunTestMode
                0x0800c268       0x16 ./Middlewares/USB_Device_Library/usbd_core.o
                0x0800c268                USBD_RunTestMode
 .text.USBD_SetClassConfig
                0x0800c27e       0x38 ./Middlewares/USB_Device_Library/usbd_core.o
                0x0800c27e                USBD_SetClassConfig
 .text.USBD_ClrClassConfig
                0x0800c2b6       0x34 ./Middlewares/USB_Device_Library/usbd_core.o
                0x0800c2b6                USBD_ClrClassConfig
 .text.USBD_LL_SetupStage
                0x0800c2ea       0xaa ./Middlewares/USB_Device_Library/usbd_core.o
                0x0800c2ea                USBD_LL_SetupStage
 .text.USBD_LL_DataOutStage
                0x0800c394      0x178 ./Middlewares/USB_Device_Library/usbd_core.o
                0x0800c394                USBD_LL_DataOutStage
 .text.USBD_LL_DataInStage
                0x0800c50c      0x176 ./Middlewares/USB_Device_Library/usbd_core.o
                0x0800c50c                USBD_LL_DataInStage
 .text.USBD_LL_Reset
                0x0800c682       0xa6 ./Middlewares/USB_Device_Library/usbd_core.o
                0x0800c682                USBD_LL_Reset
 .text.USBD_LL_SetSpeed
                0x0800c728       0x20 ./Middlewares/USB_Device_Library/usbd_core.o
                0x0800c728                USBD_LL_SetSpeed
 .text.USBD_LL_Suspend
                0x0800c748       0x38 ./Middlewares/USB_Device_Library/usbd_core.o
                0x0800c748                USBD_LL_Suspend
 .text.USBD_LL_Resume
                0x0800c780       0x30 ./Middlewares/USB_Device_Library/usbd_core.o
                0x0800c780                USBD_LL_Resume
 .text.USBD_LL_SOF
                0x0800c7b0       0x40 ./Middlewares/USB_Device_Library/usbd_core.o
                0x0800c7b0                USBD_LL_SOF
 .text.USBD_LL_IsoINIncomplete
                0x0800c7f0       0x64 ./Middlewares/USB_Device_Library/usbd_core.o
                0x0800c7f0                USBD_LL_IsoINIncomplete
 .text.USBD_LL_IsoOUTIncomplete
                0x0800c854       0x64 ./Middlewares/USB_Device_Library/usbd_core.o
                0x0800c854                USBD_LL_IsoOUTIncomplete
 .text.USBD_LL_DevConnected
                0x0800c8b8       0x16 ./Middlewares/USB_Device_Library/usbd_core.o
                0x0800c8b8                USBD_LL_DevConnected
 .text.USBD_LL_DevDisconnected
                0x0800c8ce       0x46 ./Middlewares/USB_Device_Library/usbd_core.o
                0x0800c8ce                USBD_LL_DevDisconnected
 .text.USBD_CoreFindIF
                0x0800c914       0x1a ./Middlewares/USB_Device_Library/usbd_core.o
                0x0800c914                USBD_CoreFindIF
 .text.USBD_CoreFindEP
                0x0800c92e       0x1a ./Middlewares/USB_Device_Library/usbd_core.o
                0x0800c92e                USBD_CoreFindEP
 .text.USBD_GetEpDesc
                0x0800c948       0x70 ./Middlewares/USB_Device_Library/usbd_core.o
                0x0800c948                USBD_GetEpDesc
 .text.USBD_GetNextDesc
                0x0800c9b8       0x38 ./Middlewares/USB_Device_Library/usbd_core.o
                0x0800c9b8                USBD_GetNextDesc
 .text.SWAPBYTE
                0x0800c9f0       0x3e ./Middlewares/USB_Device_Library/usbd_ctlreq.o
 *fill*         0x0800ca2e        0x2 
 .text.USBD_StdDevReq
                0x0800ca30       0xe4 ./Middlewares/USB_Device_Library/usbd_ctlreq.o
                0x0800ca30                USBD_StdDevReq
 .text.USBD_StdItfReq
                0x0800cb14       0xd8 ./Middlewares/USB_Device_Library/usbd_ctlreq.o
                0x0800cb14                USBD_StdItfReq
 .text.USBD_StdEPReq
                0x0800cbec      0x33e ./Middlewares/USB_Device_Library/usbd_ctlreq.o
                0x0800cbec                USBD_StdEPReq
 *fill*         0x0800cf2a        0x2 
 .text.USBD_GetDescriptor
                0x0800cf2c      0x328 ./Middlewares/USB_Device_Library/usbd_ctlreq.o
 .text.USBD_SetAddress
                0x0800d254       0x88 ./Middlewares/USB_Device_Library/usbd_ctlreq.o
 .text.USBD_SetConfig
                0x0800d2dc      0x154 ./Middlewares/USB_Device_Library/usbd_ctlreq.o
 .text.USBD_GetConfig
                0x0800d430       0x6c ./Middlewares/USB_Device_Library/usbd_ctlreq.o
 .text.USBD_GetStatus
                0x0800d49c       0x68 ./Middlewares/USB_Device_Library/usbd_ctlreq.o
 .text.USBD_SetFeature
                0x0800d504       0x52 ./Middlewares/USB_Device_Library/usbd_ctlreq.o
 .text.USBD_ClrFeature
                0x0800d556       0x44 ./Middlewares/USB_Device_Library/usbd_ctlreq.o
 .text.USBD_ParseSetupRequest
                0x0800d59a       0x74 ./Middlewares/USB_Device_Library/usbd_ctlreq.o
                0x0800d59a                USBD_ParseSetupRequest
 .text.USBD_CtlError
                0x0800d60e       0x22 ./Middlewares/USB_Device_Library/usbd_ctlreq.o
                0x0800d60e                USBD_CtlError
 .text.USBD_GetString
                0x0800d630       0xa4 ./Middlewares/USB_Device_Library/usbd_ctlreq.o
                0x0800d630                USBD_GetString
 .text.USBD_GetLen
                0x0800d6d4       0x34 ./Middlewares/USB_Device_Library/usbd_ctlreq.o
 .text.USBD_CtlSendData
                0x0800d708       0x3c ./Middlewares/USB_Device_Library/usbd_ioreq.o
                0x0800d708                USBD_CtlSendData
 .text.USBD_CtlContinueSendData
                0x0800d744       0x22 ./Middlewares/USB_Device_Library/usbd_ioreq.o
                0x0800d744                USBD_CtlContinueSendData
 .text.USBD_CtlPrepareRx
                0x0800d766       0x42 ./Middlewares/USB_Device_Library/usbd_ioreq.o
                0x0800d766                USBD_CtlPrepareRx
 .text.USBD_CtlContinueRx
                0x0800d7a8       0x22 ./Middlewares/USB_Device_Library/usbd_ioreq.o
                0x0800d7a8                USBD_CtlContinueRx
 .text.USBD_CtlSendStatus
                0x0800d7ca       0x26 ./Middlewares/USB_Device_Library/usbd_ioreq.o
                0x0800d7ca                USBD_CtlSendStatus
 .text.USBD_CtlReceiveStatus
                0x0800d7f0       0x26 ./Middlewares/USB_Device_Library/usbd_ioreq.o
                0x0800d7f0                USBD_CtlReceiveStatus
 *fill*         0x0800d816        0x2 
 .text.MX_USB_DEVICE_Init
                0x0800d818       0x60 ./USB_DEVICE/App/usb_device.o
                0x0800d818                MX_USB_DEVICE_Init
 .text.CDC_Init_FS
                0x0800d878       0x28 ./USB_DEVICE/App/usbd_cdc_if.o
 .text.CDC_DeInit_FS
                0x0800d8a0       0x10 ./USB_DEVICE/App/usbd_cdc_if.o
 .text.CDC_Control_FS
                0x0800d8b0       0xbc ./USB_DEVICE/App/usbd_cdc_if.o
 .text.CDC_Receive_FS
                0x0800d96c       0x28 ./USB_DEVICE/App/usbd_cdc_if.o
 .text.CDC_TransmitCplt_FS
                0x0800d994       0x22 ./USB_DEVICE/App/usbd_cdc_if.o
 *fill*         0x0800d9b6        0x2 
 .text.USBD_FS_DeviceDescriptor
                0x0800d9b8       0x24 ./USB_DEVICE/App/usbd_desc.o
                0x0800d9b8                USBD_FS_DeviceDescriptor
 .text.USBD_FS_LangIDStrDescriptor
                0x0800d9dc       0x24 ./USB_DEVICE/App/usbd_desc.o
                0x0800d9dc                USBD_FS_LangIDStrDescriptor
 .text.USBD_FS_ProductStrDescriptor
                0x0800da00       0x3c ./USB_DEVICE/App/usbd_desc.o
                0x0800da00                USBD_FS_ProductStrDescriptor
 .text.USBD_FS_ManufacturerStrDescriptor
                0x0800da3c       0x28 ./USB_DEVICE/App/usbd_desc.o
                0x0800da3c                USBD_FS_ManufacturerStrDescriptor
 .text.USBD_FS_SerialStrDescriptor
                0x0800da64       0x24 ./USB_DEVICE/App/usbd_desc.o
                0x0800da64                USBD_FS_SerialStrDescriptor
 .text.USBD_FS_ConfigStrDescriptor
                0x0800da88       0x3c ./USB_DEVICE/App/usbd_desc.o
                0x0800da88                USBD_FS_ConfigStrDescriptor
 .text.USBD_FS_InterfaceStrDescriptor
                0x0800dac4       0x3c ./USB_DEVICE/App/usbd_desc.o
                0x0800dac4                USBD_FS_InterfaceStrDescriptor
 .text.USBD_FS_USR_BOSDescriptor
                0x0800db00       0x24 ./USB_DEVICE/App/usbd_desc.o
                0x0800db00                USBD_FS_USR_BOSDescriptor
 .text.Get_SerialNum
                0x0800db24       0x58 ./USB_DEVICE/App/usbd_desc.o
 .text.IntToUnicode
                0x0800db7c       0x7e ./USB_DEVICE/App/usbd_desc.o
 *fill*         0x0800dbfa        0x2 
 .text.HAL_PCD_MspInit
                0x0800dbfc      0x124 ./USB_DEVICE/Target/usbd_conf.o
                0x0800dbfc                HAL_PCD_MspInit
 .text.HAL_PCD_SetupStageCallback
                0x0800dd20       0x24 ./USB_DEVICE/Target/usbd_conf.o
                0x0800dd20                HAL_PCD_SetupStageCallback
 .text.HAL_PCD_DataOutStageCallback
                0x0800dd44       0x36 ./USB_DEVICE/Target/usbd_conf.o
                0x0800dd44                HAL_PCD_DataOutStageCallback
 .text.HAL_PCD_DataInStageCallback
                0x0800dd7a       0x34 ./USB_DEVICE/Target/usbd_conf.o
                0x0800dd7a                HAL_PCD_DataInStageCallback
 .text.HAL_PCD_SOFCallback
                0x0800ddae       0x1c ./USB_DEVICE/Target/usbd_conf.o
                0x0800ddae                HAL_PCD_SOFCallback
 .text.HAL_PCD_ResetCallback
                0x0800ddca       0x3c ./USB_DEVICE/Target/usbd_conf.o
                0x0800ddca                HAL_PCD_ResetCallback
 *fill*         0x0800de06        0x2 
 .text.HAL_PCD_SuspendCallback
                0x0800de08       0x4c ./USB_DEVICE/Target/usbd_conf.o
                0x0800de08                HAL_PCD_SuspendCallback
 .text.HAL_PCD_ResumeCallback
                0x0800de54       0x50 ./USB_DEVICE/Target/usbd_conf.o
                0x0800de54                HAL_PCD_ResumeCallback
 .text.HAL_PCD_ISOOUTIncompleteCallback
                0x0800dea4       0x24 ./USB_DEVICE/Target/usbd_conf.o
                0x0800dea4                HAL_PCD_ISOOUTIncompleteCallback
 .text.HAL_PCD_ISOINIncompleteCallback
                0x0800dec8       0x24 ./USB_DEVICE/Target/usbd_conf.o
                0x0800dec8                HAL_PCD_ISOINIncompleteCallback
 .text.HAL_PCD_ConnectCallback
                0x0800deec       0x1c ./USB_DEVICE/Target/usbd_conf.o
                0x0800deec                HAL_PCD_ConnectCallback
 .text.HAL_PCD_DisconnectCallback
                0x0800df08       0x1c ./USB_DEVICE/Target/usbd_conf.o
                0x0800df08                HAL_PCD_DisconnectCallback
 .text.USBD_LL_Init
                0x0800df24       0x98 ./USB_DEVICE/Target/usbd_conf.o
                0x0800df24                USBD_LL_Init
 .text.USBD_LL_Start
                0x0800dfbc       0x64 ./USB_DEVICE/Target/usbd_conf.o
                0x0800dfbc                USBD_LL_Start
 .text.USBD_LL_OpenEP
                0x0800e020       0x7c ./USB_DEVICE/Target/usbd_conf.o
                0x0800e020                USBD_LL_OpenEP
 .text.USBD_LL_CloseEP
                0x0800e09c       0x6c ./USB_DEVICE/Target/usbd_conf.o
                0x0800e09c                USBD_LL_CloseEP
 .text.USBD_LL_StallEP
                0x0800e108       0x6c ./USB_DEVICE/Target/usbd_conf.o
                0x0800e108                USBD_LL_StallEP
 .text.USBD_LL_ClearStallEP
                0x0800e174       0x6c ./USB_DEVICE/Target/usbd_conf.o
                0x0800e174                USBD_LL_ClearStallEP
 .text.USBD_LL_IsStallEP
                0x0800e1e0       0x58 ./USB_DEVICE/Target/usbd_conf.o
                0x0800e1e0                USBD_LL_IsStallEP
 .text.USBD_LL_SetUSBAddress
                0x0800e238       0x6c ./USB_DEVICE/Target/usbd_conf.o
                0x0800e238                USBD_LL_SetUSBAddress
 .text.USBD_LL_Transmit
                0x0800e2a4       0x70 ./USB_DEVICE/Target/usbd_conf.o
                0x0800e2a4                USBD_LL_Transmit
 .text.USBD_LL_PrepareReceive
                0x0800e314       0x70 ./USB_DEVICE/Target/usbd_conf.o
                0x0800e314                USBD_LL_PrepareReceive
 .text.USBD_LL_GetRxDataSize
                0x0800e384       0x26 ./USB_DEVICE/Target/usbd_conf.o
                0x0800e384                USBD_LL_GetRxDataSize
 *fill*         0x0800e3aa        0x2 
 .text.HAL_PCDEx_LPM_Callback
                0x0800e3ac       0x9c ./USB_DEVICE/Target/usbd_conf.o
                0x0800e3ac                HAL_PCDEx_LPM_Callback
 .text.USBD_static_malloc
                0x0800e448       0x1c ./USB_DEVICE/Target/usbd_conf.o
                0x0800e448                USBD_static_malloc
 .text.USBD_static_free
                0x0800e464       0x14 ./USB_DEVICE/Target/usbd_conf.o
                0x0800e464                USBD_static_free
 .text.SystemClockConfig_Resume
                0x0800e478        0xc ./USB_DEVICE/Target/usbd_conf.o
 .text.atof     0x0800e484        0x6 C:/ST/STM32CubeIDE_2.1.1/STM32CubeIDE/plugins/com.st.stm32cube.ide.mcu.externaltools.gnu-tools-for-stm32.14.3.rel1.win32_1.0.100.202602081740/tools/bin/../lib/gcc/arm-none-eabi/14.3.1/../../../../arm-none-eabi/lib/thumb/v7e-m+fp/hard\libc_nano.a(libc_a-atof.o)
                0x0800e484                atof
 .text.atoi     0x0800e48a        0x8 C:/ST/STM32CubeIDE_2.1.1/STM32CubeIDE/plugins/com.st.stm32cube.ide.mcu.externaltools.gnu-tools-for-stm32.14.3.rel1.win32_1.0.100.202602081740/tools/bin/../lib/gcc/arm-none-eabi/14.3.1/../../../../arm-none-eabi/lib/thumb/v7e-m+fp/hard\libc_nano.a(libc_a-atoi.o)
                0x0800e48a                atoi
 .text.sulp     0x0800e492       0x3c C:/ST/STM32CubeIDE_2.1.1/STM32CubeIDE/plugins/com.st.stm32cube.ide.mcu.externaltools.gnu-tools-for-stm32.14.3.rel1.win32_1.0.100.202602081740/tools/bin/../lib/gcc/arm-none-eabi/14.3.1/../../../../arm-none-eabi/lib/thumb/v7e-m+fp/hard\libc_nano.a(libc_a-strtod.o)
 *fill*         0x0800e4ce        0x2 
 .text._strtod_l
                0x0800e4d0      0xbb8 C:/ST/STM32CubeIDE_2.1.1/STM32CubeIDE/plugins/com.st.stm32cube.ide.mcu.externaltools.gnu-tools-for-stm32.14.3.rel1.win32_1.0.100.202602081740/tools/bin/../lib/gcc/arm-none-eabi/14.3.1/../../../../arm-none-eabi/lib/thumb/v7e-m+fp/hard\libc_nano.a(libc_a-strtod.o)
                0x0800e4d0                _strtod_l
 .text.strtod   0x0800f088       0x18 C:/ST/STM32CubeIDE_2.1.1/STM32CubeIDE/plugins/com.st.stm32cube.ide.mcu.externaltools.gnu-tools-for-stm32.14.3.rel1.win32_1.0.100.202602081740/tools/bin/../lib/gcc/arm-none-eabi/14.3.1/../../../../arm-none-eabi/lib/thumb/v7e-m+fp/hard\libc_nano.a(libc_a-strtod.o)
                0x0800f088                strtod
 .text._strtol_l.isra.0
                0x0800f0a0       0xf4 C:/ST/STM32CubeIDE_2.1.1/STM32CubeIDE/plugins/com.st.stm32cube.ide.mcu.externaltools.gnu-tools-for-stm32.14.3.rel1.win32_1.0.100.202602081740/tools/bin/../lib/gcc/arm-none-eabi/14.3.1/../../../../arm-none-eabi/lib/thumb/v7e-m+fp/hard\libc_nano.a(libc_a-strtol.o)
 .text.strtol   0x0800f194       0x14 C:/ST/STM32CubeIDE_2.1.1/STM32CubeIDE/plugins/com.st.stm32cube.ide.mcu.externaltools.gnu-tools-for-stm32.14.3.rel1.win32_1.0.100.202602081740/tools/bin/../lib/gcc/arm-none-eabi/14.3.1/../../../../arm-none-eabi/lib/thumb/v7e-m+fp/hard\libc_nano.a(libc_a-strtol.o)
                0x0800f194                strtol
 .text.std      0x0800f1a8       0x6c C:/ST/STM32CubeIDE_2.1.1/STM32CubeIDE/plugins/com.st.stm32cube.ide.mcu.externaltools.gnu-tools-for-stm32.14.3.rel1.win32_1.0.100.202602081740/tools/bin/../lib/gcc/arm-none-eabi/14.3.1/../../../../arm-none-eabi/lib/thumb/v7e-m+fp/hard\libc_nano.a(libc_a-findfp.o)
 .text.stdio_exit_handler
                0x0800f214       0x18 C:/ST/STM32CubeIDE_2.1.1/STM32CubeIDE/plugins/com.st.stm32cube.ide.mcu.externaltools.gnu-tools-for-stm32.14.3.rel1.win32_1.0.100.202602081740/tools/bin/../lib/gcc/arm-none-eabi/14.3.1/../../../../arm-none-eabi/lib/thumb/v7e-m+fp/hard\libc_nano.a(libc_a-findfp.o)
 .text.cleanup_stdio
                0x0800f22c       0x40 C:/ST/STM32CubeIDE_2.1.1/STM32CubeIDE/plugins/com.st.stm32cube.ide.mcu.externaltools.gnu-tools-for-stm32.14.3.rel1.win32_1.0.100.202602081740/tools/bin/../lib/gcc/arm-none-eabi/14.3.1/../../../../arm-none-eabi/lib/thumb/v7e-m+fp/hard\libc_nano.a(libc_a-findfp.o)
 .text.global_stdio_init.part.0
                0x0800f26c       0x40 C:/ST/STM32CubeIDE_2.1.1/STM32CubeIDE/plugins/com.st.stm32cube.ide.mcu.externaltools.gnu-tools-for-stm32.14.3.rel1.win32_1.0.100.202602081740/tools/bin/../lib/gcc/arm-none-eabi/14.3.1/../../../../arm-none-eabi/lib/thumb/v7e-m+fp/hard\libc_nano.a(libc_a-findfp.o)
 .text.__sfp_lock_acquire
                0x0800f2ac        0xc C:/ST/STM32CubeIDE_2.1.1/STM32CubeIDE/plugins/com.st.stm32cube.ide.mcu.externaltools.gnu-tools-for-stm32.14.3.rel1.win32_1.0.100.202602081740/tools/bin/../lib/gcc/arm-none-eabi/14.3.1/../../../../arm-none-eabi/lib/thumb/v7e-m+fp/hard\libc_nano.a(libc_a-findfp.o)
                0x0800f2ac                __sfp_lock_acquire
 .text.__sfp_lock_release
                0x0800f2b8        0xc C:/ST/STM32CubeIDE_2.1.1/STM32CubeIDE/plugins/com.st.stm32cube.ide.mcu.externaltools.gnu-tools-for-stm32.14.3.rel1.win32_1.0.100.202602081740/tools/bin/../lib/gcc/arm-none-eabi/14.3.1/../../../../arm-none-eabi/lib/thumb/v7e-m+fp/hard\libc_nano.a(libc_a-findfp.o)
                0x0800f2b8                __sfp_lock_release
 .text.__sinit  0x0800f2c4       0x30 C:/ST/STM32CubeIDE_2.1.1/STM32CubeIDE/plugins/com.st.stm32cube.ide.mcu.externaltools.gnu-tools-for-stm32.14.3.rel1.win32_1.0.100.202602081740/tools/bin/../lib/gcc/arm-none-eabi/14.3.1/../../../../arm-none-eabi/lib/thumb/v7e-m+fp/hard\libc_nano.a(libc_a-findfp.o)
                0x0800f2c4                __sinit
 .text._fwalk_sglue
                0x0800f2f4       0x3c C:/ST/STM32CubeIDE_2.1.1/STM32CubeIDE/plugins/com.st.stm32cube.ide.mcu.externaltools.gnu-tools-for-stm32.14.3.rel1.win32_1.0.100.202602081740/tools/bin/../lib/gcc/arm-none-eabi/14.3.1/../../../../arm-none-eabi/lib/thumb/v7e-m+fp/hard\libc_nano.a(libc_a-fwalk.o)
                0x0800f2f4                _fwalk_sglue
 .text.snprintf
                0x0800f330       0x6c C:/ST/STM32CubeIDE_2.1.1/STM32CubeIDE/plugins/com.st.stm32cube.ide.mcu.externaltools.gnu-tools-for-stm32.14.3.rel1.win32_1.0.100.202602081740/tools/bin/../lib/gcc/arm-none-eabi/14.3.1/../../../../arm-none-eabi/lib/thumb/v7e-m+fp/hard\libc_nano.a(libc_a-snprintf.o)
                0x0800f330                sniprintf
                0x0800f330                snprintf
 .text.__sread  0x0800f39c       0x22 C:/ST/STM32CubeIDE_2.1.1/STM32CubeIDE/plugins/com.st.stm32cube.ide.mcu.externaltools.gnu-tools-for-stm32.14.3.rel1.win32_1.0.100.202602081740/tools/bin/../lib/gcc/arm-none-eabi/14.3.1/../../../../arm-none-eabi/lib/thumb/v7e-m+fp/hard\libc_nano.a(libc_a-stdio.o)
                0x0800f39c                __sread
 .text.__swrite
                0x0800f3be       0x38 C:/ST/STM32CubeIDE_2.1.1/STM32CubeIDE/plugins/com.st.stm32cube.ide.mcu.externaltools.gnu-tools-for-stm32.14.3.rel1.win32_1.0.100.202602081740/tools/bin/../lib/gcc/arm-none-eabi/14.3.1/../../../../arm-none-eabi/lib/thumb/v7e-m+fp/hard\libc_nano.a(libc_a-stdio.o)
                0x0800f3be                __swrite
 .text.__sseek  0x0800f3f6       0x26 C:/ST/STM32CubeIDE_2.1.1/STM32CubeIDE/plugins/com.st.stm32cube.ide.mcu.externaltools.gnu-tools-for-stm32.14.3.rel1.win32_1.0.100.202602081740/tools/bin/../lib/gcc/arm-none-eabi/14.3.1/../../../../arm-none-eabi/lib/thumb/v7e-m+fp/hard\libc_nano.a(libc_a-stdio.o)
                0x0800f3f6                __sseek
 .text.__sclose
                0x0800f41c        0x8 C:/ST/STM32CubeIDE_2.1.1/STM32CubeIDE/plugins/com.st.stm32cube.ide.mcu.externaltools.gnu-tools-for-stm32.14.3.rel1.win32_1.0.100.202602081740/tools/bin/../lib/gcc/arm-none-eabi/14.3.1/../../../../arm-none-eabi/lib/thumb/v7e-m+fp/hard\libc_nano.a(libc_a-stdio.o)
                0x0800f41c                __sclose
 .text.memmove  0x0800f424       0x32 C:/ST/STM32CubeIDE_2.1.1/STM32CubeIDE/plugins/com.st.stm32cube.ide.mcu.externaltools.gnu-tools-for-stm32.14.3.rel1.win32_1.0.100.202602081740/tools/bin/../lib/gcc/arm-none-eabi/14.3.1/../../../../arm-none-eabi/lib/thumb/v7e-m+fp/hard\libc_nano.a(libc_a-memmove.o)
                0x0800f424                memmove
 .text.memset   0x0800f456       0x10 C:/ST/STM32CubeIDE_2.1.1/STM32CubeIDE/plugins/com.st.stm32cube.ide.mcu.externaltools.gnu-tools-for-stm32.14.3.rel1.win32_1.0.100.202602081740/tools/bin/../lib/gcc/arm-none-eabi/14.3.1/../../../../arm-none-eabi/lib/thumb/v7e-m+fp/hard\libc_nano.a(libc_a-memset.o)
                0x0800f456                memset
 .text.strchr   0x0800f466       0x1a C:/ST/STM32CubeIDE_2.1.1/STM32CubeIDE/plugins/com.st.stm32cube.ide.mcu.externaltools.gnu-tools-for-stm32.14.3.rel1.win32_1.0.100.202602081740/tools/bin/../lib/gcc/arm-none-eabi/14.3.1/../../../../arm-none-eabi/lib/thumb/v7e-m+fp/hard\libc_nano.a(libc_a-strchr.o)
                0x0800f466                strchr
 .text.strncmp  0x0800f480       0x24 C:/ST/STM32CubeIDE_2.1.1/STM32CubeIDE/plugins/com.st.stm32cube.ide.mcu.externaltools.gnu-tools-for-stm32.14.3.rel1.win32_1.0.100.202602081740/tools/bin/../lib/gcc/arm-none-eabi/14.3.1/../../../../arm-none-eabi/lib/thumb/v7e-m+fp/hard\libc_nano.a(libc_a-strncmp.o)
                0x0800f480                strncmp
 .text._close_r
                0x0800f4a4       0x20 C:/ST/STM32CubeIDE_2.1.1/STM32CubeIDE/plugins/com.st.stm32cube.ide.mcu.externaltools.gnu-tools-for-stm32.14.3.rel1.win32_1.0.100.202602081740/tools/bin/../lib/gcc/arm-none-eabi/14.3.1/../../../../arm-none-eabi/lib/thumb/v7e-m+fp/hard\libc_nano.a(libc_a-closer.o)
                0x0800f4a4                _close_r
 .text._lseek_r
                0x0800f4c4       0x24 C:/ST/STM32CubeIDE_2.1.1/STM32CubeIDE/plugins/com.st.stm32cube.ide.mcu.externaltools.gnu-tools-for-stm32.14.3.rel1.win32_1.0.100.202602081740/tools/bin/../lib/gcc/arm-none-eabi/14.3.1/../../../../arm-none-eabi/lib/thumb/v7e-m+fp/hard\libc_nano.a(libc_a-lseekr.o)
                0x0800f4c4                _lseek_r
 .text._read_r  0x0800f4e8       0x24 C:/ST/STM32CubeIDE_2.1.1/STM32CubeIDE/plugins/com.st.stm32cube.ide.mcu.externaltools.gnu-tools-for-stm32.14.3.rel1.win32_1.0.100.202602081740/tools/bin/../lib/gcc/arm-none-eabi/14.3.1/../../../../arm-none-eabi/lib/thumb/v7e-m+fp/hard\libc_nano.a(libc_a-readr.o)
                0x0800f4e8                _read_r
 .text._write_r
                0x0800f50c       0x24 C:/ST/STM32CubeIDE_2.1.1/STM32CubeIDE/plugins/com.st.stm32cube.ide.mcu.externaltools.gnu-tools-for-stm32.14.3.rel1.win32_1.0.100.202602081740/tools/bin/../lib/gcc/arm-none-eabi/14.3.1/../../../../arm-none-eabi/lib/thumb/v7e-m+fp/hard\libc_nano.a(libc_a-writer.o)
                0x0800f50c                _write_r
 .text.__errno  0x0800f530        0xc C:/ST/STM32CubeIDE_2.1.1/STM32CubeIDE/plugins/com.st.stm32cube.ide.mcu.externaltools.gnu-tools-for-stm32.14.3.rel1.win32_1.0.100.202602081740/tools/bin/../lib/gcc/arm-none-eabi/14.3.1/../../../../arm-none-eabi/lib/thumb/v7e-m+fp/hard\libc_nano.a(libc_a-errno.o)
                0x0800f530                __errno
 .text.__libc_init_array
                0x0800f53c       0x48 C:/ST/STM32CubeIDE_2.1.1/STM32CubeIDE/plugins/com.st.stm32cube.ide.mcu.externaltools.gnu-tools-for-stm32.14.3.rel1.win32_1.0.100.202602081740/tools/bin/../lib/gcc/arm-none-eabi/14.3.1/../../../../arm-none-eabi/lib/thumb/v7e-m+fp/hard\libc_nano.a(libc_a-init.o)
                0x0800f53c                __libc_init_array
 .text.__retarget_lock_init_recursive
                0x0800f584        0x2 C:/ST/STM32CubeIDE_2.1.1/STM32CubeIDE/plugins/com.st.stm32cube.ide.mcu.externaltools.gnu-tools-for-stm32.14.3.rel1.win32_1.0.100.202602081740/tools/bin/../lib/gcc/arm-none-eabi/14.3.1/../../../../arm-none-eabi/lib/thumb/v7e-m+fp/hard\libc_nano.a(libc_a-lock.o)
                0x0800f584                __retarget_lock_init_recursive
 .text.__retarget_lock_acquire_recursive
                0x0800f586        0x2 C:/ST/STM32CubeIDE_2.1.1/STM32CubeIDE/plugins/com.st.stm32cube.ide.mcu.externaltools.gnu-tools-for-stm32.14.3.rel1.win32_1.0.100.202602081740/tools/bin/../lib/gcc/arm-none-eabi/14.3.1/../../../../arm-none-eabi/lib/thumb/v7e-m+fp/hard\libc_nano.a(libc_a-lock.o)
                0x0800f586                __retarget_lock_acquire_recursive
 .text.__retarget_lock_release_recursive
                0x0800f588        0x2 C:/ST/STM32CubeIDE_2.1.1/STM32CubeIDE/plugins/com.st.stm32cube.ide.mcu.externaltools.gnu-tools-for-stm32.14.3.rel1.win32_1.0.100.202602081740/tools/bin/../lib/gcc/arm-none-eabi/14.3.1/../../../../arm-none-eabi/lib/thumb/v7e-m+fp/hard\libc_nano.a(libc_a-lock.o)
                0x0800f588                __retarget_lock_release_recursive
 .text.memcpy   0x0800f58a       0x1c C:/ST/STM32CubeIDE_2.1.1/STM32CubeIDE/plugins/com.st.stm32cube.ide.mcu.externaltools.gnu-tools-for-stm32.14.3.rel1.win32_1.0.100.202602081740/tools/bin/../lib/gcc/arm-none-eabi/14.3.1/../../../../arm-none-eabi/lib/thumb/v7e-m+fp/hard\libc_nano.a(libc_a-memcpy-stub.o)
                0x0800f58a                memcpy
 *fill*         0x0800f5a6        0x2 
 .text.nan      0x0800f5a8       0x10 C:/ST/STM32CubeIDE_2.1.1/STM32CubeIDE/plugins/com.st.stm32cube.ide.mcu.externaltools.gnu-tools-for-stm32.14.3.rel1.win32_1.0.100.202602081740/tools/bin/../lib/gcc/arm-none-eabi/14.3.1/../../../../arm-none-eabi/lib/thumb/v7e-m+fp/hard\libc_nano.a(libm_a-s_nan.o)
                0x0800f5a8                nan
 .text._free_r  0x0800f5b8       0x94 C:/ST/STM32CubeIDE_2.1.1/STM32CubeIDE/plugins/com.st.stm32cube.ide.mcu.externaltools.gnu-tools-for-stm32.14.3.rel1.win32_1.0.100.202602081740/tools/bin/../lib/gcc/arm-none-eabi/14.3.1/../../../../arm-none-eabi/lib/thumb/v7e-m+fp/hard\libc_nano.a(libc_a-freer.o)
                0x0800f5b8                _free_r
 .text.rshift   0x0800f64c       0xa4 C:/ST/STM32CubeIDE_2.1.1/STM32CubeIDE/plugins/com.st.stm32cube.ide.mcu.externaltools.gnu-tools-for-stm32.14.3.rel1.win32_1.0.100.202602081740/tools/bin/../lib/gcc/arm-none-eabi/14.3.1/../../../../arm-none-eabi/lib/thumb/v7e-m+fp/hard\libc_nano.a(libc_a-gdtoa-gethex.o)
 .text.__hexdig_fun
                0x0800f6f0       0x2a C:/ST/STM32CubeIDE_2.1.1/STM32CubeIDE/plugins/com.st.stm32cube.ide.mcu.externaltools.gnu-tools-for-stm32.14.3.rel1.win32_1.0.100.202602081740/tools/bin/../lib/gcc/arm-none-eabi/14.3.1/../../../../arm-none-eabi/lib/thumb/v7e-m+fp/hard\libc_nano.a(libc_a-gdtoa-gethex.o)
                0x0800f6f0                __hexdig_fun
 *fill*         0x0800f71a        0x2 
 .text.__gethex
                0x0800f71c      0x420 C:/ST/STM32CubeIDE_2.1.1/STM32CubeIDE/plugins/com.st.stm32cube.ide.mcu.externaltools.gnu-tools-for-stm32.14.3.rel1.win32_1.0.100.202602081740/tools/bin/../lib/gcc/arm-none-eabi/14.3.1/../../../../arm-none-eabi/lib/thumb/v7e-m+fp/hard\libc_nano.a(libc_a-gdtoa-gethex.o)
                0x0800f71c                __gethex
 .text.L_shift  0x0800fb3c       0x24 C:/ST/STM32CubeIDE_2.1.1/STM32CubeIDE/plugins/com.st.stm32cube.ide.mcu.externaltools.gnu-tools-for-stm32.14.3.rel1.win32_1.0.100.202602081740/tools/bin/../lib/gcc/arm-none-eabi/14.3.1/../../../../arm-none-eabi/lib/thumb/v7e-m+fp/hard\libc_nano.a(libc_a-gdtoa-hexnan.o)
 .text.__match  0x0800fb60       0x28 C:/ST/STM32CubeIDE_2.1.1/STM32CubeIDE/plugins/com.st.stm32cube.ide.mcu.externaltools.gnu-tools-for-stm32.14.3.rel1.win32_1.0.100.202602081740/tools/bin/../lib/gcc/arm-none-eabi/14.3.1/../../../../arm-none-eabi/lib/thumb/v7e-m+fp/hard\libc_nano.a(libc_a-gdtoa-hexnan.o)
                0x0800fb60                __match
 .text.__hexnan
                0x0800fb88      0x13a C:/ST/STM32CubeIDE_2.1.1/STM32CubeIDE/plugins/com.st.stm32cube.ide.mcu.externaltools.gnu-tools-for-stm32.14.3.rel1.win32_1.0.100.202602081740/tools/bin/../lib/gcc/arm-none-eabi/14.3.1/../../../../arm-none-eabi/lib/thumb/v7e-m+fp/hard\libc_nano.a(libc_a-gdtoa-hexnan.o)
                0x0800fb88                __hexnan
 *fill*         0x0800fcc2        0x2 
 .text.sbrk_aligned
                0x0800fcc4       0x44 C:/ST/STM32CubeIDE_2.1.1/STM32CubeIDE/plugins/com.st.stm32cube.ide.mcu.externaltools.gnu-tools-for-stm32.14.3.rel1.win32_1.0.100.202602081740/tools/bin/../lib/gcc/arm-none-eabi/14.3.1/../../../../arm-none-eabi/lib/thumb/v7e-m+fp/hard\libc_nano.a(libc_a-mallocr.o)
 .text._malloc_r
                0x0800fd08      0x100 C:/ST/STM32CubeIDE_2.1.1/STM32CubeIDE/plugins/com.st.stm32cube.ide.mcu.externaltools.gnu-tools-for-stm32.14.3.rel1.win32_1.0.100.202602081740/tools/bin/../lib/gcc/arm-none-eabi/14.3.1/../../../../arm-none-eabi/lib/thumb/v7e-m+fp/hard\libc_nano.a(libc_a-mallocr.o)
                0x0800fd08                _malloc_r
 .text.__ascii_mbtowc
                0x0800fe08       0x24 C:/ST/STM32CubeIDE_2.1.1/STM32CubeIDE/plugins/com.st.stm32cube.ide.mcu.externaltools.gnu-tools-for-stm32.14.3.rel1.win32_1.0.100.202602081740/tools/bin/../lib/gcc/arm-none-eabi/14.3.1/../../../../arm-none-eabi/lib/thumb/v7e-m+fp/hard\libc_nano.a(libc_a-mbtowc_r.o)
                0x0800fe08                __ascii_mbtowc
 .text.__malloc_lock
                0x0800fe2c        0xc C:/ST/STM32CubeIDE_2.1.1/STM32CubeIDE/plugins/com.st.stm32cube.ide.mcu.externaltools.gnu-tools-for-stm32.14.3.rel1.win32_1.0.100.202602081740/tools/bin/../lib/gcc/arm-none-eabi/14.3.1/../../../../arm-none-eabi/lib/thumb/v7e-m+fp/hard\libc_nano.a(libc_a-mlock.o)
                0x0800fe2c                __malloc_lock
 .text.__malloc_unlock
                0x0800fe38        0xc C:/ST/STM32CubeIDE_2.1.1/STM32CubeIDE/plugins/com.st.stm32cube.ide.mcu.externaltools.gnu-tools-for-stm32.14.3.rel1.win32_1.0.100.202602081740/tools/bin/../lib/gcc/arm-none-eabi/14.3.1/../../../../arm-none-eabi/lib/thumb/v7e-m+fp/hard\libc_nano.a(libc_a-mlock.o)
                0x0800fe38                __malloc_unlock
 .text._Balloc  0x0800fe44       0x7c C:/ST/STM32CubeIDE_2.1.1/STM32CubeIDE/plugins/com.st.stm32cube.ide.mcu.externaltools.gnu-tools-for-stm32.14.3.rel1.win32_1.0.100.202602081740/tools/bin/../lib/gcc/arm-none-eabi/14.3.1/../../../../arm-none-eabi/lib/thumb/v7e-m+fp/hard\libc_nano.a(libc_a-mprec.o)
                0x0800fe44                _Balloc
 .text._Bfree   0x0800fec0       0x44 C:/ST/STM32CubeIDE_2.1.1/STM32CubeIDE/plugins/com.st.stm32cube.ide.mcu.externaltools.gnu-tools-for-stm32.14.3.rel1.win32_1.0.100.202602081740/tools/bin/../lib/gcc/arm-none-eabi/14.3.1/../../../../arm-none-eabi/lib/thumb/v7e-m+fp/hard\libc_nano.a(libc_a-mprec.o)
                0x0800fec0                _Bfree
 .text.__multadd
                0x0800ff04       0x8c C:/ST/STM32CubeIDE_2.1.1/STM32CubeIDE/plugins/com.st.stm32cube.ide.mcu.externaltools.gnu-tools-for-stm32.14.3.rel1.win32_1.0.100.202602081740/tools/bin/../lib/gcc/arm-none-eabi/14.3.1/../../../../arm-none-eabi/lib/thumb/v7e-m+fp/hard\libc_nano.a(libc_a-mprec.o)
                0x0800ff04                __multadd
 .text.__s2b    0x0800ff90       0x94 C:/ST/STM32CubeIDE_2.1.1/STM32CubeIDE/plugins/com.st.stm32cube.ide.mcu.externaltools.gnu-tools-for-stm32.14.3.rel1.win32_1.0.100.202602081740/tools/bin/../lib/gcc/arm-none-eabi/14.3.1/../../../../arm-none-eabi/lib/thumb/v7e-m+fp/hard\libc_nano.a(libc_a-mprec.o)
                0x0800ff90                __s2b
 .text.__hi0bits
                0x08010024       0x3e C:/ST/STM32CubeIDE_2.1.1/STM32CubeIDE/plugins/com.st.stm32cube.ide.mcu.externaltools.gnu-tools-for-stm32.14.3.rel1.win32_1.0.100.202602081740/tools/bin/../lib/gcc/arm-none-eabi/14.3.1/../../../../arm-none-eabi/lib/thumb/v7e-m+fp/hard\libc_nano.a(libc_a-mprec.o)
                0x08010024                __hi0bits
 .text.__lo0bits
                0x08010062       0x5a C:/ST/STM32CubeIDE_2.1.1/STM32CubeIDE/plugins/com.st.stm32cube.ide.mcu.externaltools.gnu-tools-for-stm32.14.3.rel1.win32_1.0.100.202602081740/tools/bin/../lib/gcc/arm-none-eabi/14.3.1/../../../../arm-none-eabi/lib/thumb/v7e-m+fp/hard\libc_nano.a(libc_a-mprec.o)
                0x08010062                __lo0bits
 .text.__i2b    0x080100bc       0x2c C:/ST/STM32CubeIDE_2.1.1/STM32CubeIDE/plugins/com.st.stm32cube.ide.mcu.externaltools.gnu-tools-for-stm32.14.3.rel1.win32_1.0.100.202602081740/tools/bin/../lib/gcc/arm-none-eabi/14.3.1/../../../../arm-none-eabi/lib/thumb/v7e-m+fp/hard\libc_nano.a(libc_a-mprec.o)
                0x080100bc                __i2b
 .text.__multiply
                0x080100e8      0x154 C:/ST/STM32CubeIDE_2.1.1/STM32CubeIDE/plugins/com.st.stm32cube.ide.mcu.externaltools.gnu-tools-for-stm32.14.3.rel1.win32_1.0.100.202602081740/tools/bin/../lib/gcc/arm-none-eabi/14.3.1/../../../../arm-none-eabi/lib/thumb/v7e-m+fp/hard\libc_nano.a(libc_a-mprec.o)
                0x080100e8                __multiply
 .text.__pow5mult
                0x0801023c       0xb8 C:/ST/STM32CubeIDE_2.1.1/STM32CubeIDE/plugins/com.st.stm32cube.ide.mcu.externaltools.gnu-tools-for-stm32.14.3.rel1.win32_1.0.100.202602081740/tools/bin/../lib/gcc/arm-none-eabi/14.3.1/../../../../arm-none-eabi/lib/thumb/v7e-m+fp/hard\libc_nano.a(libc_a-mprec.o)
                0x0801023c                __pow5mult
 .text.__lshift
                0x080102f4       0xdc C:/ST/STM32CubeIDE_2.1.1/STM32CubeIDE/plugins/com.st.stm32cube.ide.mcu.externaltools.gnu-tools-for-stm32.14.3.rel1.win32_1.0.100.202602081740/tools/bin/../lib/gcc/arm-none-eabi/14.3.1/../../../../arm-none-eabi/lib/thumb/v7e-m+fp/hard\libc_nano.a(libc_a-mprec.o)
                0x080102f4                __lshift
 .text.__mcmp   0x080103d0       0x36 C:/ST/STM32CubeIDE_2.1.1/STM32CubeIDE/plugins/com.st.stm32cube.ide.mcu.externaltools.gnu-tools-for-stm32.14.3.rel1.win32_1.0.100.202602081740/tools/bin/../lib/gcc/arm-none-eabi/14.3.1/../../../../arm-none-eabi/lib/thumb/v7e-m+fp/hard\libc_nano.a(libc_a-mprec.o)
                0x080103d0                __mcmp
 *fill*         0x08010406        0x2 
 .text.__mdiff  0x08010408      0x130 C:/ST/STM32CubeIDE_2.1.1/STM32CubeIDE/plugins/com.st.stm32cube.ide.mcu.externaltools.gnu-tools-for-stm32.14.3.rel1.win32_1.0.100.202602081740/tools/bin/../lib/gcc/arm-none-eabi/14.3.1/../../../../arm-none-eabi/lib/thumb/v7e-m+fp/hard\libc_nano.a(libc_a-mprec.o)
                0x08010408                __mdiff
 .text.__ulp    0x08010538       0x4c C:/ST/STM32CubeIDE_2.1.1/STM32CubeIDE/plugins/com.st.stm32cube.ide.mcu.externaltools.gnu-tools-for-stm32.14.3.rel1.win32_1.0.100.202602081740/tools/bin/../lib/gcc/arm-none-eabi/14.3.1/../../../../arm-none-eabi/lib/thumb/v7e-m+fp/hard\libc_nano.a(libc_a-mprec.o)
                0x08010538                __ulp
 .text.__b2d    0x08010584       0x94 C:/ST/STM32CubeIDE_2.1.1/STM32CubeIDE/plugins/com.st.stm32cube.ide.mcu.externaltools.gnu-tools-for-stm32.14.3.rel1.win32_1.0.100.202602081740/tools/bin/../lib/gcc/arm-none-eabi/14.3.1/../../../../arm-none-eabi/lib/thumb/v7e-m+fp/hard\libc_nano.a(libc_a-mprec.o)
                0x08010584                __b2d
 .text.__d2b    0x08010618       0xb0 C:/ST/STM32CubeIDE_2.1.1/STM32CubeIDE/plugins/com.st.stm32cube.ide.mcu.externaltools.gnu-tools-for-stm32.14.3.rel1.win32_1.0.100.202602081740/tools/bin/../lib/gcc/arm-none-eabi/14.3.1/../../../../arm-none-eabi/lib/thumb/v7e-m+fp/hard\libc_nano.a(libc_a-mprec.o)
                0x08010618                __d2b
 .text.__ratio  0x080106c8       0x64 C:/ST/STM32CubeIDE_2.1.1/STM32CubeIDE/plugins/com.st.stm32cube.ide.mcu.externaltools.gnu-tools-for-stm32.14.3.rel1.win32_1.0.100.202602081740/tools/bin/../lib/gcc/arm-none-eabi/14.3.1/../../../../arm-none-eabi/lib/thumb/v7e-m+fp/hard\libc_nano.a(libc_a-mprec.o)
                0x080106c8                __ratio
 .text.__copybits
                0x0801072c       0x46 C:/ST/STM32CubeIDE_2.1.1/STM32CubeIDE/plugins/com.st.stm32cube.ide.mcu.externaltools.gnu-tools-for-stm32.14.3.rel1.win32_1.0.100.202602081740/tools/bin/../lib/gcc/arm-none-eabi/14.3.1/../../../../arm-none-eabi/lib/thumb/v7e-m+fp/hard\libc_nano.a(libc_a-mprec.o)
                0x0801072c                __copybits
 .text.__any_on
                0x08010772       0x42 C:/ST/STM32CubeIDE_2.1.1/STM32CubeIDE/plugins/com.st.stm32cube.ide.mcu.externaltools.gnu-tools-for-stm32.14.3.rel1.win32_1.0.100.202602081740/tools/bin/../lib/gcc/arm-none-eabi/14.3.1/../../../../arm-none-eabi/lib/thumb/v7e-m+fp/hard\libc_nano.a(libc_a-mprec.o)
                0x08010772                __any_on
 .text.__ascii_wctomb
                0x080107b4       0x1a C:/ST/STM32CubeIDE_2.1.1/STM32CubeIDE/plugins/com.st.stm32cube.ide.mcu.externaltools.gnu-tools-for-stm32.14.3.rel1.win32_1.0.100.202602081740/tools/bin/../lib/gcc/arm-none-eabi/14.3.1/../../../../arm-none-eabi/lib/thumb/v7e-m+fp/hard\libc_nano.a(libc_a-wctomb_r.o)
                0x080107b4                __ascii_wctomb
 .text.__ssputs_r
                0x080107ce       0xc0 C:/ST/STM32CubeIDE_2.1.1/STM32CubeIDE/plugins/com.st.stm32cube.ide.mcu.externaltools.gnu-tools-for-stm32.14.3.rel1.win32_1.0.100.202602081740/tools/bin/../lib/gcc/arm-none-eabi/14.3.1/../../../../arm-none-eabi/lib/thumb/v7e-m+fp/hard\libc_nano.a(libc_a-nano-svfprintf.o)
                0x080107ce                __ssputs_r
 *fill*         0x0801088e        0x2 
 .text._svfprintf_r
                0x08010890      0x1f0 C:/ST/STM32CubeIDE_2.1.1/STM32CubeIDE/plugins/com.st.stm32cube.ide.mcu.externaltools.gnu-tools-for-stm32.14.3.rel1.win32_1.0.100.202602081740/tools/bin/../lib/gcc/arm-none-eabi/14.3.1/../../../../arm-none-eabi/lib/thumb/v7e-m+fp/hard\libc_nano.a(libc_a-nano-svfprintf.o)
                0x08010890                _svfiprintf_r
                0x08010890                _svfprintf_r
 .text._printf_common
                0x08010a80       0xda C:/ST/STM32CubeIDE_2.1.1/STM32CubeIDE/plugins/com.st.stm32cube.ide.mcu.externaltools.gnu-tools-for-stm32.14.3.rel1.win32_1.0.100.202602081740/tools/bin/../lib/gcc/arm-none-eabi/14.3.1/../../../../arm-none-eabi/lib/thumb/v7e-m+fp/hard\libc_nano.a(libc_a-nano-vfprintf_i.o)
                0x08010a80                _printf_common
 *fill*         0x08010b5a        0x2 
 .text._printf_i
                0x08010b5c      0x24c C:/ST/STM32CubeIDE_2.1.1/STM32CubeIDE/plugins/com.st.stm32cube.ide.mcu.externaltools.gnu-tools-for-stm32.14.3.rel1.win32_1.0.100.202602081740/tools/bin/../lib/gcc/arm-none-eabi/14.3.1/../../../../arm-none-eabi/lib/thumb/v7e-m+fp/hard\libc_nano.a(libc_a-nano-vfprintf_i.o)
                0x08010b5c                _printf_i
 .text.__sflush_r
                0x08010da8      0x104 C:/ST/STM32CubeIDE_2.1.1/STM32CubeIDE/plugins/com.st.stm32cube.ide.mcu.externaltools.gnu-tools-for-stm32.14.3.rel1.win32_1.0.100.202602081740/tools/bin/../lib/gcc/arm-none-eabi/14.3.1/../../../../arm-none-eabi/lib/thumb/v7e-m+fp/hard\libc_nano.a(libc_a-fflush.o)
                0x08010da8                __sflush_r
 .text._fflush_r
                0x08010eac       0x50 C:/ST/STM32CubeIDE_2.1.1/STM32CubeIDE/plugins/com.st.stm32cube.ide.mcu.externaltools.gnu-tools-for-stm32.14.3.rel1.win32_1.0.100.202602081740/tools/bin/../lib/gcc/arm-none-eabi/14.3.1/../../../../arm-none-eabi/lib/thumb/v7e-m+fp/hard\libc_nano.a(libc_a-fflush.o)
                0x08010eac                _fflush_r
 .text._sbrk_r  0x08010efc       0x20 C:/ST/STM32CubeIDE_2.1.1/STM32CubeIDE/plugins/com.st.stm32cube.ide.mcu.externaltools.gnu-tools-for-stm32.14.3.rel1.win32_1.0.100.202602081740/tools/bin/../lib/gcc/arm-none-eabi/14.3.1/../../../../arm-none-eabi/lib/thumb/v7e-m+fp/hard\libc_nano.a(libc_a-sbrkr.o)
                0x08010efc                _sbrk_r
 .text.__assert_func
                0x08010f1c       0x3c C:/ST/STM32CubeIDE_2.1.1/STM32CubeIDE/plugins/com.st.stm32cube.ide.mcu.externaltools.gnu-tools-for-stm32.14.3.rel1.win32_1.0.100.202602081740/tools/bin/../lib/gcc/arm-none-eabi/14.3.1/../../../../arm-none-eabi/lib/thumb/v7e-m+fp/hard\libc_nano.a(libc_a-assert.o)
                0x08010f1c                __assert_func
 .text._calloc_r
                0x08010f58       0x28 C:/ST/STM32CubeIDE_2.1.1/STM32CubeIDE/plugins/com.st.stm32cube.ide.mcu.externaltools.gnu-tools-for-stm32.14.3.rel1.win32_1.0.100.202602081740/tools/bin/../lib/gcc/arm-none-eabi/14.3.1/../../../../arm-none-eabi/lib/thumb/v7e-m+fp/hard\libc_nano.a(libc_a-callocr.o)
                0x08010f58                _calloc_r
 .text.malloc   0x08010f80       0x10 C:/ST/STM32CubeIDE_2.1.1/STM32CubeIDE/plugins/com.st.stm32cube.ide.mcu.externaltools.gnu-tools-for-stm32.14.3.rel1.win32_1.0.100.202602081740/tools/bin/../lib/gcc/arm-none-eabi/14.3.1/../../../../arm-none-eabi/lib/thumb/v7e-m+fp/hard\libc_nano.a(libc_a-malloc.o)
                0x08010f80                malloc
 .text._realloc_r
                0x08010f90       0x5c C:/ST/STM32CubeIDE_2.1.1/STM32CubeIDE/plugins/com.st.stm32cube.ide.mcu.externaltools.gnu-tools-for-stm32.14.3.rel1.win32_1.0.100.202602081740/tools/bin/../lib/gcc/arm-none-eabi/14.3.1/../../../../arm-none-eabi/lib/thumb/v7e-m+fp/hard\libc_nano.a(libc_a-reallocr.o)
                0x08010f90                _realloc_r
 .text.fprintf  0x08010fec       0x24 C:/ST/STM32CubeIDE_2.1.1/STM32CubeIDE/plugins/com.st.stm32cube.ide.mcu.externaltools.gnu-tools-for-stm32.14.3.rel1.win32_1.0.100.202602081740/tools/bin/../lib/gcc/arm-none-eabi/14.3.1/../../../../arm-none-eabi/lib/thumb/v7e-m+fp/hard\libc_nano.a(libc_a-fprintf.o)
                0x08010fec                fiprintf
                0x08010fec                fprintf
 .text.abort    0x08011010        0xe C:/ST/STM32CubeIDE_2.1.1/STM32CubeIDE/plugins/com.st.stm32cube.ide.mcu.externaltools.gnu-tools-for-stm32.14.3.rel1.win32_1.0.100.202602081740/tools/bin/../lib/gcc/arm-none-eabi/14.3.1/../../../../arm-none-eabi/lib/thumb/v7e-m+fp/hard\libc_nano.a(libc_a-abort.o)
                0x08011010                abort
 .text._malloc_usable_size_r
                0x0801101e       0x10 C:/ST/STM32CubeIDE_2.1.1/STM32CubeIDE/plugins/com.st.stm32cube.ide.mcu.externaltools.gnu-tools-for-stm32.14.3.rel1.win32_1.0.100.202602081740/tools/bin/../lib/gcc/arm-none-eabi/14.3.1/../../../../arm-none-eabi/lib/thumb/v7e-m+fp/hard\libc_nano.a(libc_a-msizer.o)
                0x0801101e                _malloc_usable_size_r
 .text.__sfputc_r
                0x0801102e       0x2e C:/ST/STM32CubeIDE_2.1.1/STM32CubeIDE/plugins/com.st.stm32cube.ide.mcu.externaltools.gnu-tools-for-stm32.14.3.rel1.win32_1.0.100.202602081740/tools/bin/../lib/gcc/arm-none-eabi/14.3.1/../../../../arm-none-eabi/lib/thumb/v7e-m+fp/hard\libc_nano.a(libc_a-nano-vfprintf.o)
 .text.__sfputs_r
                0x0801105c       0x24 C:/ST/STM32CubeIDE_2.1.1/STM32CubeIDE/plugins/com.st.stm32cube.ide.mcu.externaltools.gnu-tools-for-stm32.14.3.rel1.win32_1.0.100.202602081740/tools/bin/../lib/gcc/arm-none-eabi/14.3.1/../../../../arm-none-eabi/lib/thumb/v7e-m+fp/hard\libc_nano.a(libc_a-nano-vfprintf.o)
                0x0801105c                __sfputs_r
 .text._vfprintf_r
                0x08011080      0x228 C:/ST/STM32CubeIDE_2.1.1/STM32CubeIDE/plugins/com.st.stm32cube.ide.mcu.externaltools.gnu-tools-for-stm32.14.3.rel1.win32_1.0.100.202602081740/tools/bin/../lib/gcc/arm-none-eabi/14.3.1/../../../../arm-none-eabi/lib/thumb/v7e-m+fp/hard\libc_nano.a(libc_a-nano-vfprintf.o)
                0x08011080                _vfprintf_r
                0x08011080                _vfiprintf_r
 .text.__swbuf_r
                0x080112a8       0x7c C:/ST/STM32CubeIDE_2.1.1/STM32CubeIDE/plugins/com.st.stm32cube.ide.mcu.externaltools.gnu-tools-for-stm32.14.3.rel1.win32_1.0.100.202602081740/tools/bin/../lib/gcc/arm-none-eabi/14.3.1/../../../../arm-none-eabi/lib/thumb/v7e-m+fp/hard\libc_nano.a(libc_a-wbuf.o)
                0x080112a8                __swbuf_r
 .text.__swsetup_r
                0x08011324       0xa8 C:/ST/STM32CubeIDE_2.1.1/STM32CubeIDE/plugins/com.st.stm32cube.ide.mcu.externaltools.gnu-tools-for-stm32.14.3.rel1.win32_1.0.100.202602081740/tools/bin/../lib/gcc/arm-none-eabi/14.3.1/../../../../arm-none-eabi/lib/thumb/v7e-m+fp/hard\libc_nano.a(libc_a-wsetup.o)
                0x08011324                __swsetup_r
 .text._raise_r
                0x080113cc       0x50 C:/ST/STM32CubeIDE_2.1.1/STM32CubeIDE/plugins/com.st.stm32cube.ide.mcu.externaltools.gnu-tools-for-stm32.14.3.rel1.win32_1.0.100.202602081740/tools/bin/../lib/gcc/arm-none-eabi/14.3.1/../../../../arm-none-eabi/lib/thumb/v7e-m+fp/hard\libc_nano.a(libc_a-signal.o)
                0x080113cc                _raise_r
 .text.raise    0x0801141c       0x10 C:/ST/STM32CubeIDE_2.1.1/STM32CubeIDE/plugins/com.st.stm32cube.ide.mcu.externaltools.gnu-tools-for-stm32.14.3.rel1.win32_1.0.100.202602081740/tools/bin/../lib/gcc/arm-none-eabi/14.3.1/../../../../arm-none-eabi/lib/thumb/v7e-m+fp/hard\libc_nano.a(libc_a-signal.o)
                0x0801141c                raise
 .text._kill_r  0x0801142c       0x24 C:/ST/STM32CubeIDE_2.1.1/STM32CubeIDE/plugins/com.st.stm32cube.ide.mcu.externaltools.gnu-tools-for-stm32.14.3.rel1.win32_1.0.100.202602081740/tools/bin/../lib/gcc/arm-none-eabi/14.3.1/../../../../arm-none-eabi/lib/thumb/v7e-m+fp/hard\libc_nano.a(libc_a-signalr.o)
                0x0801142c                _kill_r
 .text._getpid_r
                0x08011450        0x4 C:/ST/STM32CubeIDE_2.1.1/STM32CubeIDE/plugins/com.st.stm32cube.ide.mcu.externaltools.gnu-tools-for-stm32.14.3.rel1.win32_1.0.100.202602081740/tools/bin/../lib/gcc/arm-none-eabi/14.3.1/../../../../arm-none-eabi/lib/thumb/v7e-m+fp/hard\libc_nano.a(libc_a-signalr.o)
                0x08011450                _getpid_r
 .text.__swhatbuf_r
                0x08011454       0x48 C:/ST/STM32CubeIDE_2.1.1/STM32CubeIDE/plugins/com.st.stm32cube.ide.mcu.externaltools.gnu-tools-for-stm32.14.3.rel1.win32_1.0.100.202602081740/tools/bin/../lib/gcc/arm-none-eabi/14.3.1/../../../../arm-none-eabi/lib/thumb/v7e-m+fp/hard\libc_nano.a(libc_a-makebuf.o)
                0x08011454                __swhatbuf_r
 .text.__smakebuf_r