Archive member included to satisfy reference by file (symbol)

C:/ST/STM32CubeIDE_2.1.1/STM32CubeIDE/plugins/com.st.stm32cube.ide.mcu.externaltools.gnu-tools-for-stm32.14.3.rel1.win32_1.0.100.202602081740/tools/bin/../lib/gcc/arm-none-eabi/14.3.1/../../../../arm-none-eabi/lib/thumb/v7e-m+fp/hard\libc_nano.a(libc_a-atof.o)
                              ./Core/Src/cdh/m10s.o (atof)
C:/ST/STM32CubeIDE_2.1.1/STM32CubeIDE/plugins/com.st.stm32cube.ide.mcu.externaltools.gnu-tools-for-stm32.14.3.rel1.win32_1.0.100.202602081740/tools/bin/../lib/gcc/arm-none-eabi/14.3.1/../../../../arm-none-eabi/lib/thumb/v7e-m+fp/hard\libc_nano.a(libc_a-atoi.o)
                              ./Core/Src/cdh/m10s.o (atoi)
C:/ST/STM32CubeIDE_2.1.1/STM32CubeIDE/plugins/com.st.stm32cube.ide.mcu.externaltools.gnu-tools-for-stm32.14.3.rel1.win32_1.0.100.202602081740/tools/bin/../lib/gcc/arm-none-eabi/14.3.1/../../../../arm-none-eabi/lib/thumb/v7e-m+fp/hard\libc_nano.a(libc_a-exit.o)
                              C:/ST/STM32CubeIDE_2.1.1/STM32CubeIDE/plugins/com.st.stm32cube.ide.mcu.externaltools.gnu-tools-for-stm32.14.3.rel1.win32_1.0.100.202602081740/tools/bin/../lib/gcc/arm-none-eabi/14.3.1/../../../../arm-none-eabi/lib/thumb/v7e-m+fp/hard/crt0.o (exit)
C:/ST/STM32CubeIDE_2.1.1/STM32CubeIDE/plugins/com.st.stm32cube.ide.mcu.externaltools.gnu-tools-for-stm32.14.3.rel1.win32_1.0.100.202602081740/tools/bin/../lib/gcc/arm-none-eabi/14.3.1/../../../../arm-none-eabi/lib/thumb/v7e-m+fp/hard\libc_nano.a(libc_a-strtod.o)
                              C:/ST/STM32CubeIDE_2.1.1/STM32CubeIDE/plugins/com.st.stm32cube.ide.mcu.externaltools.gnu-tools-for-stm32.14.3.rel1.win32_1.0.100.202602081740/tools/bin/../lib/gcc/arm-none-eabi/14.3.1/../../../../arm-none-eabi/lib/thumb/v7e-m+fp/hard\libc_nano.a(libc_a-atof.o) (strtod)
C:/ST/STM32CubeIDE_2.1.1/STM32CubeIDE/plugins/com.st.stm32cube.ide.mcu.externaltools.gnu-tools-for-stm32.14.3.rel1.win32_1.0.100.202602081740/tools/bin/../lib/gcc/arm-none-eabi/14.3.1/../../../../arm-none-eabi/lib/thumb/v7e-m+fp/hard\libc_nano.a(libc_a-strtol.o)
                              C:/ST/STM32CubeIDE_2.1.1/STM32CubeIDE/plugins/com.st.stm32cube.ide.mcu.externaltools.gnu-tools-for-stm32.14.3.rel1.win32_1.0.100.202602081740/tools/bin/../lib/gcc/arm-none-eabi/14.3.1/../../../../arm-none-eabi/lib/thumb/v7e-m+fp/hard\libc_nano.a(libc_a-atoi.o) (_strtol_r)
C:/ST/STM32CubeIDE_2.1.1/STM32CubeIDE/plugins/com.st.stm32cube.ide.mcu.externaltools.gnu-tools-for-stm32.14.3.rel1.win32_1.0.100.202602081740/tools/bin/../lib/gcc/arm-none-eabi/14.3.1/../../../../arm-none-eabi/lib/thumb/v7e-m+fp/hard\libc_nano.a(libc_a-ctype_.o)
                              C:/ST/STM32CubeIDE_2.1.1/STM32CubeIDE/plugins/com.st.stm32cube.ide.mcu.externaltools.gnu-tools-for-stm32.14.3.rel1.win32_1.0.100.202602081740/tools/bin/../lib/gcc/arm-none-eabi/14.3.1/../../../../arm-none-eabi/lib/thumb/v7e-m+fp/hard\libc_nano.a(libc_a-strtol.o) (_ctype_)
C:/ST/STM32CubeIDE_2.1.1/STM32CubeIDE/plugins/com.st.stm32cube.ide.mcu.externaltools.gnu-tools-for-stm32.14.3.rel1.win32_1.0.100.202602081740/tools/bin/../lib/gcc/arm-none-eabi/14.3.1/../../../../arm-none-eabi/lib/thumb/v7e-m+fp/hard\libc_nano.a(libc_a-findfp.o)
                              C:/ST/STM32CubeIDE_2.1.1/STM32CubeIDE/plugins/com.st.stm32cube.ide.mcu.externaltools.gnu-tools-for-stm32.14.3.rel1.win32_1.0.100.202602081740/tools/bin/../lib/gcc/arm-none-eabi/14.3.1/../../../../arm-none-eabi/lib/thumb/v7e-m+fp/hard\libc_nano.a(libc_a-exit.o) (__stdio_exit_handler)
C:/ST/STM32CubeIDE_2.1.1/STM32CubeIDE/plugins/com.st.stm32cube.ide.mcu.externaltools.gnu-tools-for-stm32.14.3.rel1.win32_1.0.100.202602081740/tools/bin/../lib/gcc/arm-none-eabi/14.3.1/../../../../arm-none-eabi/lib/thumb/v7e-m+fp/hard\libc_nano.a(libc_a-fwalk.o)
                              C:/ST/STM32CubeIDE_2.1.1/STM32CubeIDE/plugins/com.st.stm32cube.ide.mcu.externaltools.gnu-tools-for-stm32.14.3.rel1.win32_1.0.100.202602081740/tools/bin/../lib/gcc/arm-none-eabi/14.3.1/../../../../arm-none-eabi/lib/thumb/v7e-m+fp/hard\libc_nano.a(libc_a-findfp.o) (_fwalk_sglue)
C:/ST/STM32CubeIDE_2.1.1/STM32CubeIDE/plugins/com.st.stm32cube.ide.mcu.externaltools.gnu-tools-for-stm32.14.3.rel1.win32_1.0.100.202602081740/tools/bin/../lib/gcc/arm-none-eabi/14.3.1/../../../../arm-none-eabi/lib/thumb/v7e-m+fp/hard\libc_nano.a(libc_a-snprintf.o)
                              ./Core/Src/cdh/baro_diag.o (snprintf)
C:/ST/STM32CubeIDE_2.1.1/STM32CubeIDE/plugins/com.st.stm32cube.ide.mcu.externaltools.gnu-tools-for-stm32.14.3.rel1.win32_1.0.100.202602081740/tools/bin/../lib/gcc/arm-none-eabi/14.3.1/../../../../arm-none-eabi/lib/thumb/v7e-m+fp/hard\libc_nano.a(libc_a-stdio.o)
                              C:/ST/STM32CubeIDE_2.1.1/STM32CubeIDE/plugins/com.st.stm32cube.ide.mcu.externaltools.gnu-tools-for-stm32.14.3.rel1.win32_1.0.100.202602081740/tools/bin/../lib/gcc/arm-none-eabi/14.3.1/../../../../arm-none-eabi/lib/thumb/v7e-m+fp/hard\libc_nano.a(libc_a-findfp.o) (__sread)
[...]
Memory Configuration

Name             Origin             Length             Attributes
RAM              0x20000000         0x00018000         xrw
RAM2             0x10000000         0x00008000         xrw
FLASH            0x08000000         0x00100000         xr
*default*        0x00000000         0xffffffff

Linker script and memory map

LOAD C:/ST/STM32CubeIDE_2.1.1/STM32CubeIDE/plugins/com.st.stm32cube.ide.mcu.externaltools.gnu-tools-for-stm32.14.3.rel1.win32_1.0.100.202602081740/tools/bin/../lib/gcc/arm-none-eabi/14.3.1/thumb/v7e-m+fp/hard/crti.o
LOAD C:/ST/STM32CubeIDE_2.1.1/STM32CubeIDE/plugins/com.st.stm32cube.ide.mcu.externaltools.gnu-tools-for-stm32.14.3.rel1.win32_1.0.100.202602081740/tools/bin/../lib/gcc/arm-none-eabi/14.3.1/thumb/v7e-m+fp/hard/crtbegin.o
LOAD C:/ST/STM32CubeIDE_2.1.1/STM32CubeIDE/plugins/com.st.stm32cube.ide.mcu.externaltools.gnu-tools-for-stm32.14.3.rel1.win32_1.0.100.202602081740/tools/bin/../lib/gcc/arm-none-eabi/14.3.1/../../../../arm-none-eabi/lib/thumb/v7e-m+fp/hard/crt0.o
LOAD ./Core/Src/cdh/baro_diag.o
LOAD ./Core/Src/cdh/cdh.o
LOAD ./Core/Src/cdh/cdh_debug.o
LOAD ./Core/Src/cdh/cdh_fdir.o
LOAD ./Core/Src/cdh/gps_diag.o
LOAD ./Core/Src/cdh/gps_equipment_handler.o
LOAD ./Core/Src/cdh/m10s.o
LOAD ./Core/Src/cdh/mpu6050.o
LOAD ./Core/Src/cdh/mpu6050_equipment_handler.o
LOAD ./Core/Src/cdh/ms5607.o
LOAD ./Core/Src/cdh/ms5607_equipment_handler.o
LOAD ./Core/Src/datapool.o
LOAD ./Core/Src/main.o
LOAD ./Core/Src/stm32l4xx_hal_msp.o
LOAD ./Core/Src/stm32l4xx_it.o
LOAD ./Core/Src/syscalls.o
LOAD ./Core/Src/sysmem.o
LOAD ./Core/Src/system_stm32l4xx.o
LOAD ./Core/Src/fsw/fsm.o
LOAD ./Core/Src/ttc/ttc.o
LOAD ./Core/Startup/startup_stm32l476rgtx.o
LOAD ./Drivers/STM32L4xx_HAL_Driver/stm32l4xx_hal.o
LOAD ./Drivers/STM32L4xx_HAL_Driver/stm32l4xx_hal_cortex.o
LOAD ./Drivers/STM32L4xx_HAL_Driver/stm32l4xx_hal_dma.o
LOAD ./Drivers/STM32L4xx_HAL_Driver/stm32l4xx_hal_dma_ex.o
LOAD ./Drivers/STM32L4xx_HAL_Driver/stm32l4xx_hal_exti.o
LOAD ./Drivers/STM32L4xx_HAL_Driver/stm32l4xx_hal_flash.o
LOAD ./Drivers/STM32L4xx_HAL_Driver/stm32l4xx_hal_flash_ex.o
LOAD ./Drivers/STM32L4xx_HAL_Driver/stm32l4xx_hal_flash_ramfunc.o
LOAD ./Drivers/STM32L4xx_HAL_Driver/stm32l4xx_hal_gpio.o
LOAD ./Drivers/STM32L4xx_HAL_Driver/stm32l4xx_hal_i2c.o
LOAD ./Drivers/STM32L4xx_HAL_Driver/stm32l4xx_hal_i2c_ex.o
LOAD ./Drivers/STM32L4xx_HAL_Driver/stm32l4xx_hal_pcd.o
LOAD ./Drivers/STM32L4xx_HAL_Driver/stm32l4xx_hal_pcd_ex.o
LOAD ./Drivers/STM32L4xx_HAL_Driver/stm32l4xx_hal_pwr.o
LOAD ./Drivers/STM32L4xx_HAL_Driver/stm32l4xx_hal_pwr_ex.o
LOAD ./Drivers/STM32L4xx_HAL_Driver/stm32l4xx_hal_rcc.o
LOAD ./Drivers/STM32L4xx_HAL_Driver/stm32l4xx_hal_rcc_ex.o
LOAD ./Drivers/STM32L4xx_HAL_Driver/stm32l4xx_hal_uart.o
LOAD ./Drivers/STM32L4xx_HAL_Driver/stm32l4xx_hal_uart_ex.o
LOAD ./Drivers/STM32L4xx_HAL_Driver/stm32l4xx_ll_usb.o
LOAD ./Middlewares/USB_Device_Library/usbd_cdc.o
LOAD ./Middlewares/USB_Device_Library/usbd_core.o
LOAD ./Middlewares/USB_Device_Library/usbd_ctlreq.o
LOAD ./Middlewares/USB_Device_Library/usbd_ioreq.o
LOAD ./USB_DEVICE/App/usb_device.o
LOAD ./USB_DEVICE/App/usbd_cdc_if.o
LOAD ./USB_DEVICE/App/usbd_desc.o
LOAD ./USB_DEVICE/Target/usbd_conf.o
START GROUP
LOAD C:/ST/STM32CubeIDE_2.1.1/STM32CubeIDE/plugins/com.st.stm32cube.ide.mcu.externaltools.gnu-tools-for-stm32.14.3.rel1.win32_1.0.100.202602081740/tools/bin/../lib/gcc/arm-none-eabi/14.3.1/../../../../arm-none-eabi/lib/thumb/v7e-m+fp/hard\libc_nano.a
LOAD C:/ST/STM32CubeIDE_2.1.1/STM32CubeIDE/plugins/com.st.stm32cube.ide.mcu.externaltools.gnu-tools-for-stm32.14.3.rel1.win32_1.0.100.202602081740/tools/bin/../lib/gcc/arm-none-eabi/14.3.1/../../../../arm-none-eabi/lib/thumb/v7e-m+fp/hard\libm.a
END GROUP
START GROUP
LOAD C:/ST/STM32CubeIDE_2.1.1/STM32CubeIDE/plugins/com.st.stm32cube.ide.mcu.externaltools.gnu-tools-for-stm32.14.3.rel1.win32_1.0.100.202602081740/tools/bin/../lib/gcc/arm-none-eabi/14.3.1/thumb/v7e-m+fp/hard\libgcc.a
LOAD C:/ST/STM32CubeIDE_2.1.1/STM32CubeIDE/plugins/com.st.stm32cube.ide.mcu.externaltools.gnu-tools-for-stm32.14.3.rel1.win32_1.0.100.202602081740/tools/bin/../lib/gcc/arm-none-eabi/14.3.1/../../../../arm-none-eabi/lib/thumb/v7e-m+fp/hard\libc_nano.a
END GROUP
START GROUP
LOAD C:/ST/STM32CubeIDE_2.1.1/STM32CubeIDE/plugins/com.st.stm32cube.ide.mcu.externaltools.gnu-tools-for-stm32.14.3.rel1.win32_1.0.100.202602081740/tools/bin/../lib/gcc/arm-none-eabi/14.3.1/thumb/v7e-m+fp/hard\libgcc.a
LOAD C:/ST/STM32CubeIDE_2.1.1/STM32CubeIDE/plugins/com.st.stm32cube.ide.mcu.externaltools.gnu-tools-for-stm32.14.3.rel1.win32_1.0.100.202602081740/tools/bin/../lib/gcc/arm-none-eabi/14.3.1/../../../../arm-none-eabi/lib/thumb/v7e-m+fp/hard\libc_nano.a
LOAD C:/ST/STM32CubeIDE_2.1.1/STM32CubeIDE/plugins/com.st.stm32cube.ide.mcu.externaltools.gnu-tools-for-stm32.14.3.rel1.win32_1.0.100.202602081740/tools/bin/../lib/gcc/arm-none-eabi/14.3.1/../../../../arm-none-eabi/lib/thumb/v7e-m+fp/hard\libnosys.a
END GROUP
START GROUP
LOAD C:/ST/STM32CubeIDE_2.1.1/STM32CubeIDE/plugins/com.st.stm32cube.ide.mcu.externaltools.gnu-tools-for-stm32.14.3.rel1.win32_1.0.100.202602081740/tools/bin/../lib/gcc/arm-none-eabi/14.3.1/thumb/v7e-m+fp/hard\libgcc.a
LOAD C:/ST/STM32CubeIDE_2.1.1/STM32CubeIDE/plugins/com.st.stm32cube.ide.mcu.externaltools.gnu-tools-for-stm32.14.3.rel1.win32_1.0.100.202602081740/tools/bin/../lib/gcc/arm-none-eabi/14.3.1/../../../../arm-none-eabi/lib/thumb/v7e-m+fp/hard\libc_nano.a
LOAD C:/ST/STM32CubeIDE_2.1.1/STM32CubeIDE/plugins/com.st.stm32cube.ide.mcu.externaltools.gnu-tools-for-stm32.14.3.rel1.win32_1.0.100.202602081740/tools/bin/../lib/gcc/arm-none-eabi/14.3.1/../../../../arm-none-eabi/lib/thumb/v7e-m+fp/hard\libnosys.a
END GROUP
LOAD C:/ST/STM32CubeIDE_2.1.1/STM32CubeIDE/plugins/com.st.stm32cube.ide.mcu.externaltools.gnu-tools-for-stm32.14.3.rel1.win32_1.0.100.202602081740/tools/bin/../lib/gcc/arm-none-eabi/14.3.1/thumb/v7e-m+fp/hard/crtend.o
LOAD C:/ST/STM32CubeIDE_2.1.1/STM32CubeIDE/plugins/com.st.stm32cube.ide.mcu.externaltools.gnu-tools-for-stm32.14.3.rel1.win32_1.0.100.202602081740/tools/bin/../lib/gcc/arm-none-eabi/14.3.1/thumb/v7e-m+fp/hard/crtn.o
                0x20018000                        _estack = (ORIGIN (RAM) + LENGTH (RAM))
                0x00000200                        _Min_Heap_Size = 0x200
                0x00000400                        _Min_Stack_Size = 0x400

.isr_vector     0x08000000      0x188
                0x08000000                        . = ALIGN (0x4)
 *(.isr_vector)
 .isr_vector    0x08000000      0x188 ./Core/Startup/startup_stm32l476rgtx.o
                0x08000000                g_pfnVectors
                0x08000188                        . = ALIGN (0x4)

.text           0x08000190    0x11890
                0x08000190                        . = ALIGN (0x4)
 *(.text)
 .text          0x08000190       0x40 C:/ST/STM32CubeIDE_2.1.1/STM32CubeIDE/plugins/com.st.stm32cube.ide.mcu.externaltools.gnu-tools-for-stm32.14.3.rel1.win32_1.0.100.202602081740/tools/bin/../lib/gcc/arm-none-eabi/14.3.1/thumb/v7e-m+fp/hard/crtbegin.o
 .text          0x080001d0       0xa0 C:/ST/STM32CubeIDE_2.1.1/STM32CubeIDE/plugins/com.st.stm32cube.ide.mcu.externaltools.gnu-tools-for-stm32.14.3.rel1.win32_1.0.100.202602081740/tools/bin/../lib/gcc/arm-none-eabi/14.3.1/../../../../arm-none-eabi/lib/thumb/v7e-m+fp/hard\libc_nano.a(libc_a-memchr.o)
                0x080001d0                memchr
 .text          0x08000270      0x378 C:/ST/STM32CubeIDE_2.1.1/STM32CubeIDE/plugins/com.st.stm32cube.ide.mcu.externaltools.gnu-tools-for-stm32.14.3.rel1.win32_1.0.100.202602081740/tools/bin/../lib/gcc/arm-none-eabi/14.3.1/thumb/v7e-m+fp/hard\libgcc.a(_arm_addsubdf3.o)
                0x08000270                __aeabi_drsub
                0x08000278                __aeabi_dsub
                0x08000278                __subdf3
                0x0800027c                __aeabi_dadd
                0x0800027c                __adddf3
                0x080004f4                __floatunsidf
                0x080004f4                __aeabi_ui2d
                0x08000514                __floatsidf
                0x08000514                __aeabi_i2d
                0x08000538                __aeabi_f2d
                0x08000538                __extendsfdf2
                0x0800057c                __floatundidf
                0x0800057c                __aeabi_ul2d
                0x0800058c                __floatdidf
                0x0800058c                __aeabi_l2d
 .text          0x080005e8      0x424 C:/ST/STM32CubeIDE_2.1.1/STM32CubeIDE/plugins/com.st.stm32cube.ide.mcu.externaltools.gnu-tools-for-stm32.14.3.rel1.win32_1.0.100.202602081740/tools/bin/../lib/gcc/arm-none-eabi/14.3.1/thumb/v7e-m+fp/hard\libgcc.a(_arm_muldivdf3.o)
                0x080005e8                __aeabi_dmul
                0x080005e8                __muldf3
                0x0800083c                __divdf3
                0x0800083c                __aeabi_ddiv
 .text          0x08000a0c      0x110 C:/ST/STM32CubeIDE_2.1.1/STM32CubeIDE/plugins/com.st.stm32cube.ide.mcu.externaltools.gnu-tools-for-stm32.14.3.rel1.win32_1.0.100.202602081740/tools/bin/../lib/gcc/arm-none-eabi/14.3.1/thumb/v7e-m+fp/hard\libgcc.a(_arm_cmpdf2.o)
                0x08000a0c                __gtdf2
                0x08000a0c                __gedf2
                0x08000a14                __ltdf2
                0x08000a14                __ledf2
                0x08000a1c                __nedf2
                0x08000a1c                __eqdf2
                0x08000a1c                __cmpdf2
                0x08000a98                __aeabi_cdrcmple
                0x08000aa8                __aeabi_cdcmpeq
                0x08000aa8                __aeabi_cdcmple
                0x08000ab8                __aeabi_dcmpeq
                0x08000acc                __aeabi_dcmplt
                0x08000ae0                __aeabi_dcmple
                0x08000af4                __aeabi_dcmpge
                0x08000b08                __aeabi_dcmpgt
 .text          0x08000b1c       0x50 C:/ST/STM32CubeIDE_2.1.1/STM32CubeIDE/plugins/com.st.stm32cube.ide.mcu.externaltools.gnu-tools-for-stm32.14.3.rel1.win32_1.0.100.202602081740/tools/bin/../lib/gcc/arm-none-eabi/14.3.1/thumb/v7e-m+fp/hard\libgcc.a(_arm_fixdfsi.o)
                0x08000b1c                __aeabi_d2iz
                0x08000b1c                __fixdfsi
 .text          0x08000b6c       0x40 C:/ST/STM32CubeIDE_2.1.1/STM32CubeIDE/plugins/com.st.stm32cube.ide.mcu.externaltools.gnu-tools-for-stm32.14.3.rel1.win32_1.0.100.202602081740/tools/bin/../lib/gcc/arm-none-eabi/14.3.1/thumb/v7e-m+fp/hard\libgcc.a(_arm_fixunsdfsi.o)
                0x08000b6c                __aeabi_d2uiz
                0x08000b6c                __fixunsdfsi
 .text          0x08000bac       0xa0 C:/ST/STM32CubeIDE_2.1.1/STM32CubeIDE/plugins/com.st.stm32cube.ide.mcu.externaltools.gnu-tools-for-stm32.14.3.rel1.win32_1.0.100.202602081740/tools/bin/../lib/gcc/arm-none-eabi/14.3.1/thumb/v7e-m+fp/hard\libgcc.a(_arm_truncdfsf2.o)
                0x08000bac                __truncdfsf2
                0x08000bac                __aeabi_d2f
 .text          0x08000c4c      0x21c C:/ST/STM32CubeIDE_2.1.1/STM32CubeIDE/plugins/com.st.stm32cube.ide.mcu.externaltools.gnu-tools-for-stm32.14.3.rel1.win32_1.0.100.202602081740/tools/bin/../lib/gcc/arm-none-eabi/14.3.1/thumb/v7e-m+fp/hard\libgcc.a(_arm_addsubsf3.o)
                0x08000c4c                __aeabi_frsub
                0x08000c54                __subsf3
                0x08000c54                __aeabi_fsub
                0x08000c58                __aeabi_fadd
                0x08000c58                __addsf3
                0x08000db8                __aeabi_ui2f
                0x08000db8                __floatunsisf
                0x08000dc0                __aeabi_i2f
                0x08000dc0                __floatsisf
                0x08000ddc                __aeabi_ul2f
                0x08000ddc                __floatundisf
                0x08000dec                __aeabi_l2f
                0x08000dec                __floatdisf
 .text          0x08000e68       0x30 C:/ST/STM32CubeIDE_2.1.1/STM32CubeIDE/plugins/com.st.stm32cube.ide.mcu.externaltools.gnu-tools-for-stm32.14.3.rel1.win32_1.0.100.202602081740/tools/bin/../lib/gcc/arm-none-eabi/14.3.1/thumb/v7e-m+fp/hard\libgcc.a(_aeabi_uldivmod.o)
                0x08000e68                __aeabi_uldivmod
 .text          0x08000e98       0x30 C:/ST/STM32CubeIDE_2.1.1/STM32CubeIDE/plugins/com.st.stm32cube.ide.mcu.externaltools.gnu-tools-for-stm32.14.3.rel1.win32_1.0.100.202602081740/tools/bin/../lib/gcc/arm-none-eabi/14.3.1/thumb/v7e-m+fp/hard\libgcc.a(_fixdfdi.o)
                0x08000e98                __fixdfdi
                0x08000e98                __aeabi_d2lz
 .text          0x08000ec8       0x3c C:/ST/STM32CubeIDE_2.1.1/STM32CubeIDE/plugins/com.st.stm32cube.ide.mcu.externaltools.gnu-tools-for-stm32.14.3.rel1.win32_1.0.100.202602081740/tools/bin/../lib/gcc/arm-none-eabi/14.3.1/thumb/v7e-m+fp/hard\libgcc.a(_fixunsdfdi.o)
                0x08000ec8                __fixunsdfdi
                0x08000ec8                __aeabi_d2ulz
 .text          0x08000f04      0x2f8 C:/ST/STM32CubeIDE_2.1.1/STM32CubeIDE/plugins/com.st.stm32cube.ide.mcu.externaltools.gnu-tools-for-stm32.14.3.rel1.win32_1.0.100.202602081740/tools/bin/../lib/gcc/arm-none-eabi/14.3.1/thumb/v7e-m+fp/hard\libgcc.a(_udivmoddi4.o)
                0x08000f04                __udivmoddi4
 .text          0x080011fc        0x4 C:/ST/STM32CubeIDE_2.1.1/STM32CubeIDE/plugins/com.st.stm32cube.ide.mcu.externaltools.gnu-tools-for-stm32.14.3.rel1.win32_1.0.100.202602081740/tools/bin/../lib/gcc/arm-none-eabi/14.3.1/thumb/v7e-m+fp/hard\libgcc.a(_dvmd_tls.o)
                0x080011fc                __aeabi_idiv0
                0x080011fc                __aeabi_ldiv0
 *(.text*)
 .text.Baro_Diag_Test
                0x08001200      0x1e0 ./Core/Src/cdh/baro_diag.o
                0x08001200                Baro_Diag_Test
 .text.CDH_SetFault
                0x080013e0       0x44 ./Core/Src/cdh/cdh.o
 .text.CDH_Init
                0x08001424       0xb0 ./Core/Src/cdh/cdh.o
                0x08001424                CDH_Init
 .text.CDH_Update
                0x080014d4      0x2f0 ./Core/Src/cdh/cdh.o
                0x080014d4                CDH_Update
 .text.CDH_Debug_PrintGPS
                0x080017c4      0x320 ./Core/Src/cdh/cdh_debug.o
                0x080017c4                CDH_Debug_PrintGPS
 .text.CDH_Debug_PrintBaro
                0x08001ae4      0x190 ./Core/Src/cdh/cdh_debug.o
                0x08001ae4                CDH_Debug_PrintBaro
 .text.CDH_FDIR_Init
                0x08001c74       0x20 ./Core/Src/cdh/cdh_fdir.o
                0x08001c74                CDH_FDIR_Init
 .text.GPS_Diag_Test
                0x08001c94      0x430 ./Core/Src/cdh/gps_diag.o
                0x08001c94                GPS_Diag_Test
 .text.GPS_EquipmentHandler_Init
                0x080020c4       0x4e ./Core/Src/cdh/gps_equipment_handler.o
                0x080020c4                GPS_EquipmentHandler_Init
 .text.GPS_EquipmentHandler_Update
                0x08002112      0x184 ./Core/Src/cdh/gps_equipment_handler.o
                0x08002112                GPS_EquipmentHandler_Update
 .text.M10S_CalculateChecksum
                0x08002296       0x62 ./Core/Src/cdh/m10s.o
 .text.M10S_VerifyChecksum
                0x080022f8       0x52 ./Core/Src/cdh/m10s.o
 *fill*         0x0800234a        0x6 
 .text.M10S_ParseNAVPVT
                0x08002350      0x1bc ./Core/Src/cdh/m10s.o
 .text.M10S_CheckPresence
                0x0800250c       0x36 ./Core/Src/cdh/m10s.o
 .text.M10S_SendCommand
                0x08002542       0x38 ./Core/Src/cdh/m10s.o
 .text.M10S_GetBytesAvailable
                0x0800257a       0x56 ./Core/Src/cdh/m10s.o
 .text.M10S_ReadDataStream
                0x080025d0       0x5a ./Core/Src/cdh/m10s.o
 *fill*         0x0800262a        0x2 
 .text.M10S_ClearBuffer
                0x0800262c       0x24 ./Core/Src/cdh/m10s.o
 .text.M10S_BufferAdd
                0x08002650       0x80 ./Core/Src/cdh/m10s.o
 .text.M10S_BufferRemoveFront
                0x080026d0       0x50 ./Core/Src/cdh/m10s.o
 .text.M10S_Begin
                0x08002720      0x350 ./Core/Src/cdh/m10s.o
                0x08002720                M10S_Begin
 .text.M10S_RequestPVT
                0x08002a70       0x64 ./Core/Src/cdh/m10s.o
                0x08002a70                M10S_RequestPVT
 .text.M10S_CheckUblox
                0x08002ad4       0x98 ./Core/Src/cdh/m10s.o
                0x08002ad4                M10S_CheckUblox
 .text.M10S_ParseNMEA_GGA
                0x08002b6c      0x344 ./Core/Src/cdh/m10s.o
 .text.M10S_ParseNMEA_RMC
                0x08002eb0      0x2f4 ./Core/Src/cdh/m10s.o
 .text.M10S_Read
                0x080031a4      0x340 ./Core/Src/cdh/m10s.o
                0x080031a4                M10S_Read
 .text.M10S_GetBufferFillLevel
                0x080034e4       0x18 ./Core/Src/cdh/m10s.o
                0x080034e4                M10S_GetBufferFillLevel
 .text.MPU6050_WriteReg
                0x080034fc       0x32 ./Core/Src/cdh/mpu6050.o
 .text.MPU6050_ReadReg
                0x0800352e       0x32 ./Core/Src/cdh/mpu6050.o
 .text.MPU6050_Check
                0x08003560       0x28 ./Core/Src/cdh/mpu6050.o
                0x08003560                MPU6050_Check
 .text.MPU6050_Init
                0x08003588       0x44 ./Core/Src/cdh/mpu6050.o
                0x08003588                MPU6050_Init
 .text.MPU6050_Read
                0x080035cc      0x178 ./Core/Src/cdh/mpu6050.o
                0x080035cc                MPU6050_Read
 .text.MPU6050_IsDataFlatlined
                0x08003744       0x9c ./Core/Src/cdh/mpu6050_equipment_handler.o
 .text.MPU6050_EquipmentHandler_Init
                0x080037e0       0x9c ./Core/Src/cdh/mpu6050_equipment_handler.o
                0x080037e0                MPU6050_EquipmentHandler_Init
 .text.MPU6050_EquipmentHandler_Update
                0x0800387c       0xf4 ./Core/Src/cdh/mpu6050_equipment_handler.o
                0x0800387c                MPU6050_EquipmentHandler_Update
 .text.MS5607_WriteCmd
                0x08003970       0x24 ./Core/Src/cdh/ms5607.o
 .text.MS5607_ReadADC
                0x08003994       0x46 ./Core/Src/cdh/ms5607.o
 *fill*         0x080039da        0x2 
 .text.MS5607_ReadPROM
                0x080039dc       0x74 ./Core/Src/cdh/ms5607.o
 .text.MS5607_Check
                0x08003a50       0x1e ./Core/Src/cdh/ms5607.o
                0x08003a50                MS5607_Check
 .text.MS5607_Init
                0x08003a6e       0x24 ./Core/Src/cdh/ms5607.o
                0x08003a6e                MS5607_Init
 *fill*         0x08003a92        0x2 
 .text.MS5607_Read
                0x08003a94      0x5fc ./Core/Src/cdh/ms5607.o
                0x08003a94                MS5607_Read
 .text.MS5607_EquipmentHandler_Init
                0x08004090       0xae ./Core/Src/cdh/ms5607_equipment_handler.o
                0x08004090                MS5607_EquipmentHandler_Init
 .text.MS5607_EquipmentHandler_Update
                0x0800413e       0xa0 ./Core/Src/cdh/ms5607_equipment_handler.o
                0x0800413e                MS5607_EquipmentHandler_Update
 *fill*         0x080041de        0x2 
 .text.main     0x080041e0       0x50 ./Core/Src/main.o
                0x080041e0                main
 .text.SystemClock_Config
                0x08004230       0xc4 ./Core/Src/main.o
                0x08004230                SystemClock_Config
 .text.MX_I2C1_Init
                0x080042f4       0x80 ./Core/Src/main.o
 .text.MX_UART4_Init
                0x08004374       0x60 ./Core/Src/main.o
 .text.MX_UART5_Init
                0x080043d4       0x60 ./Core/Src/main.o
 .text.MX_USART2_UART_Init
                0x08004434       0x60 ./Core/Src/main.o
 .text.MX_USART3_UART_Init
                0x08004494       0x60 ./Core/Src/main.o
 .text.MX_GPIO_Init
                0x080044f4      0x12c ./Core/Src/main.o
 .text.Error_Handler
                0x08004620        0xc ./Core/Src/main.o
                0x08004620                Error_Handler
 .text.HAL_MspInit
                0x0800462c       0x48 ./Core/Src/stm32l4xx_hal_msp.o
                0x0800462c                HAL_MspInit
 .text.HAL_I2C_MspInit
                0x08004674       0xbc ./Core/Src/stm32l4xx_hal_msp.o
                0x08004674                HAL_I2C_MspInit
 .text.HAL_I2C_MspDeInit
                0x08004730       0x48 ./Core/Src/stm32l4xx_hal_msp.o
                0x08004730                HAL_I2C_MspDeInit
 .text.HAL_UART_MspInit
                0x08004778      0x2a0 ./Core/Src/stm32l4xx_hal_msp.o
                0x08004778                HAL_UART_MspInit
 .text.NMI_Handler
                0x08004a18        0x8 ./Core/Src/stm32l4xx_it.o
                0x08004a18                NMI_Handler
 .text.HardFault_Handler
                0x08004a20        0x8 ./Core/Src/stm32l4xx_it.o
                0x08004a20                HardFault_Handler
 .text.MemManage_Handler
                0x08004a28        0x8 ./Core/Src/stm32l4xx_it.o
                0x08004a28                MemManage_Handler
 .text.BusFault_Handler
                0x08004a30        0x8 ./Core/Src/stm32l4xx_it.o
                0x08004a30                BusFault_Handler
 .text.UsageFault_Handler
                0x08004a38        0x8 ./Core/Src/stm32l4xx_it.o
                0x08004a38                UsageFault_Handler
 .text.SVC_Handler
                0x08004a40        0xe ./Core/Src/stm32l4xx_it.o
                0x08004a40                SVC_Handler
 .text.DebugMon_Handler
                0x08004a4e        0xe ./Core/Src/stm32l4xx_it.o
                0x08004a4e                DebugMon_Handler
 .text.PendSV_Handler
                0x08004a5c        0xe ./Core/Src/stm32l4xx_it.o
                0x08004a5c                PendSV_Handler
 .text.SysTick_Handler
                0x08004a6a        0xc ./Core/Src/stm32l4xx_it.o
                0x08004a6a                SysTick_Handler
 *fill*         0x08004a76        0x2 
 .text.OTG_FS_IRQHandler
                0x08004a78       0x14 ./Core/Src/stm32l4xx_it.o
                0x08004a78                OTG_FS_IRQHandler
 .text._getpid  0x08004a8c       0x10 ./Core/Src/syscalls.o
                0x08004a8c                _getpid
 .text._kill    0x08004a9c       0x20 ./Core/Src/syscalls.o
                0x08004a9c                _kill
 .text._exit    0x08004abc       0x16 ./Core/Src/syscalls.o
                0x08004abc                _exit
 .text._read    0x08004ad2       0x3a ./Core/Src/syscalls.o
                0x08004ad2                _read
 .text._write   0x08004b0c       0x38 ./Core/Src/syscalls.o
                0x08004b0c                _write
 .text._close   0x08004b44       0x18 ./Core/Src/syscalls.o
                0x08004b44                _close
 .text._fstat   0x08004b5c       0x20 ./Core/Src/syscalls.o
                0x08004b5c                _fstat
 .text._isatty  0x08004b7c       0x16 ./Core/Src/syscalls.o
                0x08004b7c                _isatty
 .text._lseek   0x08004b92       0x1a ./Core/Src/syscalls.o
                0x08004b92                _lseek
 .text._sbrk    0x08004bac       0x6c ./Core/Src/sysmem.o
                0x08004bac                _sbrk
 .text.SystemInit
                0x08004c18       0x24 ./Core/Src/system_stm32l4xx.o
                0x08004c18                SystemInit
 .text.Reset_Handler
                0x08004c3c       0x50 ./Core/Startup/startup_stm32l476rgtx.o
                0x08004c3c                Reset_Handler
 .text.Default_Handler
                0x08004c8c        0x2 ./Core/Startup/startup_stm32l476rgtx.o
                0x08004c8c                RTC_Alarm_IRQHandler
                0x08004c8c                EXTI2_IRQHandler
                0x08004c8c                TIM8_TRG_COM_IRQHandler
                0x08004c8c                TIM8_CC_IRQHandler
                0x08004c8c                TIM1_CC_IRQHandler
                0x08004c8c                TSC_IRQHandler
                0x08004c8c                TAMP_STAMP_IRQHandler
                0x08004c8c                EXTI3_IRQHandler
                0x08004c8c                LPTIM2_IRQHandler
                0x08004c8c                DFSDM1_FLT1_IRQHandler
                0x08004c8c                I2C3_ER_IRQHandler
                0x08004c8c                DFSDM1_FLT2_IRQHandler
                0x08004c8c                EXTI0_IRQHandler
                0x08004c8c                I2C2_EV_IRQHandler
                0x08004c8c                CAN1_RX0_IRQHandler
                0x08004c8c                FPU_IRQHandler
                0x08004c8c                TIM1_UP_TIM16_IRQHandler
                0x08004c8c                ADC1_2_IRQHandler
                0x08004c8c                SPI1_IRQHandler
                0x08004c8c                TIM6_DAC_IRQHandler
                0x08004c8c                TIM8_UP_IRQHandler
                0x08004c8c                DMA2_Channel2_IRQHandler
                0x08004c8c                DMA1_Channel4_IRQHandler
                0x08004c8c                SAI2_IRQHandler
                0x08004c8c                DFSDM1_FLT3_IRQHandler
                0x08004c8c                USART3_IRQHandler
                0x08004c8c                DMA1_Channel7_IRQHandler
                0x08004c8c                CAN1_RX1_IRQHandler
                0x08004c8c                LCD_IRQHandler
                0x08004c8c                UART5_IRQHandler
                0x08004c8c                ADC3_IRQHandler
                0x08004c8c                TIM4_IRQHandler
                0x08004c8c                DMA2_Channel1_IRQHandler
                0x08004c8c                QUADSPI_IRQHandler
                0x08004c8c                I2C1_EV_IRQHandler
                0x08004c8c                DMA1_Channel6_IRQHandler
                0x08004c8c                UART4_IRQHandler
                0x08004c8c                DMA2_Channel4_IRQHandler
                0x08004c8c                TIM3_IRQHandler
                0x08004c8c                RCC_IRQHandler
                0x08004c8c                DMA1_Channel1_IRQHandler
                0x08004c8c                Default_Handler
                0x08004c8c                DMA2_Channel7_IRQHandler
                0x08004c8c                EXTI15_10_IRQHandler
                0x08004c8c                TIM7_IRQHandler
                0x08004c8c                SDMMC1_IRQHandler
                0x08004c8c                TIM5_IRQHandler
                0x08004c8c                I2C3_EV_IRQHandler
                0x08004c8c                EXTI9_5_IRQHandler
                0x08004c8c                RTC_WKUP_IRQHandler
                0x08004c8c                PVD_PVM_IRQHandler
                0x08004c8c                SPI2_IRQHandler
                0x08004c8c                CAN1_TX_IRQHandler
                0x08004c8c                DMA2_Channel5_IRQHandler
                0x08004c8c                DMA1_Channel5_IRQHandler
                0x08004c8c                EXTI4_IRQHandler
                0x08004c8c                RNG_IRQHandler
                0x08004c8c                TIM1_TRG_COM_TIM17_IRQHandler
                0x08004c8c                DMA1_Channel3_IRQHandler
                0x08004c8c                COMP_IRQHandler
                0x08004c8c                WWDG_IRQHandler
                0x08004c8c                LPUART1_IRQHandler
                0x08004c8c                DMA2_Channel6_IRQHandler
                0x08004c8c                TIM2_IRQHandler
                0x08004c8c                EXTI1_IRQHandler
                0x08004c8c                USART2_IRQHandler
                0x08004c8c                DFSDM1_FLT0_IRQHandler
                0x08004c8c                I2C2_ER_IRQHandler
                0x08004c8c                DMA1_Channel2_IRQHandler
                0x08004c8c                TIM8_BRK_IRQHandler
                0x08004c8c                CAN1_SCE_IRQHandler
                0x08004c8c                FLASH_IRQHandler
                0x08004c8c                USART1_IRQHandler
                0x08004c8c                SPI3_IRQHandler
                0x08004c8c                I2C1_ER_IRQHandler
                0x08004c8c                FMC_IRQHandler
                0x08004c8c                SWPMI1_IRQHandler
                0x08004c8c                LPTIM1_IRQHandler
                0x08004c8c                SAI1_IRQHandler
                0x08004c8c                DMA2_Channel3_IRQHandler
                0x08004c8c                TIM1_BRK_TIM15_IRQHandler
 .text.HAL_Init
                0x08004c8e       0x30 ./Drivers/STM32L4xx_HAL_Driver/stm32l4xx_hal.o
                0x08004c8e                HAL_Init
 *fill*         0x08004cbe        0x2 
 .text.HAL_InitTick
                0x08004cc0       0x78 ./Drivers/STM32L4xx_HAL_Driver/stm32l4xx_hal.o
                0x08004cc0                HAL_InitTick
 .text.HAL_IncTick
                0x08004d38       0x28 ./Drivers/STM32L4xx_HAL_Driver/stm32l4xx_hal.o
                0x08004d38                HAL_IncTick
 .text.HAL_GetTick
                0x08004d60       0x18 ./Drivers/STM32L4xx_HAL_Driver/stm32l4xx_hal.o
                0x08004d60                HAL_GetTick
 .text.HAL_Delay
                0x08004d78       0x48 ./Drivers/STM32L4xx_HAL_Driver/stm32l4xx_hal.o
                0x08004d78                HAL_Delay
 .text.__NVIC_SetPriorityGrouping
                0x08004dc0       0x48 ./Drivers/STM32L4xx_HAL_Driver/stm32l4xx_hal_cortex.o
 .text.__NVIC_GetPriorityGrouping
                0x08004e08       0x1c ./Drivers/STM32L4xx_HAL_Driver/stm32l4xx_hal_cortex.o
 .text.__NVIC_EnableIRQ
                0x08004e24       0x3c ./Drivers/STM32L4xx_HAL_Driver/stm32l4xx_hal_cortex.o
 .text.__NVIC_SetPriority
                0x08004e60       0x54 ./Drivers/STM32L4xx_HAL_Driver/stm32l4xx_hal_cortex.o
 .text.NVIC_EncodePriority
                0x08004eb4       0x66 ./Drivers/STM32L4xx_HAL_Driver/stm32l4xx_hal_cortex.o
 *fill*         0x08004f1a        0x2 
 .text.SysTick_Config
                0x08004f1c       0x44 ./Drivers/STM32L4xx_HAL_Driver/stm32l4xx_hal_cortex.o
 .text.HAL_NVIC_SetPriorityGrouping
                0x08004f60       0x16 ./Drivers/STM32L4xx_HAL_Driver/stm32l4xx_hal_cortex.o
                0x08004f60                HAL_NVIC_SetPriorityGrouping
 .text.HAL_NVIC_SetPriority
                0x08004f76       0x38 ./Drivers/STM32L4xx_HAL_Driver/stm32l4xx_hal_cortex.o
                0x08004f76                HAL_NVIC_SetPriority
 .text.HAL_NVIC_EnableIRQ
                0x08004fae       0x1c ./Drivers/STM32L4xx_HAL_Driver/stm32l4xx_hal_cortex.o
                0x08004fae                HAL_NVIC_EnableIRQ
 .text.HAL_SYSTICK_Config
                0x08004fca       0x18 ./Drivers/STM32L4xx_HAL_Driver/stm32l4xx_hal_cortex.o
                0x08004fca                HAL_SYSTICK_Config
 *fill*         0x08004fe2        0x2 
 .text.HAL_GPIO_Init
                0x08004fe4      0x354 ./Drivers/STM32L4xx_HAL_Driver/stm32l4xx_hal_gpio.o
                0x08004fe4                HAL_GPIO_Init
 .text.HAL_GPIO_DeInit
                0x08005338      0x1e8 ./Drivers/STM32L4xx_HAL_Driver/stm32l4xx_hal_gpio.o
                0x08005338                HAL_GPIO_DeInit
 .text.HAL_GPIO_WritePin
                0x08005520       0x30 ./Drivers/STM32L4xx_HAL_Driver/stm32l4xx_hal_gpio.o
                0x08005520                HAL_GPIO_WritePin
 .text.HAL_I2C_Init
                0x08005550      0x136 ./Drivers/STM32L4xx_HAL_Driver/stm32l4xx_hal_i2c.o
                0x08005550                HAL_I2C_Init
 .text.HAL_I2C_DeInit
                0x08005686       0x5e ./Drivers/STM32L4xx_HAL_Driver/stm32l4xx_hal_i2c.o
                0x08005686                HAL_I2C_DeInit
 .text.HAL_I2C_Master_Transmit
                0x080056e4      0x230 ./Drivers/STM32L4xx_HAL_Driver/stm32l4xx_hal_i2c.o
                0x080056e4                HAL_I2C_Master_Transmit
 .text.HAL_I2C_Master_Receive
                0x08005914      0x1ec ./Drivers/STM32L4xx_HAL_Driver/stm32l4xx_hal_i2c.o
                0x08005914                HAL_I2C_Master_Receive
 .text.HAL_I2C_Mem_Write
                0x08005b00      0x228 ./Drivers/STM32L4xx_HAL_Driver/stm32l4xx_hal_i2c.o
                0x08005b00                HAL_I2C_Mem_Write
 .text.HAL_I2C_Mem_Read
                0x08005d28      0x234 ./Drivers/STM32L4xx_HAL_Driver/stm32l4xx_hal_i2c.o
                0x08005d28                HAL_I2C_Mem_Read
 .text.HAL_I2C_IsDeviceReady
                0x08005f5c      0x1e8 ./Drivers/STM32L4xx_HAL_Driver/stm32l4xx_hal_i2c.o
                0x08005f5c                HAL_I2C_IsDeviceReady
 .text.I2C_RequestMemoryWrite
                0x08006144       0xa8 ./Drivers/STM32L4xx_HAL_Driver/stm32l4xx_hal_i2c.o
 .text.I2C_RequestMemoryRead
                0x080061ec       0xa8 ./Drivers/STM32L4xx_HAL_Driver/stm32l4xx_hal_i2c.o
 .text.I2C_Flush_TXDR
                0x08006294       0x48 ./Drivers/STM32L4xx_HAL_Driver/stm32l4xx_hal_i2c.o
 .text.I2C_WaitOnFlagUntilTimeout
                0x080062dc       0xb2 ./Drivers/STM32L4xx_HAL_Driver/stm32l4xx_hal_i2c.o
 .text.I2C_WaitOnTXISFlagUntilTimeout
                0x0800638e       0x8e ./Drivers/STM32L4xx_HAL_Driver/stm32l4xx_hal_i2c.o
 .text.I2C_WaitOnSTOPFlagUntilTimeout
                0x0800641c       0x86 ./Drivers/STM32L4xx_HAL_Driver/stm32l4xx_hal_i2c.o
 *fill*         0x080064a2        0x2 
 .text.I2C_WaitOnRXNEFlagUntilTimeout
                0x080064a4      0x118 ./Drivers/STM32L4xx_HAL_Driver/stm32l4xx_hal_i2c.o
 .text.I2C_IsErrorOccurred
                0x080065bc      0x1c0 ./Drivers/STM32L4xx_HAL_Driver/stm32l4xx_hal_i2c.o
 .text.I2C_TransferConfig
                0x0800677c       0x64 ./Drivers/STM32L4xx_HAL_Driver/stm32l4xx_hal_i2c.o
 .text.HAL_I2CEx_ConfigAnalogFilter
                0x080067e0       0x96 ./Drivers/STM32L4xx_HAL_Driver/stm32l4xx_hal_i2c_ex.o
                0x080067e0                HAL_I2CEx_ConfigAnalogFilter
 .text.HAL_I2CEx_ConfigDigitalFilter
                0x08006876       0x98 ./Drivers/STM32L4xx_HAL_Driver/stm32l4xx_hal_i2c_ex.o
                0x08006876                HAL_I2CEx_ConfigDigitalFilter
 .text.HAL_PCD_Init
                0x0800690e      0x21e ./Drivers/STM32L4xx_HAL_Driver/stm32l4xx_hal_pcd.o
                0x0800690e                HAL_PCD_Init
 .text.HAL_PCD_Start
                0x08006b2c       0x5e ./Drivers/STM32L4xx_HAL_Driver/stm32l4xx_hal_pcd.o
                0x08006b2c                HAL_PCD_Start
 .text.HAL_PCD_IRQHandler
                0x08006b8a      0x960 ./Drivers/STM32L4xx_HAL_Driver/stm32l4xx_hal_pcd.o
                0x08006b8a                HAL_PCD_IRQHandler
 .text.HAL_PCD_SetAddress
                0x080074ea       0x48 ./Drivers/STM32L4xx_HAL_Driver/stm32l4xx_hal_pcd.o
                0x080074ea                HAL_PCD_SetAddress
 .text.HAL_PCD_EP_Open
                0x08007532       0xd4 ./Drivers/STM32L4xx_HAL_Driver/stm32l4xx_hal_pcd.o
                0x08007532                HAL_PCD_EP_Open
 .text.HAL_PCD_EP_Close
                0x08007606       0x94 ./Drivers/STM32L4xx_HAL_Driver/stm32l4xx_hal_pcd.o
                0x08007606                HAL_PCD_EP_Close
 .text.HAL_PCD_EP_Receive
                0x0800769a       0x64 ./Drivers/STM32L4xx_HAL_Driver/stm32l4xx_hal_pcd.o
                0x0800769a                HAL_PCD_EP_Receive
 .text.HAL_PCD_EP_GetRxCount
                0x080076fe       0x30 ./Drivers/STM32L4xx_HAL_Driver/stm32l4xx_hal_pcd.o
                0x080076fe                HAL_PCD_EP_GetRxCount
 .text.HAL_PCD_EP_Transmit
                0x0800772e       0x62 ./Drivers/STM32L4xx_HAL_Driver/stm32l4xx_hal_pcd.o
                0x0800772e                HAL_PCD_EP_Transmit
 .text.HAL_PCD_EP_SetStall
                0x08007790       0xc4 ./Drivers/STM32L4xx_HAL_Driver/stm32l4xx_hal_pcd.o
                0x08007790                HAL_PCD_EP_SetStall
 .text.HAL_PCD_EP_ClrStall
                0x08007854       0xac ./Drivers/STM32L4xx_HAL_Driver/stm32l4xx_hal_pcd.o
                0x08007854                HAL_PCD_EP_ClrStall
 .text.HAL_PCD_EP_Abort
                0x08007900       0x62 ./Drivers/STM32L4xx_HAL_Driver/stm32l4xx_hal_pcd.o
                0x08007900                HAL_PCD_EP_Abort
 .text.PCD_WriteEmptyTxFifo
                0x08007962      0x110 ./Drivers/STM32L4xx_HAL_Driver/stm32l4xx_hal_pcd.o
 *fill*         0x08007a72        0x2 
 .text.PCD_EP_OutXfrComplete_int
                0x08007a74       0x9c ./Drivers/STM32L4xx_HAL_Driver/stm32l4xx_hal_pcd.o
 .text.PCD_EP_OutSetupPacket_int
                0x08007b10       0x68 ./Drivers/STM32L4xx_HAL_Driver/stm32l4xx_hal_pcd.o
 .text.HAL_PCDEx_SetTxFiFo
                0x08007b78       0x8e ./Drivers/STM32L4xx_HAL_Driver/stm32l4xx_hal_pcd_ex.o
                0x08007b78                HAL_PCDEx_SetTxFiFo
 .text.HAL_PCDEx_SetRxFiFo
                0x08007c06       0x22 ./Drivers/STM32L4xx_HAL_Driver/stm32l4xx_hal_pcd_ex.o
                0x08007c06                HAL_PCDEx_SetRxFiFo
 .text.HAL_PCDEx_ActivateLPM
                0x08007c28       0x48 ./Drivers/STM32L4xx_HAL_Driver/stm32l4xx_hal_pcd_ex.o
                0x08007c28                HAL_PCDEx_ActivateLPM
 .text.HAL_PWR_EnableBkUpAccess
                0x08007c70       0x20 ./Drivers/STM32L4xx_HAL_Driver/stm32l4xx_hal_pwr.o
                0x08007c70                HAL_PWR_EnableBkUpAccess
 .text.HAL_PWREx_GetVoltageRange
                0x08007c90       0x1c ./Drivers/STM32L4xx_HAL_Driver/stm32l4xx_hal_pwr_ex.o
                0x08007c90                HAL_PWREx_GetVoltageRange
 .text.HAL_PWREx_ControlVoltageScaling
                0x08007cac       0xac ./Drivers/STM32L4xx_HAL_Driver/stm32l4xx_hal_pwr_ex.o
                0x08007cac                HAL_PWREx_ControlVoltageScaling
 .text.HAL_PWREx_EnableVddUSB
                0x08007d58       0x20 ./Drivers/STM32L4xx_HAL_Driver/stm32l4xx_hal_pwr_ex.o
                0x08007d58                HAL_PWREx_EnableVddUSB
 .text.HAL_RCC_OscConfig
                0x08007d78      0x7b8 ./Drivers/STM32L4xx_HAL_Driver/stm32l4xx_hal_rcc.o
                0x08007d78                HAL_RCC_OscConfig
 .text.HAL_RCC_ClockConfig
                0x08008530      0x200 ./Drivers/STM32L4xx_HAL_Driver/stm32l4xx_hal_rcc.o
                0x08008530                HAL_RCC_ClockConfig
 .text.HAL_RCC_GetSysClockFreq
                0x08008730      0x118 ./Drivers/STM32L4xx_HAL_Driver/stm32l4xx_hal_rcc.o
                0x08008730                HAL_RCC_GetSysClockFreq
 .text.HAL_RCC_GetHCLKFreq
                0x08008848       0x18 ./Drivers/STM32L4xx_HAL_Driver/stm32l4xx_hal_rcc.o
                0x08008848                HAL_RCC_GetHCLKFreq
 .text.HAL_RCC_GetPCLK1Freq
                0x08008860       0x2c ./Drivers/STM32L4xx_HAL_Driver/stm32l4xx_hal_rcc.o
                0x08008860                HAL_RCC_GetPCLK1Freq
 .text.HAL_RCC_GetPCLK2Freq
                0x0800888c       0x2c ./Drivers/STM32L4xx_HAL_Driver/stm32l4xx_hal_rcc.o
                0x0800888c                HAL_RCC_GetPCLK2Freq
 .text.RCC_SetFlashLatencyFromMSIRange
                0x080088b8       0xc0 ./Drivers/STM32L4xx_HAL_Driver/stm32l4xx_hal_rcc.o
 .text.HAL_RCCEx_PeriphCLKConfig
                0x08008978      0x5d4 ./Drivers/STM32L4xx_HAL_Driver/stm32l4xx_hal_rcc_ex.o
                0x08008978                HAL_RCCEx_PeriphCLKConfig
 .text.HAL_RCCEx_EnableMSIPLLMode
                0x08008f4c       0x20 ./Drivers/STM32L4xx_HAL_Driver/stm32l4xx_hal_rcc_ex.o
                0x08008f4c                HAL_RCCEx_EnableMSIPLLMode
 .text.RCCEx_PLLSAI1_Config
                0x08008f6c      0x1e8 ./Drivers/STM32L4xx_HAL_Driver/stm32l4xx_hal_rcc_ex.o
 .text.RCCEx_PLLSAI2_Config
                0x08009154      0x1bc ./Drivers/STM32L4xx_HAL_Driver/stm32l4xx_hal_rcc_ex.o
 .text.HAL_UART_Init
                0x08009310       0x9c ./Drivers/STM32L4xx_HAL_Driver/stm32l4xx_hal_uart.o
                0x08009310                HAL_UART_Init
 .text.HAL_UART_Transmit
                0x080093ac      0x126 ./Drivers/STM32L4xx_HAL_Driver/stm32l4xx_hal_uart.o
                0x080093ac                HAL_UART_Transmit
 *fill*         0x080094d2        0x2 
 .text.UART_SetConfig
                0x080094d4      0x570 ./Drivers/STM32L4xx_HAL_Driver/stm32l4xx_hal_uart.o
                0x080094d4                UART_SetConfig
 .text.UART_AdvFeatureConfig
                0x08009a44      0x144 ./Drivers/STM32L4xx_HAL_Driver/stm32l4xx_hal_uart.o
                0x08009a44                UART_AdvFeatureConfig
 .text.UART_CheckIdleState
                0x08009b88      0x150 ./Drivers/STM32L4xx_HAL_Driver/stm32l4xx_hal_uart.o
                0x08009b88                UART_CheckIdleState
 .text.UART_WaitOnFlagUntilTimeout
                0x08009cd8       0xda ./Drivers/STM32L4xx_HAL_Driver/stm32l4xx_hal_uart.o
                0x08009cd8                UART_WaitOnFlagUntilTimeout
 .text.UART_EndRxTransfer
                0x08009db2       0xc8 ./Drivers/STM32L4xx_HAL_Driver/stm32l4xx_hal_uart.o
 .text.USB_CoreInit
                0x08009e7a       0x5a ./Drivers/STM32L4xx_HAL_Driver/stm32l4xx_ll_usb.o
                0x08009e7a                USB_CoreInit
 .text.USB_SetTurnaroundTime
                0x08009ed4      0x138 ./Drivers/STM32L4xx_HAL_Driver/stm32l4xx_ll_usb.o
                0x08009ed4                USB_SetTurnaroundTime
 .text.USB_EnableGlobalInt
                0x0800a00c       0x22 ./Drivers/STM32L4xx_HAL_Driver/stm32l4xx_ll_usb.o
                0x0800a00c                USB_EnableGlobalInt
 .text.USB_DisableGlobalInt
                0x0800a02e       0x22 ./Drivers/STM32L4xx_HAL_Driver/stm32l4xx_ll_usb.o
                0x0800a02e                USB_DisableGlobalInt
 .text.USB_SetCurrentMode
                0x0800a050       0x98 ./Drivers/STM32L4xx_HAL_Driver/stm32l4xx_ll_usb.o
                0x0800a050                USB_SetCurrentMode
 .text.USB_DevInit
                0x0800a0e8      0x290 ./Drivers/STM32L4xx_HAL_Driver/stm32l4xx_ll_usb.o
                0x0800a0e8                USB_DevInit
 .text.USB_FlushTxFifo
                0x0800a378       0x64 ./Drivers/STM32L4xx_HAL_Driver/stm32l4xx_ll_usb.o
                0x0800a378                USB_FlushTxFifo
 .text.USB_FlushRxFifo
                0x0800a3dc       0x5c ./Drivers/STM32L4xx_HAL_Driver/stm32l4xx_ll_usb.o
                0x0800a3dc                USB_FlushRxFifo
 .text.USB_SetDevSpeed
                0x0800a438       0x32 ./Drivers/STM32L4xx_HAL_Driver/stm32l4xx_ll_usb.o
                0x0800a438                USB_SetDevSpeed
 .text.USB_GetDevSpeed
                0x0800a46a       0x3e ./Drivers/STM32L4xx_HAL_Driver/stm32l4xx_ll_usb.o
                0x0800a46a                USB_GetDevSpeed
 .text.USB_ActivateEndpoint
                0x0800a4a8      0x10e ./Drivers/STM32L4xx_HAL_Driver/stm32l4xx_ll_usb.o
                0x0800a4a8                USB_ActivateEndpoint
 *fill*         0x0800a5b6        0x2 
 .text.USB_DeactivateEndpoint
                0x0800a5b8      0x1b8 ./Drivers/STM32L4xx_HAL_Driver/stm32l4xx_ll_usb.o
                0x0800a5b8                USB_DeactivateEndpoint
 .text.USB_EPStartXfer
                0x0800a770      0x470 ./Drivers/STM32L4xx_HAL_Driver/stm32l4xx_ll_usb.o
                0x0800a770                USB_EPStartXfer
 .text.USB_EPStopXfer
                0x0800abe0      0x1fa ./Drivers/STM32L4xx_HAL_Driver/stm32l4xx_ll_usb.o
                0x0800abe0                USB_EPStopXfer
 .text.USB_EPSetStall
                0x0800adda       0xdc ./Drivers/STM32L4xx_HAL_Driver/stm32l4xx_ll_usb.o
                0x0800adda                USB_EPSetStall
 .text.USB_EPClearStall
                0x0800aeb6       0xcc ./Drivers/STM32L4xx_HAL_Driver/stm32l4xx_ll_usb.o
                0x0800aeb6                USB_EPClearStall
 .text.USB_WritePacket
                0x0800af82       0x74 ./Drivers/STM32L4xx_HAL_Driver/stm32l4xx_ll_usb.o
                0x0800af82                USB_WritePacket
 .text.USB_ReadPacket
                0x0800aff6       0xb0 ./Drivers/STM32L4xx_HAL_Driver/stm32l4xx_ll_usb.o
                0x0800aff6                USB_ReadPacket
 .text.USB_SetDevAddress
                0x0800b0a6       0x4c ./Drivers/STM32L4xx_HAL_Driver/stm32l4xx_ll_usb.o
                0x0800b0a6                USB_SetDevAddress
 .text.USB_DevConnect
                0x0800b0f2       0x42 ./Drivers/STM32L4xx_HAL_Driver/stm32l4xx_ll_usb.o
                0x0800b0f2                USB_DevConnect
 .text.USB_DevDisconnect
                0x0800b134       0x42 ./Drivers/STM32L4xx_HAL_Driver/stm32l4xx_ll_usb.o
                0x0800b134                USB_DevDisconnect
 .text.USB_ReadInterrupts
                0x0800b176       0x26 ./Drivers/STM32L4xx_HAL_Driver/stm32l4xx_ll_usb.o
                0x0800b176                USB_ReadInterrupts
 .text.USB_ReadDevAllOutEpInterrupt
                0x0800b19c       0x34 ./Drivers/STM32L4xx_HAL_Driver/stm32l4xx_ll_usb.o
                0x0800b19c                USB_ReadDevAllOutEpInterrupt
 .text.USB_ReadDevAllInEpInterrupt
                0x0800b1d0       0x34 ./Drivers/STM32L4xx_HAL_Driver/stm32l4xx_ll_usb.o
                0x0800b1d0                USB_ReadDevAllInEpInterrupt
 .text.USB_ReadDevOutEPInterrupt
                0x0800b204       0x3c ./Drivers/STM32L4xx_HAL_Driver/stm32l4xx_ll_usb.o
                0x0800b204                USB_ReadDevOutEPInterrupt
 .text.USB_ReadDevInEPInterrupt
                0x0800b240       0x5c ./Drivers/STM32L4xx_HAL_Driver/stm32l4xx_ll_usb.o
                0x0800b240                USB_ReadDevInEPInterrupt
 .text.USB_GetMode
                0x0800b29c       0x1c ./Drivers/STM32L4xx_HAL_Driver/stm32l4xx_ll_usb.o
                0x0800b29c                USB_GetMode
 .text.USB_ActivateSetup
                0x0800b2b8       0x46 ./Drivers/STM32L4xx_HAL_Driver/stm32l4xx_ll_usb.o
                0x0800b2b8                USB_ActivateSetup
 *fill*         0x0800b2fe        0x2 
 .text.USB_EP0_OutStart
                0x0800b300       0x90 ./Drivers/STM32L4xx_HAL_Driver/stm32l4xx_ll_usb.o
                0x0800b300                USB_EP0_OutStart
 .text.USB_CoreReset
                0x0800b390       0x70 ./Drivers/STM32L4xx_HAL_Driver/stm32l4xx_ll_usb.o
 .text.USBD_CDC_Init
                0x0800b400      0x1f0 ./Middlewares/USB_Device_Library/usbd_cdc.o
 .text.USBD_CDC_DeInit
                0x0800b5f0      0x104 ./Middlewares/USB_Device_Library/usbd_cdc.o
 .text.USBD_CDC_Setup
                0x0800b6f4      0x1b8 ./Middlewares/USB_Device_Library/usbd_cdc.o
 .text.USBD_CDC_DataIn
                0x0800b8ac       0xfe ./Middlewares/USB_Device_Library/usbd_cdc.o
 .text.USBD_CDC_DataOut
                0x0800b9aa       0x70 ./Middlewares/USB_Device_Library/usbd_cdc.o
 .text.USBD_CDC_EP0_RxReady
                0x0800ba1a       0x74 ./Middlewares/USB_Device_Library/usbd_cdc.o
 *fill*         0x0800ba8e        0x2 
 .text.USBD_CDC_GetFSCfgDesc
                0x0800ba90       0x70 ./Middlewares/USB_Device_Library/usbd_cdc.o
 .text.USBD_CDC_GetHSCfgDesc
                0x0800bb00       0x70 ./Middlewares/USB_Device_Library/usbd_cdc.o
 .text.USBD_CDC_GetOtherSpeedCfgDesc
                0x0800bb70       0x70 ./Middlewares/USB_Device_Library/usbd_cdc.o
 .text.USBD_CDC_GetDeviceQualifierDescriptor
                0x0800bbe0       0x20 ./Middlewares/USB_Device_Library/usbd_cdc.o
                0x0800bbe0                USBD_CDC_GetDeviceQualifierDescriptor
 .text.USBD_CDC_RegisterInterface
                0x0800bc00       0x34 ./Middlewares/USB_Device_Library/usbd_cdc.o
                0x0800bc00                USBD_CDC_RegisterInterface
 .text.USBD_CDC_SetTxBuffer
                0x0800bc34       0x44 ./Middlewares/USB_Device_Library/usbd_cdc.o
                0x0800bc34                USBD_CDC_SetTxBuffer
 .text.USBD_CDC_SetRxBuffer
                0x0800bc78       0x3a ./Middlewares/USB_Device_Library/usbd_cdc.o
                0x0800bc78                USBD_CDC_SetRxBuffer
 *fill*         0x0800bcb2        0x2 
 .text.USBD_CDC_ReceivePacket
                0x0800bcb4       0x6c ./Middlewares/USB_Device_Library/usbd_cdc.o
                0x0800bcb4                USBD_CDC_ReceivePacket
 .text.USBD_Init
                0x0800bd20       0x60 ./Middlewares/USB_Device_Library/usbd_core.o
                0x0800bd20                USBD_Init
 .text.USBD_RegisterClass
                0x0800bd80       0x6c ./Middlewares/USB_Device_Library/usbd_core.o
                0x0800bd80                USBD_RegisterClass
 .text.USBD_Start
                0x0800bdec       0x18 ./Middlewares/USB_Device_Library/usbd_core.o
                0x0800bdec                USBD_Start
 .text.USBD_RunTestMode
                0x0800be04       0x16 ./Middlewares/USB_Device_Library/usbd_core.o
                0x0800be04                USBD_RunTestMode
 .text.USBD_SetClassConfig
                0x0800be1a       0x38 ./Middlewares/USB_Device_Library/usbd_core.o
                0x0800be1a                USBD_SetClassConfig
 .text.USBD_ClrClassConfig
                0x0800be52       0x34 ./Middlewares/USB_Device_Library/usbd_core.o
                0x0800be52                USBD_ClrClassConfig
 .text.USBD_LL_SetupStage
                0x0800be86       0xaa ./Middlewares/USB_Device_Library/usbd_core.o
                0x0800be86                USBD_LL_SetupStage
 .text.USBD_LL_DataOutStage
                0x0800bf30      0x178 ./Middlewares/USB_Device_Library/usbd_core.o
                0x0800bf30                USBD_LL_DataOutStage
 .text.USBD_LL_DataInStage
                0x0800c0a8      0x176 ./Middlewares/USB_Device_Library/usbd_core.o
                0x0800c0a8                USBD_LL_DataInStage
 .text.USBD_LL_Reset
                0x0800c21e       0xa6 ./Middlewares/USB_Device_Library/usbd_core.o
                0x0800c21e                USBD_LL_Reset
 .text.USBD_LL_SetSpeed
                0x0800c2c4       0x20 ./Middlewares/USB_Device_Library/usbd_core.o
                0x0800c2c4                USBD_LL_SetSpeed
 .text.USBD_LL_Suspend
                0x0800c2e4       0x38 ./Middlewares/USB_Device_Library/usbd_core.o
                0x0800c2e4                USBD_LL_Suspend
 .text.USBD_LL_Resume
                0x0800c31c       0x30 ./Middlewares/USB_Device_Library/usbd_core.o
                0x0800c31c                USBD_LL_Resume
 .text.USBD_LL_SOF
                0x0800c34c       0x40 ./Middlewares/USB_Device_Library/usbd_core.o
                0x0800c34c                USBD_LL_SOF
 .text.USBD_LL_IsoINIncomplete
                0x0800c38c       0x64 ./Middlewares/USB_Device_Library/usbd_core.o
                0x0800c38c                USBD_LL_IsoINIncomplete
 .text.USBD_LL_IsoOUTIncomplete
                0x0800c3f0       0x64 ./Middlewares/USB_Device_Library/usbd_core.o
                0x0800c3f0                USBD_LL_IsoOUTIncomplete
 .text.USBD_LL_DevConnected
                0x0800c454       0x16 ./Middlewares/USB_Device_Library/usbd_core.o
                0x0800c454                USBD_LL_DevConnected
 .text.USBD_LL_DevDisconnected
                0x0800c46a       0x46 ./Middlewares/USB_Device_Library/usbd_core.o
                0x0800c46a                USBD_LL_DevDisconnected
 .text.USBD_CoreFindIF
                0x0800c4b0       0x1a ./Middlewares/USB_Device_Library/usbd_core.o
                0x0800c4b0                USBD_CoreFindIF
 .text.USBD_CoreFindEP
                0x0800c4ca       0x1a ./Middlewares/USB_Device_Library/usbd_core.o
                0x0800c4ca                USBD_CoreFindEP
 .text.USBD_GetEpDesc
                0x0800c4e4       0x70 ./Middlewares/USB_Device_Library/usbd_core.o
                0x0800c4e4                USBD_GetEpDesc
 .text.USBD_GetNextDesc
                0x0800c554       0x38 ./Middlewares/USB_Device_Library/usbd_core.o
                0x0800c554                USBD_GetNextDesc
 .text.SWAPBYTE
                0x0800c58c       0x3e ./Middlewares/USB_Device_Library/usbd_ctlreq.o
 *fill*         0x0800c5ca        0x2 
 .text.USBD_StdDevReq
                0x0800c5cc       0xe4 ./Middlewares/USB_Device_Library/usbd_ctlreq.o
                0x0800c5cc                USBD_StdDevReq
 .text.USBD_StdItfReq
                0x0800c6b0       0xd8 ./Middlewares/USB_Device_Library/usbd_ctlreq.o
                0x0800c6b0                USBD_StdItfReq
 .text.USBD_StdEPReq
                0x0800c788      0x33e ./Middlewares/USB_Device_Library/usbd_ctlreq.o
                0x0800c788                USBD_StdEPReq
 *fill*         0x0800cac6        0x2 
 .text.USBD_GetDescriptor
                0x0800cac8      0x328 ./Middlewares/USB_Device_Library/usbd_ctlreq.o
 .text.USBD_SetAddress
                0x0800cdf0       0x88 ./Middlewares/USB_Device_Library/usbd_ctlreq.o
 .text.USBD_SetConfig
                0x0800ce78      0x154 ./Middlewares/USB_Device_Library/usbd_ctlreq.o
 .text.USBD_GetConfig
                0x0800cfcc       0x6c ./Middlewares/USB_Device_Library/usbd_ctlreq.o
 .text.USBD_GetStatus
                0x0800d038       0x68 ./Middlewares/USB_Device_Library/usbd_ctlreq.o
 .text.USBD_SetFeature
                0x0800d0a0       0x52 ./Middlewares/USB_Device_Library/usbd_ctlreq.o
 .text.USBD_ClrFeature
                0x0800d0f2       0x44 ./Middlewares/USB_Device_Library/usbd_ctlreq.o
 .text.USBD_ParseSetupRequest
                0x0800d136       0x74 ./Middlewares/USB_Device_Library/usbd_ctlreq.o
                0x0800d136                USBD_ParseSetupRequest
 .text.USBD_CtlError
                0x0800d1aa       0x22 ./Middlewares/USB_Device_Library/usbd_ctlreq.o
                0x0800d1aa                USBD_CtlError
 .text.USBD_GetString
                0x0800d1cc       0xa4 ./Middlewares/USB_Device_Library/usbd_ctlreq.o
                0x0800d1cc                USBD_GetString
 .text.USBD_GetLen
                0x0800d270       0x34 ./Middlewares/USB_Device_Library/usbd_ctlreq.o
 .text.USBD_CtlSendData
                0x0800d2a4       0x3c ./Middlewares/USB_Device_Library/usbd_ioreq.o
                0x0800d2a4                USBD_CtlSendData
 .text.USBD_CtlContinueSendData
                0x0800d2e0       0x22 ./Middlewares/USB_Device_Library/usbd_ioreq.o
                0x0800d2e0                USBD_CtlContinueSendData
 .text.USBD_CtlPrepareRx
                0x0800d302       0x42 ./Middlewares/USB_Device_Library/usbd_ioreq.o
                0x0800d302                USBD_CtlPrepareRx
 .text.USBD_CtlContinueRx
                0x0800d344       0x22 ./Middlewares/USB_Device_Library/usbd_ioreq.o
                0x0800d344                USBD_CtlContinueRx
 .text.USBD_CtlSendStatus
                0x0800d366       0x26 ./Middlewares/USB_Device_Library/usbd_ioreq.o
                0x0800d366                USBD_CtlSendStatus
 .text.USBD_CtlReceiveStatus
                0x0800d38c       0x26 ./Middlewares/USB_Device_Library/usbd_ioreq.o
                0x0800d38c                USBD_CtlReceiveStatus
 *fill*         0x0800d3b2        0x2 
 .text.MX_USB_DEVICE_Init
                0x0800d3b4       0x60 ./USB_DEVICE/App/usb_device.o
                0x0800d3b4                MX_USB_DEVICE_Init
 .text.CDC_Init_FS
                0x0800d414       0x28 ./USB_DEVICE/App/usbd_cdc_if.o
 .text.CDC_DeInit_FS
                0x0800d43c       0x10 ./USB_DEVICE/App/usbd_cdc_if.o
 .text.CDC_Control_FS
                0x0800d44c       0xbc ./USB_DEVICE/App/usbd_cdc_if.o
 .text.CDC_Receive_FS
                0x0800d508       0x28 ./USB_DEVICE/App/usbd_cdc_if.o
 .text.CDC_TransmitCplt_FS
                0x0800d530       0x22 ./USB_DEVICE/App/usbd_cdc_if.o
 *fill*         0x0800d552        0x2 
 .text.USBD_FS_DeviceDescriptor
                0x0800d554       0x24 ./USB_DEVICE/App/usbd_desc.o
                0x0800d554                USBD_FS_DeviceDescriptor
 .text.USBD_FS_LangIDStrDescriptor
                0x0800d578       0x24 ./USB_DEVICE/App/usbd_desc.o
                0x0800d578                USBD_FS_LangIDStrDescriptor
 .text.USBD_FS_ProductStrDescriptor
                0x0800d59c       0x3c ./USB_DEVICE/App/usbd_desc.o
                0x0800d59c                USBD_FS_ProductStrDescriptor
 .text.USBD_FS_ManufacturerStrDescriptor
                0x0800d5d8       0x28 ./USB_DEVICE/App/usbd_desc.o
                0x0800d5d8                USBD_FS_ManufacturerStrDescriptor
 .text.USBD_FS_SerialStrDescriptor
                0x0800d600       0x24 ./USB_DEVICE/App/usbd_desc.o
                0x0800d600                USBD_FS_SerialStrDescriptor
 .text.USBD_FS_ConfigStrDescriptor
                0x0800d624       0x3c ./USB_DEVICE/App/usbd_desc.o
                0x0800d624                USBD_FS_ConfigStrDescriptor
 .text.USBD_FS_InterfaceStrDescriptor
                0x0800d660       0x3c ./USB_DEVICE/App/usbd_desc.o
                0x0800d660                USBD_FS_InterfaceStrDescriptor
 .text.USBD_FS_USR_BOSDescriptor
                0x0800d69c       0x24 ./USB_DEVICE/App/usbd_desc.o
                0x0800d69c                USBD_FS_USR_BOSDescriptor
 .text.Get_SerialNum
                0x0800d6c0       0x58 ./USB_DEVICE/App/usbd_desc.o
 .text.IntToUnicode
                0x0800d718       0x7e ./USB_DEVICE/App/usbd_desc.o
 *fill*         0x0800d796        0x2 
 .text.HAL_PCD_MspInit
                0x0800d798      0x124 ./USB_DEVICE/Target/usbd_conf.o
                0x0800d798                HAL_PCD_MspInit
 .text.HAL_PCD_SetupStageCallback
                0x0800d8bc       0x24 ./USB_DEVICE/Target/usbd_conf.o
                0x0800d8bc                HAL_PCD_SetupStageCallback
 .text.HAL_PCD_DataOutStageCallback
                0x0800d8e0       0x36 ./USB_DEVICE/Target/usbd_conf.o
                0x0800d8e0                HAL_PCD_DataOutStageCallback
 .text.HAL_PCD_DataInStageCallback
                0x0800d916       0x34 ./USB_DEVICE/Target/usbd_conf.o
                0x0800d916                HAL_PCD_DataInStageCallback
 .text.HAL_PCD_SOFCallback
                0x0800d94a       0x1c ./USB_DEVICE/Target/usbd_conf.o
                0x0800d94a                HAL_PCD_SOFCallback
 .text.HAL_PCD_ResetCallback
                0x0800d966       0x3c ./USB_DEVICE/Target/usbd_conf.o
                0x0800d966                HAL_PCD_ResetCallback
 *fill*         0x0800d9a2        0x2 
 .text.HAL_PCD_SuspendCallback
                0x0800d9a4       0x4c ./USB_DEVICE/Target/usbd_conf.o
                0x0800d9a4                HAL_PCD_SuspendCallback
 .text.HAL_PCD_ResumeCallback
                0x0800d9f0       0x50 ./USB_DEVICE/Target/usbd_conf.o
                0x0800d9f0                HAL_PCD_ResumeCallback
 .text.HAL_PCD_ISOOUTIncompleteCallback
                0x0800da40       0x24 ./USB_DEVICE/Target/usbd_conf.o
                0x0800da40                HAL_PCD_ISOOUTIncompleteCallback
 .text.HAL_PCD_ISOINIncompleteCallback
                0x0800da64       0x24 ./USB_DEVICE/Target/usbd_conf.o
                0x0800da64                HAL_PCD_ISOINIncompleteCallback
 .text.HAL_PCD_ConnectCallback
                0x0800da88       0x1c ./USB_DEVICE/Target/usbd_conf.o
                0x0800da88                HAL_PCD_ConnectCallback
 .text.HAL_PCD_DisconnectCallback
                0x0800daa4       0x1c ./USB_DEVICE/Target/usbd_conf.o
                0x0800daa4                HAL_PCD_DisconnectCallback
 .text.USBD_LL_Init
                0x0800dac0       0x98 ./USB_DEVICE/Target/usbd_conf.o
                0x0800dac0                USBD_LL_Init
 .text.USBD_LL_Start
                0x0800db58       0x64 ./USB_DEVICE/Target/usbd_conf.o
                0x0800db58                USBD_LL_Start
 .text.USBD_LL_OpenEP
                0x0800dbbc       0x7c ./USB_DEVICE/Target/usbd_conf.o
                0x0800dbbc                USBD_LL_OpenEP
 .text.USBD_LL_CloseEP
                0x0800dc38       0x6c ./USB_DEVICE/Target/usbd_conf.o
                0x0800dc38                USBD_LL_CloseEP
 .text.USBD_LL_StallEP
                0x0800dca4       0x6c ./USB_DEVICE/Target/usbd_conf.o
                0x0800dca4                USBD_LL_StallEP
 .text.USBD_LL_ClearStallEP
                0x0800dd10       0x6c ./USB_DEVICE/Target/usbd_conf.o
                0x0800dd10                USBD_LL_ClearStallEP
 .text.USBD_LL_IsStallEP
                0x0800dd7c       0x58 ./USB_DEVICE/Target/usbd_conf.o
                0x0800dd7c                USBD_LL_IsStallEP
 .text.USBD_LL_SetUSBAddress
                0x0800ddd4       0x6c ./USB_DEVICE/Target/usbd_conf.o
                0x0800ddd4                USBD_LL_SetUSBAddress
 .text.USBD_LL_Transmit
                0x0800de40       0x70 ./USB_DEVICE/Target/usbd_conf.o
                0x0800de40                USBD_LL_Transmit
 .text.USBD_LL_PrepareReceive
                0x0800deb0       0x70 ./USB_DEVICE/Target/usbd_conf.o
                0x0800deb0                USBD_LL_PrepareReceive
 .text.USBD_LL_GetRxDataSize
                0x0800df20       0x26 ./USB_DEVICE/Target/usbd_conf.o
                0x0800df20                USBD_LL_GetRxDataSize
 *fill*         0x0800df46        0x2 
 .text.HAL_PCDEx_LPM_Callback
                0x0800df48       0x9c ./USB_DEVICE/Target/usbd_conf.o
                0x0800df48                HAL_PCDEx_LPM_Callback
 .text.USBD_static_malloc
                0x0800dfe4       0x1c ./USB_DEVICE/Target/usbd_conf.o
                0x0800dfe4                USBD_static_malloc
 .text.USBD_static_free
                0x0800e000       0x14 ./USB_DEVICE/Target/usbd_conf.o
                0x0800e000                USBD_static_free
 .text.SystemClockConfig_Resume
                0x0800e014        0xc ./USB_DEVICE/Target/usbd_conf.o
 .text.atof     0x0800e020        0x6 C:/ST/STM32CubeIDE_2.1.1/STM32CubeIDE/plugins/com.st.stm32cube.ide.mcu.externaltools.gnu-tools-for-stm32.14.3.rel1.win32_1.0.100.202602081740/tools/bin/../lib/gcc/arm-none-eabi/14.3.1/../../../../arm-none-eabi/lib/thumb/v7e-m+fp/hard\libc_nano.a(libc_a-atof.o)
                0x0800e020                atof
 .text.atoi     0x0800e026        0x8 C:/ST/STM32CubeIDE_2.1.1/STM32CubeIDE/plugins/com.st.stm32cube.ide.mcu.externaltools.gnu-tools-for-stm32.14.3.rel1.win32_1.0.100.202602081740/tools/bin/../lib/gcc/arm-none-eabi/14.3.1/../../../../arm-none-eabi/lib/thumb/v7e-m+fp/hard\libc_nano.a(libc_a-atoi.o)
                0x0800e026                atoi
 .text.sulp     0x0800e02e       0x3c C:/ST/STM32CubeIDE_2.1.1/STM32CubeIDE/plugins/com.st.stm32cube.ide.mcu.externaltools.gnu-tools-for-stm32.14.3.rel1.win32_1.0.100.202602081740/tools/bin/../lib/gcc/arm-none-eabi/14.3.1/../../../../arm-none-eabi/lib/thumb/v7e-m+fp/hard\libc_nano.a(libc_a-strtod.o)
 *fill*         0x0800e06a        0x6 
 .text._strtod_l
                0x0800e070      0xbb8 C:/ST/STM32CubeIDE_2.1.1/STM32CubeIDE/plugins/com.st.stm32cube.ide.mcu.externaltools.gnu-tools-for-stm32.14.3.rel1.win32_1.0.100.202602081740/tools/bin/../lib/gcc/arm-none-eabi/14.3.1/../../../../arm-none-eabi/lib/thumb/v7e-m+fp/hard\libc_nano.a(libc_a-strtod.o)
                0x0800e070                _strtod_l
 .text.strtod   0x0800ec28       0x18 C:/ST/STM32CubeIDE_2.1.1/STM32CubeIDE/plugins/com.st.stm32cube.ide.mcu.externaltools.gnu-tools-for-stm32.14.3.rel1.win32_1.0.100.202602081740/tools/bin/../lib/gcc/arm-none-eabi/14.3.1/../../../../arm-none-eabi/lib/thumb/v7e-m+fp/hard\libc_nano.a(libc_a-strtod.o)
                0x0800ec28                strtod
 .text._strtol_l.isra.0
                0x0800ec40       0xf4 C:/ST/STM32CubeIDE_2.1.1/STM32CubeIDE/plugins/com.st.stm32cube.ide.mcu.externaltools.gnu-tools-for-stm32.14.3.rel1.win32_1.0.100.202602081740/tools/bin/../lib/gcc/arm-none-eabi/14.3.1/../../../../arm-none-eabi/lib/thumb/v7e-m+fp/hard\libc_nano.a(libc_a-strtol.o)
 .text.strtol   0x0800ed34       0x14 C:/ST/STM32CubeIDE_2.1.1/STM32CubeIDE/plugins/com.st.stm32cube.ide.mcu.externaltools.gnu-tools-for-stm32.14.3.rel1.win32_1.0.100.202602081740/tools/bin/../lib/gcc/arm-none-eabi/14.3.1/../../../../arm-none-eabi/lib/thumb/v7e-m+fp/hard\libc_nano.a(libc_a-strtol.o)
                0x0800ed34                strtol
 .text.std      0x0800ed48       0x6c C:/ST/STM32CubeIDE_2.1.1/STM32CubeIDE/plugins/com.st.stm32cube.ide.mcu.externaltools.gnu-tools-for-stm32.14.3.rel1.win32_1.0.100.202602081740/tools/bin/../lib/gcc/arm-none-eabi/14.3.1/../../../../arm-none-eabi/lib/thumb/v7e-m+fp/hard\libc_nano.a(libc_a-findfp.o)
 .text.stdio_exit_handler
                0x0800edb4       0x18 C:/ST/STM32CubeIDE_2.1.1/STM32CubeIDE/plugins/com.st.stm32cube.ide.mcu.externaltools.gnu-tools-for-stm32.14.3.rel1.win32_1.0.100.202602081740/tools/bin/../lib/gcc/arm-none-eabi/14.3.1/../../../../arm-none-eabi/lib/thumb/v7e-m+fp/hard\libc_nano.a(libc_a-findfp.o)
 .text.cleanup_stdio
                0x0800edcc       0x40 C:/ST/STM32CubeIDE_2.1.1/STM32CubeIDE/plugins/com.st.stm32cube.ide.mcu.externaltools.gnu-tools-for-stm32.14.3.rel1.win32_1.0.100.202602081740/tools/bin/../lib/gcc/arm-none-eabi/14.3.1/../../../../arm-none-eabi/lib/thumb/v7e-m+fp/hard\libc_nano.a(libc_a-findfp.o)
 .text.global_stdio_init.part.0
                0x0800ee0c       0x40 C:/ST/STM32CubeIDE_2.1.1/STM32CubeIDE/plugins/com.st.stm32cube.ide.mcu.externaltools.gnu-tools-for-stm32.14.3.rel1.win32_1.0.100.202602081740/tools/bin/../lib/gcc/arm-none-eabi/14.3.1/../../../../arm-none-eabi/lib/thumb/v7e-m+fp/hard\libc_nano.a(libc_a-findfp.o)
 .text.__sfp_lock_acquire
                0x0800ee4c        0xc C:/ST/STM32CubeIDE_2.1.1/STM32CubeIDE/plugins/com.st.stm32cube.ide.mcu.externaltools.gnu-tools-for-stm32.14.3.rel1.win32_1.0.100.202602081740/tools/bin/../lib/gcc/arm-none-eabi/14.3.1/../../../../arm-none-eabi/lib/thumb/v7e-m+fp/hard\libc_nano.a(libc_a-findfp.o)
                0x0800ee4c                __sfp_lock_acquire
 .text.__sfp_lock_release
                0x0800ee58        0xc C:/ST/STM32CubeIDE_2.1.1/STM32CubeIDE/plugins/com.st.stm32cube.ide.mcu.externaltools.gnu-tools-for-stm32.14.3.rel1.win32_1.0.100.202602081740/tools/bin/../lib/gcc/arm-none-eabi/14.3.1/../../../../arm-none-eabi/lib/thumb/v7e-m+fp/hard\libc_nano.a(libc_a-findfp.o)
                0x0800ee58                __sfp_lock_release
 .text.__sinit  0x0800ee64       0x30 C:/ST/STM32CubeIDE_2.1.1/STM32CubeIDE/plugins/com.st.stm32cube.ide.mcu.externaltools.gnu-tools-for-stm32.14.3.rel1.win32_1.0.100.202602081740/tools/bin/../lib/gcc/arm-none-eabi/14.3.1/../../../../arm-none-eabi/lib/thumb/v7e-m+fp/hard\libc_nano.a(libc_a-findfp.o)
                0x0800ee64                __sinit
 .text._fwalk_sglue
                0x0800ee94       0x3c C:/ST/STM32CubeIDE_2.1.1/STM32CubeIDE/plugins/com.st.stm32cube.ide.mcu.externaltools.gnu-tools-for-stm32.14.3.rel1.win32_1.0.100.202602081740/tools/bin/../lib/gcc/arm-none-eabi/14.3.1/../../../../arm-none-eabi/lib/thumb/v7e-m+fp/hard\libc_nano.a(libc_a-fwalk.o)
                0x0800ee94                _fwalk_sglue
 .text.snprintf
                0x0800eed0       0x6c C:/ST/STM32CubeIDE_2.1.1/STM32CubeIDE/plugins/com.st.stm32cube.ide.mcu.externaltools.gnu-tools-for-stm32.14.3.rel1.win32_1.0.100.202602081740/tools/bin/../lib/gcc/arm-none-eabi/14.3.1/../../../../arm-none-eabi/lib/thumb/v7e-m+fp/hard\libc_nano.a(libc_a-snprintf.o)
                0x0800eed0                sniprintf
                0x0800eed0                snprintf
 .text.__sread  0x0800ef3c       0x22 C:/ST/STM32CubeIDE_2.1.1/STM32CubeIDE/plugins/com.st.stm32cube.ide.mcu.externaltools.gnu-tools-for-stm32.14.3.rel1.win32_1.0.100.202602081740/tools/bin/../lib/gcc/arm-none-eabi/14.3.1/../../../../arm-none-eabi/lib/thumb/v7e-m+fp/hard\libc_nano.a(libc_a-stdio.o)
                0x0800ef3c                __sread
 .text.__swrite
                0x0800ef5e       0x38 C:/ST/STM32CubeIDE_2.1.1/STM32CubeIDE/plugins/com.st.stm32cube.ide.mcu.externaltools.gnu-tools-for-stm32.14.3.rel1.win32_1.0.100.202602081740/tools/bin/../lib/gcc/arm-none-eabi/14.3.1/../../../../arm-none-eabi/lib/thumb/v7e-m+fp/hard\libc_nano.a(libc_a-stdio.o)
                0x0800ef5e                __swrite
 .text.__sseek  0x0800ef96       0x26 C:/ST/STM32CubeIDE_2.1.1/STM32CubeIDE/plugins/com.st.stm32cube.ide.mcu.externaltools.gnu-tools-for-stm32.14.3.rel1.win32_1.0.100.202602081740/tools/bin/../lib/gcc/arm-none-eabi/14.3.1/../../../../arm-none-eabi/lib/thumb/v7e-m+fp/hard\libc_nano.a(libc_a-stdio.o)
                0x0800ef96                __sseek
 .text.__sclose
                0x0800efbc        0x8 C:/ST/STM32CubeIDE_2.1.1/STM32CubeIDE/plugins/com.st.stm32cube.ide.mcu.externaltools.gnu-tools-for-stm32.14.3.rel1.win32_1.0.100.202602081740/tools/bin/../lib/gcc/arm-none-eabi/14.3.1/../../../../arm-none-eabi/lib/thumb/v7e-m+fp/hard\libc_nano.a(libc_a-stdio.o)
                0x0800efbc                __sclose
 .text.memmove  0x0800efc4       0x32 C:/ST/STM32CubeIDE_2.1.1/STM32CubeIDE/plugins/com.st.stm32cube.ide.mcu.externaltools.gnu-tools-for-stm32.14.3.rel1.win32_1.0.100.202602081740/tools/bin/../lib/gcc/arm-none-eabi/14.3.1/../../../../arm-none-eabi/lib/thumb/v7e-m+fp/hard\libc_nano.a(libc_a-memmove.o)
                0x0800efc4                memmove
 .text.memset   0x0800eff6       0x10 C:/ST/STM32CubeIDE_2.1.1/STM32CubeIDE/plugins/com.st.stm32cube.ide.mcu.externaltools.gnu-tools-for-stm32.14.3.rel1.win32_1.0.100.202602081740/tools/bin/../lib/gcc/arm-none-eabi/14.3.1/../../../../arm-none-eabi/lib/thumb/v7e-m+fp/hard\libc_nano.a(libc_a-memset.o)
                0x0800eff6                memset
 .text.strchr   0x0800f006       0x1a C:/ST/STM32CubeIDE_2.1.1/STM32CubeIDE/plugins/com.st.stm32cube.ide.mcu.externaltools.gnu-tools-for-stm32.14.3.rel1.win32_1.0.100.202602081740/tools/bin/../lib/gcc/arm-none-eabi/14.3.1/../../../../arm-none-eabi/lib/thumb/v7e-m+fp/hard\libc_nano.a(libc_a-strchr.o)
                0x0800f006                strchr
 .text.strncmp  0x0800f020       0x24 C:/ST/STM32CubeIDE_2.1.1/STM32CubeIDE/plugins/com.st.stm32cube.ide.mcu.externaltools.gnu-tools-for-stm32.14.3.rel1.win32_1.0.100.202602081740/tools/bin/../lib/gcc/arm-none-eabi/14.3.1/../../../../arm-none-eabi/lib/thumb/v7e-m+fp/hard\libc_nano.a(libc_a-strncmp.o)
                0x0800f020                strncmp
 .text._close_r
                0x0800f044       0x20 C:/ST/STM32CubeIDE_2.1.1/STM32CubeIDE/plugins/com.st.stm32cube.ide.mcu.externaltools.gnu-tools-for-stm32.14.3.rel1.win32_1.0.100.202602081740/tools/bin/../lib/gcc/arm-none-eabi/14.3.1/../../../../arm-none-eabi/lib/thumb/v7e-m+fp/hard\libc_nano.a(libc_a-closer.o)
                0x0800f044                _close_r
 .text._lseek_r
                0x0800f064       0x24 C:/ST/STM32CubeIDE_2.1.1/STM32CubeIDE/plugins/com.st.stm32cube.ide.mcu.externaltools.gnu-tools-for-stm32.14.3.rel1.win32_1.0.100.202602081740/tools/bin/../lib/gcc/arm-none-eabi/14.3.1/../../../../arm-none-eabi/lib/thumb/v7e-m+fp/hard\libc_nano.a(libc_a-lseekr.o)
                0x0800f064                _lseek_r
 .text._read_r  0x0800f088       0x24 C:/ST/STM32CubeIDE_2.1.1/STM32CubeIDE/plugins/com.st.stm32cube.ide.mcu.externaltools.gnu-tools-for-stm32.14.3.rel1.win32_1.0.100.202602081740/tools/bin/../lib/gcc/arm-none-eabi/14.3.1/../../../../arm-none-eabi/lib/thumb/v7e-m+fp/hard\libc_nano.a(libc_a-readr.o)
                0x0800f088                _read_r
 .text._write_r
                0x0800f0ac       0x24 C:/ST/STM32CubeIDE_2.1.1/STM32CubeIDE/plugins/com.st.stm32cube.ide.mcu.externaltools.gnu-tools-for-stm32.14.3.rel1.win32_1.0.100.202602081740/tools/bin/../lib/gcc/arm-none-eabi/14.3.1/../../../../arm-none-eabi/lib/thumb/v7e-m+fp/hard\libc_nano.a(libc_a-writer.o)
                0x0800f0ac                _write_r
 .text.__errno  0x0800f0d0        0xc C:/ST/STM32CubeIDE_2.1.1/STM32CubeIDE/plugins/com.st.stm32cube.ide.mcu.externaltools.gnu-tools-for-stm32.14.3.rel1.win32_1.0.100.202602081740/tools/bin/../lib/gcc/arm-none-eabi/14.3.1/../../../../arm-none-eabi/lib/thumb/v7e-m+fp/hard\libc_nano.a(libc_a-errno.o)
                0x0800f0d0                __errno
 .text.__libc_init_array
                0x0800f0dc       0x48 C:/ST/STM32CubeIDE_2.1.1/STM32CubeIDE/plugins/com.st.stm32cube.ide.mcu.externaltools.gnu-tools-for-stm32.14.3.rel1.win32_1.0.100.202602081740/tools/bin/../lib/gcc/arm-none-eabi/14.3.1/../../../../arm-none-eabi/lib/thumb/v7e-m+fp/hard\libc_nano.a(libc_a-init.o)
                0x0800f0dc                __libc_init_array
 .text.__retarget_lock_init_recursive
                0x0800f124        0x2 C:/ST/STM32CubeIDE_2.1.1/STM32CubeIDE/plugins/com.st.stm32cube.ide.mcu.externaltools.gnu-tools-for-stm32.14.3.rel1.win32_1.0.100.202602081740/tools/bin/../lib/gcc/arm-none-eabi/14.3.1/../../../../arm-none-eabi/lib/thumb/v7e-m+fp/hard\libc_nano.a(libc_a-lock.o)
                0x0800f124                __retarget_lock_init_recursive
 .text.__retarget_lock_acquire_recursive
                0x0800f126        0x2 C:/ST/STM32CubeIDE_2.1.1/STM32CubeIDE/plugins/com.st.stm32cube.ide.mcu.externaltools.gnu-tools-for-stm32.14.3.rel1.win32_1.0.100.202602081740/tools/bin/../lib/gcc/arm-none-eabi/14.3.1/../../../../arm-none-eabi/lib/thumb/v7e-m+fp/hard\libc_nano.a(libc_a-lock.o)
                0x0800f126                __retarget_lock_acquire_recursive
 .text.__retarget_lock_release_recursive
                0x0800f128        0x2 C:/ST/STM32CubeIDE_2.1.1/STM32CubeIDE/plugins/com.st.stm32cube.ide.mcu.externaltools.gnu-tools-for-stm32.14.3.rel1.win32_1.0.100.202602081740/tools/bin/../lib/gcc/arm-none-eabi/14.3.1/../../../../arm-none-eabi/lib/thumb/v7e-m+fp/hard\libc_nano.a(libc_a-lock.o)
                0x0800f128                __retarget_lock_release_recursive
 .text.memcpy   0x0800f12a       0x1c C:/ST/STM32CubeIDE_2.1.1/STM32CubeIDE/plugins/com.st.stm32cube.ide.mcu.externaltools.gnu-tools-for-stm32.14.3.rel1.win32_1.0.100.202602081740/tools/bin/../lib/gcc/arm-none-eabi/14.3.1/../../../../arm-none-eabi/lib/thumb/v7e-m+fp/hard\libc_nano.a(libc_a-memcpy-stub.o)
                0x0800f12a                memcpy
 *fill*         0x0800f146        0x2 
 .text.nan      0x0800f148       0x10 C:/ST/STM32CubeIDE_2.1.1/STM32CubeIDE/plugins/com.st.stm32cube.ide.mcu.externaltools.gnu-tools-for-stm32.14.3.rel1.win32_1.0.100.202602081740/tools/bin/../lib/gcc/arm-none-eabi/14.3.1/../../../../arm-none-eabi/lib/thumb/v7e-m+fp/hard\libc_nano.a(libm_a-s_nan.o)
                0x0800f148                nan
 .text._free_r  0x0800f158       0x94 C:/ST/STM32CubeIDE_2.1.1/STM32CubeIDE/plugins/com.st.stm32cube.ide.mcu.externaltools.gnu-tools-for-stm32.14.3.rel1.win32_1.0.100.202602081740/tools/bin/../lib/gcc/arm-none-eabi/14.3.1/../../../../arm-none-eabi/lib/thumb/v7e-m+fp/hard\libc_nano.a(libc_a-freer.o)
                0x0800f158                _free_r
 .text.rshift   0x0800f1ec       0xa4 C:/ST/STM32CubeIDE_2.1.1/STM32CubeIDE/plugins/com.st.stm32cube.ide.mcu.externaltools.gnu-tools-for-stm32.14.3.rel1.win32_1.0.100.202602081740/tools/bin/../lib/gcc/arm-none-eabi/14.3.1/../../../../arm-none-eabi/lib/thumb/v7e-m+fp/hard\libc_nano.a(libc_a-gdtoa-gethex.o)
 .text.__hexdig_fun
                0x0800f290       0x2a C:/ST/STM32CubeIDE_2.1.1/STM32CubeIDE/plugins/com.st.stm32cube.ide.mcu.externaltools.gnu-tools-for-stm32.14.3.rel1.win32_1.0.100.202602081740/tools/bin/../lib/gcc/arm-none-eabi/14.3.1/../../../../arm-none-eabi/lib/thumb/v7e-m+fp/hard\libc_nano.a(libc_a-gdtoa-gethex.o)
                0x0800f290                __hexdig_fun
 *fill*         0x0800f2ba        0x2 
 .text.__gethex
                0x0800f2bc      0x420 C:/ST/STM32CubeIDE_2.1.1/STM32CubeIDE/plugins/com.st.stm32cube.ide.mcu.externaltools.gnu-tools-for-stm32.14.3.rel1.win32_1.0.100.202602081740/tools/bin/../lib/gcc/arm-none-eabi/14.3.1/../../../../arm-none-eabi/lib/thumb/v7e-m+fp/hard\libc_nano.a(libc_a-gdtoa-gethex.o)
                0x0800f2bc                __gethex
 .text.L_shift  0x0800f6dc       0x24 C:/ST/STM32CubeIDE_2.1.1/STM32CubeIDE/plugins/com.st.stm32cube.ide.mcu.externaltools.gnu-tools-for-stm32.14.3.rel1.win32_1.0.100.202602081740/tools/bin/../lib/gcc/arm-none-eabi/14.3.1/../../../../arm-none-eabi/lib/thumb/v7e-m+fp/hard\libc_nano.a(libc_a-gdtoa-hexnan.o)
 .text.__match  0x0800f700       0x28 C:/ST/STM32CubeIDE_2.1.1/STM32CubeIDE/plugins/com.st.stm32cube.ide.mcu.externaltools.gnu-tools-for-stm32.14.3.rel1.win32_1.0.100.202602081740/tools/bin/../lib/gcc/arm-none-eabi/14.3.1/../../../../arm-none-eabi/lib/thumb/v7e-m+fp/hard\libc_nano.a(libc_a-gdtoa-hexnan.o)
                0x0800f700                __match
 .text.__hexnan
                0x0800f728      0x13a C:/ST/STM32CubeIDE_2.1.1/STM32CubeIDE/plugins/com.st.stm32cube.ide.mcu.externaltools.gnu-tools-for-stm32.14.3.rel1.win32_1.0.100.202602081740/tools/bin/../lib/gcc/arm-none-eabi/14.3.1/../../../../arm-none-eabi/lib/thumb/v7e-m+fp/hard\libc_nano.a(libc_a-gdtoa-hexnan.o)
                0x0800f728                __hexnan
 *fill*         0x0800f862        0x2 
 .text.sbrk_aligned
                0x0800f864       0x44 C:/ST/STM32CubeIDE_2.1.1/STM32CubeIDE/plugins/com.st.stm32cube.ide.mcu.externaltools.gnu-tools-for-stm32.14.3.rel1.win32_1.0.100.202602081740/tools/bin/../lib/gcc/arm-none-eabi/14.3.1/../../../../arm-none-eabi/lib/thumb/v7e-m+fp/hard\libc_nano.a(libc_a-mallocr.o)
 .text._malloc_r
                0x0800f8a8      0x100 C:/ST/STM32CubeIDE_2.1.1/STM32CubeIDE/plugins/com.st.stm32cube.ide.mcu.externaltools.gnu-tools-for-stm32.14.3.rel1.win32_1.0.100.202602081740/tools/bin/../lib/gcc/arm-none-eabi/14.3.1/../../../../arm-none-eabi/lib/thumb/v7e-m+fp/hard\libc_nano.a(libc_a-mallocr.o)
                0x0800f8a8                _malloc_r
 .text.__ascii_mbtowc
                0x0800f9a8       0x24 C:/ST/STM32CubeIDE_2.1.1/STM32CubeIDE/plugins/com.st.stm32cube.ide.mcu.externaltools.gnu-tools-for-stm32.14.3.rel1.win32_1.0.100.202602081740/tools/bin/../lib/gcc/arm-none-eabi/14.3.1/../../../../arm-none-eabi/lib/thumb/v7e-m+fp/hard\libc_nano.a(libc_a-mbtowc_r.o)
                0x0800f9a8                __ascii_mbtowc
 .text.__malloc_lock
                0x0800f9cc        0xc C:/ST/STM32CubeIDE_2.1.1/STM32CubeIDE/plugins/com.st.stm32cube.ide.mcu.externaltools.gnu-tools-for-stm32.14.3.rel1.win32_1.0.100.202602081740/tools/bin/../lib/gcc/arm-none-eabi/14.3.1/../../../../arm-none-eabi/lib/thumb/v7e-m+fp/hard\libc_nano.a(libc_a-mlock.o)
                0x0800f9cc                __malloc_lock
 .text.__malloc_unlock
                0x0800f9d8        0xc C:/ST/STM32CubeIDE_2.1.1/STM32CubeIDE/plugins/com.st.stm32cube.ide.mcu.externaltools.gnu-tools-for-stm32.14.3.rel1.win32_1.0.100.202602081740/tools/bin/../lib/gcc/arm-none-eabi/14.3.1/../../../../arm-none-eabi/lib/thumb/v7e-m+fp/hard\libc_nano.a(libc_a-mlock.o)
                0x0800f9d8                __malloc_unlock
 .text._Balloc  0x0800f9e4       0x7c C:/ST/STM32CubeIDE_2.1.1/STM32CubeIDE/plugins/com.st.stm32cube.ide.mcu.externaltools.gnu-tools-for-stm32.14.3.rel1.win32_1.0.100.202602081740/tools/bin/../lib/gcc/arm-none-eabi/14.3.1/../../../../arm-none-eabi/lib/thumb/v7e-m+fp/hard\libc_nano.a(libc_a-mprec.o)
                0x0800f9e4                _Balloc
 .text._Bfree   0x0800fa60       0x44 C:/ST/STM32CubeIDE_2.1.1/STM32CubeIDE/plugins/com.st.stm32cube.ide.mcu.externaltools.gnu-tools-for-stm32.14.3.rel1.win32_1.0.100.202602081740/tools/bin/../lib/gcc/arm-none-eabi/14.3.1/../../../../arm-none-eabi/lib/thumb/v7e-m+fp/hard\libc_nano.a(libc_a-mprec.o)
                0x0800fa60                _Bfree
 .text.__multadd
                0x0800faa4       0x8c C:/ST/STM32CubeIDE_2.1.1/STM32CubeIDE/plugins/com.st.stm32cube.ide.mcu.externaltools.gnu-tools-for-stm32.14.3.rel1.win32_1.0.100.202602081740/tools/bin/../lib/gcc/arm-none-eabi/14.3.1/../../../../arm-none-eabi/lib/thumb/v7e-m+fp/hard\libc_nano.a(libc_a-mprec.o)
                0x0800faa4                __multadd
 .text.__s2b    0x0800fb30       0x94 C:/ST/STM32CubeIDE_2.1.1/STM32CubeIDE/plugins/com.st.stm32cube.ide.mcu.externaltools.gnu-tools-for-stm32.14.3.rel1.win32_1.0.100.202602081740/tools/bin/../lib/gcc/arm-none-eabi/14.3.1/../../../../arm-none-eabi/lib/thumb/v7e-m+fp/hard\libc_nano.a(libc_a-mprec.o)
                0x0800fb30                __s2b
 .text.__hi0bits
                0x0800fbc4       0x3e C:/ST/STM32CubeIDE_2.1.1/STM32CubeIDE/plugins/com.st.stm32cube.ide.mcu.externaltools.gnu-tools-for-stm32.14.3.rel1.win32_1.0.100.202602081740/tools/bin/../lib/gcc/arm-none-eabi/14.3.1/../../../../arm-none-eabi/lib/thumb/v7e-m+fp/hard\libc_nano.a(libc_a-mprec.o)
                0x0800fbc4                __hi0bits
 .text.__lo0bits
                0x0800fc02       0x5a C:/ST/STM32CubeIDE_2.1.1/STM32CubeIDE/plugins/com.st.stm32cube.ide.mcu.externaltools.gnu-tools-for-stm32.14.3.rel1.win32_1.0.100.202602081740/tools/bin/../lib/gcc/arm-none-eabi/14.3.1/../../../../arm-none-eabi/lib/thumb/v7e-m+fp/hard\libc_nano.a(libc_a-mprec.o)
                0x0800fc02                __lo0bits
 .text.__i2b    0x0800fc5c       0x2c C:/ST/STM32CubeIDE_2.1.1/STM32CubeIDE/plugins/com.st.stm32cube.ide.mcu.externaltools.gnu-tools-for-stm32.14.3.rel1.win32_1.0.100.202602081740/tools/bin/../lib/gcc/arm-none-eabi/14.3.1/../../../../arm-none-eabi/lib/thumb/v7e-m+fp/hard\libc_nano.a(libc_a-mprec.o)
                0x0800fc5c                __i2b
 .text.__multiply
                0x0800fc88      0x154 C:/ST/STM32CubeIDE_2.1.1/STM32CubeIDE/plugins/com.st.stm32cube.ide.mcu.externaltools.gnu-tools-for-stm32.14.3.rel1.win32_1.0.100.202602081740/tools/bin/../lib/gcc/arm-none-eabi/14.3.1/../../../../arm-none-eabi/lib/thumb/v7e-m+fp/hard\libc_nano.a(libc_a-mprec.o)
                0x0800fc88                __multiply
 .text.__pow5mult
                0x0800fddc       0xb8 C:/ST/STM32CubeIDE_2.1.1/STM32CubeIDE/plugins/com.st.stm32cube.ide.mcu.externaltools.gnu-tools-for-stm32.14.3.rel1.win32_1.0.100.202602081740/tools/bin/../lib/gcc/arm-none-eabi/14.3.1/../../../../arm-none-eabi/lib/thumb/v7e-m+fp/hard\libc_nano.a(libc_a-mprec.o)
                0x0800fddc                __pow5mult
 .text.__lshift
                0x0800fe94       0xdc C:/ST/STM32CubeIDE_2.1.1/STM32CubeIDE/plugins/com.st.stm32cube.ide.mcu.externaltools.gnu-tools-for-stm32.14.3.rel1.win32_1.0.100.202602081740/tools/bin/../lib/gcc/arm-none-eabi/14.3.1/../../../../arm-none-eabi/lib/thumb/v7e-m+fp/hard\libc_nano.a(libc_a-mprec.o)
                0x0800fe94                __lshift
 .text.__mcmp   0x0800ff70       0x36 C:/ST/STM32CubeIDE_2.1.1/STM32CubeIDE/plugins/com.st.stm32cube.ide.mcu.externaltools.gnu-tools-for-stm32.14.3.rel1.win32_1.0.100.202602081740/tools/bin/../lib/gcc/arm-none-eabi/14.3.1/../../../../arm-none-eabi/lib/thumb/v7e-m+fp/hard\libc_nano.a(libc_a-mprec.o)
                0x0800ff70                __mcmp
 *fill*         0x0800ffa6        0x2 
 .text.__mdiff  0x0800ffa8      0x130 C:/ST/STM32CubeIDE_2.1.1/STM32CubeIDE/plugins/com.st.stm32cube.ide.mcu.externaltools.gnu-tools-for-stm32.14.3.rel1.win32_1.0.100.202602081740/tools/bin/../lib/gcc/arm-none-eabi/14.3.1/../../../../arm-none-eabi/lib/thumb/v7e-m+fp/hard\libc_nano.a(libc_a-mprec.o)
                0x0800ffa8                __mdiff
 .text.__ulp    0x080100d8       0x4c C:/ST/STM32CubeIDE_2.1.1/STM32CubeIDE/plugins/com.st.stm32cube.ide.mcu.externaltools.gnu-tools-for-stm32.14.3.rel1.win32_1.0.100.202602081740/tools/bin/../lib/gcc/arm-none-eabi/14.3.1/../../../../arm-none-eabi/lib/thumb/v7e-m+fp/hard\libc_nano.a(libc_a-mprec.o)
                0x080100d8                __ulp
 .text.__b2d    0x08010124       0x94 C:/ST/STM32CubeIDE_2.1.1/STM32CubeIDE/plugins/com.st.stm32cube.ide.mcu.externaltools.gnu-tools-for-stm32.14.3.rel1.win32_1.0.100.202602081740/tools/bin/../lib/gcc/arm-none-eabi/14.3.1/../../../../arm-none-eabi/lib/thumb/v7e-m+fp/hard\libc_nano.a(libc_a-mprec.o)
                0x08010124                __b2d
 .text.__d2b    0x080101b8       0xb0 C:/ST/STM32CubeIDE_2.1.1/STM32CubeIDE/plugins/com.st.stm32cube.ide.mcu.externaltools.gnu-tools-for-stm32.14.3.rel1.win32_1.0.100.202602081740/tools/bin/../lib/gcc/arm-none-eabi/14.3.1/../../../../arm-none-eabi/lib/thumb/v7e-m+fp/hard\libc_nano.a(libc_a-mprec.o)
                0x080101b8                __d2b
 .text.__ratio  0x08010268       0x64 C:/ST/STM32CubeIDE_2.1.1/STM32CubeIDE/plugins/com.st.stm32cube.ide.mcu.externaltools.gnu-tools-for-stm32.14.3.rel1.win32_1.0.100.202602081740/tools/bin/../lib/gcc/arm-none-eabi/14.3.1/../../../../arm-none-eabi/lib/thumb/v7e-m+fp/hard\libc_nano.a(libc_a-mprec.o)
                0x08010268                __ratio
 .text.__copybits
                0x080102cc       0x46 C:/ST/STM32CubeIDE_2.1.1/STM32CubeIDE/plugins/com.st.stm32cube.ide.mcu.externaltools.gnu-tools-for-stm32.14.3.rel1.win32_1.0.100.202602081740/tools/bin/../lib/gcc/arm-none-eabi/14.3.1/../../../../arm-none-eabi/lib/thumb/v7e-m+fp/hard\libc_nano.a(libc_a-mprec.o)
                0x080102cc                __copybits
 .text.__any_on
                0x08010312       0x42 C:/ST/STM32CubeIDE_2.1.1/STM32CubeIDE/plugins/com.st.stm32cube.ide.mcu.externaltools.gnu-tools-for-stm32.14.3.rel1.win32_1.0.100.202602081740/tools/bin/../lib/gcc/arm-none-eabi/14.3.1/../../../../arm-none-eabi/lib/thumb/v7e-m+fp/hard\libc_nano.a(libc_a-mprec.o)
                0x08010312                __any_on
 .text.__ascii_wctomb
                0x08010354       0x1a C:/ST/STM32CubeIDE_2.1.1/STM32CubeIDE/plugins/com.st.stm32cube.ide.mcu.externaltools.gnu-tools-for-stm32.14.3.rel1.win32_1.0.100.202602081740/tools/bin/../lib/gcc/arm-none-eabi/14.3.1/../../../../arm-none-eabi/lib/thumb/v7e-m+fp/hard\libc_nano.a(libc_a-wctomb_r.o)
                0x08010354                __ascii_wctomb
 .text.__ssputs_r
                0x0801036e       0xc0 C:/ST/STM32CubeIDE_2.1.1/STM32CubeIDE/plugins/com.st.stm32cube.ide.mcu.externaltools.gnu-tools-for-stm32.14.3.rel1.win32_1.0.100.202602081740/tools/bin/../lib/gcc/arm-none-eabi/14.3.1/../../../../arm-none-eabi/lib/thumb/v7e-m+fp/hard\libc_nano.a(libc_a-nano-svfprintf.o)
                0x0801036e                __ssputs_r
 *fill*         0x0801042e        0x2 
 .text._svfprintf_r
                0x08010430      0x1f0 C:/ST/STM32CubeIDE_2.1.1/STM32CubeIDE/plugins/com.st.stm32cube.ide.mcu.externaltools.gnu-tools-for-stm32.14.3.rel1.win32_1.0.100.202602081740/tools/bin/../lib/gcc/arm-none-eabi/14.3.1/../../../../arm-none-eabi/lib/thumb/v7e-m+fp/hard\libc_nano.a(libc_a-nano-svfprintf.o)
                0x08010430                _svfiprintf_r
                0x08010430                _svfprintf_r
 .text._printf_common
                0x08010620       0xda C:/ST/STM32CubeIDE_2.1.1/STM32CubeIDE/plugins/com.st.stm32cube.ide.mcu.externaltools.gnu-tools-for-stm32.14.3.rel1.win32_1.0.100.202602081740/tools/bin/../lib/gcc/arm-none-eabi/14.3.1/../../../../arm-none-eabi/lib/thumb/v7e-m+fp/hard\libc_nano.a(libc_a-nano-vfprintf_i.o)
                0x08010620                _printf_common
 *fill*         0x080106fa        0x2 
 .text._printf_i
                0x080106fc      0x24c C:/ST/STM32CubeIDE_2.1.1/STM32CubeIDE/plugins/com.st.stm32cube.ide.mcu.externaltools.gnu-tools-for-stm32.14.3.rel1.win32_1.0.100.202602081740/tools/bin/../lib/gcc/arm-none-eabi/14.3.1/../../../../arm-none-eabi/lib/thumb/v7e-m+fp/hard\libc_nano.a(libc_a-nano-vfprintf_i.o)
                0x080106fc                _printf_i
 .text.__sflush_r
                0x08010948      0x104 C:/ST/STM32CubeIDE_2.1.1/STM32CubeIDE/plugins/com.st.stm32cube.ide.mcu.externaltools.gnu-tools-for-stm32.14.3.rel1.win32_1.0.100.202602081740/tools/bin/../lib/gcc/arm-none-eabi/14.3.1/../../../../arm-none-eabi/lib/thumb/v7e-m+fp/hard\libc_nano.a(libc_a-fflush.o)
                0x08010948                __sflush_r
 .text._fflush_r
                0x08010a4c       0x50 C:/ST/STM32CubeIDE_2.1.1/STM32CubeIDE/plugins/com.st.stm32cube.ide.mcu.externaltools.gnu-tools-for-stm32.14.3.rel1.win32_1.0.100.202602081740/tools/bin/../lib/gcc/arm-none-eabi/14.3.1/../../../../arm-none-eabi/lib/thumb/v7e-m+fp/hard\libc_nano.a(libc_a-fflush.o)
                0x08010a4c                _fflush_r
 .text._sbrk_r  0x08010a9c       0x20 C:/ST/STM32CubeIDE_2.1.1/STM32CubeIDE/plugins/com.st.stm32cube.ide.mcu.externaltools.gnu-tools-for-stm32.14.3.rel1.win32_1.0.100.202602081740/tools/bin/../lib/gcc/arm-none-eabi/14.3.1/../../../../arm-none-eabi/lib/thumb/v7e-m+fp/hard\libc_nano.a(libc_a-sbrkr.o)
                0x08010a9c                _sbrk_r
 .text.__assert_func
                0x08010abc       0x3c C:/ST/STM32CubeIDE_2.1.1/STM32CubeIDE/plugins/com.st.stm32cube.ide.mcu.externaltools.gnu-tools-for-stm32.14.3.rel1.win32_1.0.100.202602081740/tools/bin/../lib/gcc/arm-none-eabi/14.3.1/../../../../arm-none-eabi/lib/thumb/v7e-m+fp/hard\libc_nano.a(libc_a-assert.o)
                0x08010abc                __assert_func
 .text._calloc_r
                0x08010af8       0x28 C:/ST/STM32CubeIDE_2.1.1/STM32CubeIDE/plugins/com.st.stm32cube.ide.mcu.externaltools.gnu-tools-for-stm32.14.3.rel1.win32_1.0.100.202602081740/tools/bin/../lib/gcc/arm-none-eabi/14.3.1/../../../../arm-none-eabi/lib/thumb/v7e-m+fp/hard\libc_nano.a(libc_a-callocr.o)
                0x08010af8                _calloc_r
 .text.malloc   0x08010b20       0x10 C:/ST/STM32CubeIDE_2.1.1/STM32CubeIDE/plugins/com.st.stm32cube.ide.mcu.externaltools.gnu-tools-for-stm32.14.3.rel1.win32_1.0.100.202602081740/tools/bin/../lib/gcc/arm-none-eabi/14.3.1/../../../../arm-none-eabi/lib/thumb/v7e-m+fp/hard\libc_nano.a(libc_a-malloc.o)
                0x08010b20                malloc
 .text._realloc_r
                0x08010b30       0x5c C:/ST/STM32CubeIDE_2.1.1/STM32CubeIDE/plugins/com.st.stm32cube.ide.mcu.externaltools.gnu-tools-for-stm32.14.3.rel1.win32_1.0.100.202602081740/tools/bin/../lib/gcc/arm-none-eabi/14.3.1/../../../../arm-none-eabi/lib/thumb/v7e-m+fp/hard\libc_nano.a(libc_a-reallocr.o)
                0x08010b30                _realloc_r
 .text.fprintf  0x08010b8c       0x24 C:/ST/STM32CubeIDE_2.1.1/STM32CubeIDE/plugins/com.st.stm32cube.ide.mcu.externaltools.gnu-tools-for-stm32.14.3.rel1.win32_1.0.100.202602081740/tools/bin/../lib/gcc/arm-none-eabi/14.3.1/../../../../arm-none-eabi/lib/thumb/v7e-m+fp/hard\libc_nano.a(libc_a-fprintf.o)
                0x08010b8c                fiprintf
                0x08010b8c                fprintf
 .text.abort    0x08010bb0        0xe C:/ST/STM32CubeIDE_2.1.1/STM32CubeIDE/plugins/com.st.stm32cube.ide.mcu.externaltools.gnu-tools-for-stm32.14.3.rel1.win32_1.0.100.202602081740/tools/bin/../lib/gcc/arm-none-eabi/14.3.1/../../../../arm-none-eabi/lib/thumb/v7e-m+fp/hard\libc_nano.a(libc_a-abort.o)
                0x08010bb0                abort
 .text._malloc_usable_size_r
                0x08010bbe       0x10 C:/ST/STM32CubeIDE_2.1.1/STM32CubeIDE/plugins/com.st.stm32cube.ide.mcu.externaltools.gnu-tools-for-stm32.14.3.rel1.win32_1.0.100.202602081740/tools/bin/../lib/gcc/arm-none-eabi/14.3.1/../../../../arm-none-eabi/lib/thumb/v7e-m+fp/hard\libc_nano.a(libc_a-msizer.o)
                0x08010bbe                _malloc_usable_size_r
 .text.__sfputc_r
                0x08010bce       0x2e C:/ST/STM32CubeIDE_2.1.1/STM32CubeIDE/plugins/com.st.stm32cube.ide.mcu.externaltools.gnu-tools-for-stm32.14.3.rel1.win32_1.0.100.202602081740/tools/bin/../lib/gcc/arm-none-eabi/14.3.1/../../../../arm-none-eabi/lib/thumb/v7e-m+fp/hard\libc_nano.a(libc_a-nano-vfprintf.o)
 .text.__sfputs_r
                0x08010bfc       0x24 C:/ST/STM32CubeIDE_2.1.1/STM32CubeIDE/plugins/com.st.stm32cube.ide.mcu.externaltools.gnu-tools-for-stm32.14.3.rel1.win32_1.0.100.202602081740/tools/bin/../lib/gcc/arm-none-eabi/14.3.1/../../../../arm-none-eabi/lib/thumb/v7e-m+fp/hard\libc_nano.a(libc_a-nano-vfprintf.o)
                0x08010bfc                __sfputs_r
 .text._vfprintf_r
                0x08010c20      0x228 C:/ST/STM32CubeIDE_2.1.1/STM32CubeIDE/plugins/com.st.stm32cube.ide.mcu.externaltools.gnu-tools-for-stm32.14.3.rel1.win32_1.0.100.202602081740/tools/bin/../lib/gcc/arm-none-eabi/14.3.1/../../../../arm-none-eabi/lib/thumb/v7e-m+fp/hard\libc_nano.a(libc_a-nano-vfprintf.o)
                0x08010c20                _vfprintf_r
                0x08010c20                _vfiprintf_r
 .text.__swbuf_r
                0x08010e48       0x7c C:/ST/STM32CubeIDE_2.1.1/STM32CubeIDE/plugins/com.st.stm32cube.ide.mcu.externaltools.gnu-tools-for-stm32.14.3.rel1.win32_1.0.100.202602081740/tools/bin/../lib/gcc/arm-none-eabi/14.3.1/../../../../arm-none-eabi/lib/thumb/v7e-m+fp/hard\libc_nano.a(libc_a-wbuf.o)
                0x08010e48                __swbuf_r
 .text.__swsetup_r
                0x08010ec4       0xa8 C:/ST/STM32CubeIDE_2.1.1/STM32CubeIDE/plugins/com.st.stm32cube.ide.mcu.externaltools.gnu-tools-for-stm32.14.3.rel1.win32_1.0.100.202602081740/tools/bin/../lib/gcc/arm-none-eabi/14.3.1/../../../../arm-none-eabi/lib/thumb/v7e-m+fp/hard\libc_nano.a(libc_a-wsetup.o)
                0x08010ec4                __swsetup_r
 .text._raise_r
                0x08010f6c       0x50 C:/ST/STM32CubeIDE_2.1.1/STM32CubeIDE/plugins/com.st.stm32cube.ide.mcu.externaltools.gnu-tools-for-stm32.14.3.rel1.win32_1.0.100.202602081740/tools/bin/../lib/gcc/arm-none-eabi/14.3.1/../../../../arm-none-eabi/lib/thumb/v7e-m+fp/hard\libc_nano.a(libc_a-signal.o)
                0x08010f6c                _raise_r
 .text.raise    0x08010fbc       0x10 C:/ST/STM32CubeIDE_2.1.1/STM32CubeIDE/plugins/com.st.stm32cube.ide.mcu.externaltools.gnu-tools-for-stm32.14.3.rel1.win32_1.0.100.202602081740/tools/bin/../lib/gcc/arm-none-eabi/14.3.1/../../../../arm-none-eabi/lib/thumb/v7e-m+fp/hard\libc_nano.a(libc_a-signal.o)
                0x08010fbc                raise
 .text._kill_r  0x08010fcc       0x24 C:/ST/STM32CubeIDE_2.1.1/STM32CubeIDE/plugins/com.st.stm32cube.ide.mcu.externaltools.gnu-tools-for-stm32.14.3.rel1.win32_1.0.100.202602081740/tools/bin/../lib/gcc/arm-none-eabi/14.3.1/../../../../arm-none-eabi/lib/thumb/v7e-m+fp/hard\libc_nano.a(libc_a-signalr.o)
                0x08010fcc                _kill_r
 .text._getpid_r
                0x08010ff0        0x4 C:/ST/STM32CubeIDE_2.1.1/STM32CubeIDE/plugins/com.st.stm32cube.ide.mcu.externaltools.gnu-tools-for-stm32.14.3.rel1.win32_1.0.100.202602081740/tools/bin/../lib/gcc/arm-none-eabi/14.3.1/../../../../arm-none-eabi/lib/thumb/v7e-m+fp/hard\libc_nano.a(libc_a-signalr.o)
                0x08010ff0                _getpid_r
 .text.__swhatbuf_r
                0x08010ff4       0x48 C:/ST/STM32CubeIDE_2.1.1/STM32CubeIDE/plugins/com.st.stm32cube.ide.mcu.externaltools.gnu-tools-for-stm32.14.3.rel1.win32_1.0.100.202602081740/tools/bin/../lib/gcc/arm-none-eabi/14.3.1/../../../../arm-none-eabi/lib/thumb/v7e-m+fp/hard\libc_nano.a(libc_a-makebuf.o)
                0x08010ff4                __swhatbuf_r
 .text.__smakebuf_r