Archive member included to satisfy reference by file (symbol)

C:/ST/STM32CubeIDE_2.1.1/STM32CubeIDE/plugins/com.st.stm32cube.ide.mcu.externaltools.gnu-tools-for-stm32.14.3.rel1.win32_1.0.100.202602081740/tools/bin/../lib/gcc/arm-none-eabi/14.3.1/../../../../arm-none-eabi/lib/thumb/v7e-m+fp/hard\libc_nano.a(libc_a-atof.o)
                              ./Core/Src/cdh/m10s.o (atof)
C:/ST/STM32CubeIDE_2.1.1/STM32CubeIDE/plugins/com.st.stm32cube.ide.mcu.externaltools.gnu-tools-for-stm32.14.3.rel1.win32_1.0.100.202602081740/tools/bin/../lib/gcc/arm-none-eabi/14.3.1/../../../../arm-none-eabi/lib/thumb/v7e-m+fp/hard\libc_nano.a(libc_a-atoi.o)
                              ./Core/Src/cdh/m10s.o (atoi)
C:/ST/STM32CubeIDE_2.1.1/STM32CubeIDE/plugins/com.st.stm32cube.ide.mcu.externaltools.gnu-tools-for-stm32.14.3.rel1.win32_1.0.100.202602081740/tools/bin/../lib/gcc/arm-none-eabi/14.3.1/../../../../arm-none-eabi/lib/thumb/v7e-m+fp/hard\libc_nano.a(libc_a-exit.o)
                              C:/ST/STM32CubeIDE_2.1.1/STM32CubeIDE/plugins/com.st.stm32cube.ide.mcu.externaltools.gnu-tools-for-stm32.14.3.rel1.win32_1.0.100.202602081740/tools/bin/../lib/gcc/arm-none-eabi/14.3.1/../../../../arm-none-eabi/lib/thumb/v7e-m+fp/hard/crt0.o (exit)
C:/ST/STM32CubeIDE_2.1.1/STM32CubeIDE/plugins/com.st.stm32cube.ide.mcu.externaltools.gnu-tools-for-stm32.14.3.rel1.win32_1.0.100.202602081740/tools/bin/../lib/gcc/arm-none-eabi/14.3.1/../../../../arm-none-eabi/lib/thumb/v7e-m+fp/hard\libc_nano.a(libc_a-strtod.o)
                              C:/ST/STM32CubeIDE_2.1.1/STM32CubeIDE/plugins/com.st.stm32cube.ide.mcu.externaltools.gnu-tools-for-stm32.14.3.rel1.win32_1.0.100.202602081740/tools/bin/../lib/gcc/arm-none-eabi/14.3.1/../../../../arm-none-eabi/lib/thumb/v7e-m+fp/hard\libc_nano.a(libc_a-atof.o) (strtod)
C:/ST/STM32CubeIDE_2.1.1/STM32CubeIDE/plugins/com.st.stm32cube.ide.mcu.externaltools.gnu-tools-for-stm32.14.3.rel1.win32_1.0.100.202602081740/tools/bin/../lib/gcc/arm-none-eabi/14.3.1/../../../../arm-none-eabi/lib/thumb/v7e-m+fp/hard\libc_nano.a(libc_a-strtol.o)
                              C:/ST/STM32CubeIDE_2.1.1/STM32CubeIDE/plugins/com.st.stm32cube.ide.mcu.externaltools.gnu-tools-for-stm32.14.3.rel1.win32_1.0.100.202602081740/tools/bin/../lib/gcc/arm-none-eabi/14.3.1/../../../../arm-none-eabi/lib/thumb/v7e-m+fp/hard\libc_nano.a(libc_a-atoi.o) (_strtol_r)
C:/ST/STM32CubeIDE_2.1.1/STM32CubeIDE/plugins/com.st.stm32cube.ide.mcu.externaltools.gnu-tools-for-stm32.14.3.rel1.win32_1.0.100.202602081740/tools/bin/../lib/gcc/arm-none-eabi/14.3.1/../../../../arm-none-eabi/lib/thumb/v7e-m+fp/hard\libc_nano.a(libc_a-ctype_.o)
                              C:/ST/STM32CubeIDE_2.1.1/STM32CubeIDE/plugins/com.st.stm32cube.ide.mcu.externaltools.gnu-tools-for-stm32.14.3.rel1.win32_1.0.100.202602081740/tools/bin/../lib/gcc/arm-none-eabi/14.3.1/../../../../arm-none-eabi/lib/thumb/v7e-m+fp/hard\libc_nano.a(libc_a-strtol.o) (_ctype_)
C:/ST/STM32CubeIDE_2.1.1/STM32CubeIDE/plugins/com.st.stm32cube.ide.mcu.externaltools.gnu-tools-for-stm32.14.3.rel1.win32_1.0.100.202602081740/tools/bin/../lib/gcc/arm-none-eabi/14.3.1/../../../../arm-none-eabi/lib/thumb/v7e-m+fp/hard\libc_nano.a(libc_a-findfp.o)
                              C:/ST/STM32CubeIDE_2.1.1/STM32CubeIDE/plugins/com.st.stm32cube.ide.mcu.externaltools.gnu-tools-for-stm32.14.3.rel1.win32_1.0.100.202602081740/tools/bin/../lib/gcc/arm-none-eabi/14.3.1/../../../../arm-none-eabi/lib/thumb/v7e-m+fp/hard\libc_nano.a(libc_a-exit.o) (__stdio_exit_handler)
C:/ST/STM32CubeIDE_2.1.1/STM32CubeIDE/plugins/com.st.stm32cube.ide.mcu.externaltools.gnu-tools-for-stm32.14.3.rel1.win32_1.0.100.202602081740/tools/bin/../lib/gcc/arm-none-eabi/14.3.1/../../../../arm-none-eabi/lib/thumb/v7e-m+fp/hard\libc_nano.a(libc_a-fwalk.o)
                              C:/ST/STM32CubeIDE_2.1.1/STM32CubeIDE/plugins/com.st.stm32cube.ide.mcu.externaltools.gnu-tools-for-stm32.14.3.rel1.win32_1.0.100.202602081740/tools/bin/../lib/gcc/arm-none-eabi/14.3.1/../../../../arm-none-eabi/lib/thumb/v7e-m+fp/hard\libc_nano.a(libc_a-findfp.o) (_fwalk_sglue)
C:/ST/STM32CubeIDE_2.1.1/STM32CubeIDE/plugins/com.st.stm32cube.ide.mcu.externaltools.gnu-tools-for-stm32.14.3.rel1.win32_1.0.100.202602081740/tools/bin/../lib/gcc/arm-none-eabi/14.3.1/../../../../arm-none-eabi/lib/thumb/v7e-m+fp/hard\libc_nano.a(libc_a-snprintf.o)
                              ./Core/Src/cdh/baro_diag.o (snprintf)
C:/ST/STM32CubeIDE_2.1.1/STM32CubeIDE/plugins/com.st.stm32cube.ide.mcu.externaltools.gnu-tools-for-stm32.14.3.rel1.win32_1.0.100.202602081740/tools/bin/../lib/gcc/arm-none-eabi/14.3.1/../../../../arm-none-eabi/lib/thumb/v7e-m+fp/hard\libc_nano.a(libc_a-stdio.o)
                              C:/ST/STM32CubeIDE_2.1.1/STM32CubeIDE/plugins/com.st.stm32cube.ide.mcu.externaltools.gnu-tools-for-stm32.14.3.rel1.win32_1.0.100.202602081740/tools/bin/../lib/gcc/arm-none-eabi/14.3.1/../../../../arm-none-eabi/lib/thumb/v7e-m+fp/hard\libc_nano.a(libc_a-findfp.o) (__sread)
[...]
Memory Configuration

Name             Origin             Length             Attributes
RAM              0x20000000         0x00018000         xrw
RAM2             0x10000000         0x00008000         xrw
FLASH            0x08000000         0x00100000         xr
*default*        0x00000000         0xffffffff

Linker script and memory map

LOAD C:/ST/STM32CubeIDE_2.1.1/STM32CubeIDE/plugins/com.st.stm32cube.ide.mcu.externaltools.gnu-tools-for-stm32.14.3.rel1.win32_1.0.100.202602081740/tools/bin/../lib/gcc/arm-none-eabi/14.3.1/thumb/v7e-m+fp/hard/crti.o
LOAD C:/ST/STM32CubeIDE_2.1.1/STM32CubeIDE/plugins/com.st.stm32cube.ide.mcu.externaltools.gnu-tools-for-stm32.14.3.rel1.win32_1.0.100.202602081740/tools/bin/../lib/gcc/arm-none-eabi/14.3.1/thumb/v7e-m+fp/hard/crtbegin.o
LOAD C:/ST/STM32CubeIDE_2.1.1/STM32CubeIDE/plugins/com.st.stm32cube.ide.mcu.externaltools.gnu-tools-for-stm32.14.3.rel1.win32_1.0.100.202602081740/tools/bin/../lib/gcc/arm-none-eabi/14.3.1/../../../../arm-none-eabi/lib/thumb/v7e-m+fp/hard/crt0.o
LOAD ./Core/Src/cdh/baro_diag.o
LOAD ./Core/Src/cdh/cdh.o
LOAD ./Core/Src/cdh/cdh_debug.o
LOAD ./Core/Src/cdh/cdh_fdir.o
LOAD ./Core/Src/cdh/gps_diag.o
LOAD ./Core/Src/cdh/gps_equipment_handler.o
LOAD ./Core/Src/cdh/m10s.o
LOAD ./Core/Src/cdh/mpu6050.o
LOAD ./Core/Src/cdh/mpu6050_equipment_handler.o
LOAD ./Core/Src/cdh/ms5607.o
LOAD ./Core/Src/cdh/ms5607_equipment_handler.o
LOAD ./Core/Src/datapool.o
LOAD ./Core/Src/gpio.o
LOAD ./Core/Src/i2c.o
LOAD ./Core/Src/main.o
LOAD ./Core/Src/sd_spi.o
LOAD ./Core/Src/spi.o
LOAD ./Core/Src/stm32l4xx_hal_msp.o
LOAD ./Core/Src/stm32l4xx_it.o
LOAD ./Core/Src/syscalls.o
LOAD ./Core/Src/sysmem.o
LOAD ./Core/Src/system_stm32l4xx.o
LOAD ./Core/Src/usart.o
LOAD ./Core/Src/fdir/fdir.o
LOAD ./Core/Src/fsw/fsm.o
LOAD ./Core/Src/ttc/lora_driver.o
LOAD ./Core/Src/ttc/telemetry_packet_test.o
LOAD ./Core/Src/ttc/ttc.o
LOAD ./Core/Startup/startup_stm32l476rgtx.o
LOAD ./Drivers/STM32L4xx_HAL_Driver/stm32l4xx_hal.o
LOAD ./Drivers/STM32L4xx_HAL_Driver/stm32l4xx_hal_cortex.o
LOAD ./Drivers/STM32L4xx_HAL_Driver/stm32l4xx_hal_dma.o
LOAD ./Drivers/STM32L4xx_HAL_Driver/stm32l4xx_hal_dma_ex.o
LOAD ./Drivers/STM32L4xx_HAL_Driver/stm32l4xx_hal_exti.o
LOAD ./Drivers/STM32L4xx_HAL_Driver/stm32l4xx_hal_flash.o
LOAD ./Drivers/STM32L4xx_HAL_Driver/stm32l4xx_hal_flash_ex.o
LOAD ./Drivers/STM32L4xx_HAL_Driver/stm32l4xx_hal_flash_ramfunc.o
LOAD ./Drivers/STM32L4xx_HAL_Driver/stm32l4xx_hal_gpio.o
LOAD ./Drivers/STM32L4xx_HAL_Driver/stm32l4xx_hal_i2c.o
LOAD ./Drivers/STM32L4xx_HAL_Driver/stm32l4xx_hal_i2c_ex.o
LOAD ./Drivers/STM32L4xx_HAL_Driver/stm32l4xx_hal_pcd.o
LOAD ./Drivers/STM32L4xx_HAL_Driver/stm32l4xx_hal_pcd_ex.o
LOAD ./Drivers/STM32L4xx_HAL_Driver/stm32l4xx_hal_pwr.o
LOAD ./Drivers/STM32L4xx_HAL_Driver/stm32l4xx_hal_pwr_ex.o
LOAD ./Drivers/STM32L4xx_HAL_Driver/stm32l4xx_hal_rcc.o
LOAD ./Drivers/STM32L4xx_HAL_Driver/stm32l4xx_hal_rcc_ex.o
LOAD ./Drivers/STM32L4xx_HAL_Driver/stm32l4xx_hal_spi.o
LOAD ./Drivers/STM32L4xx_HAL_Driver/stm32l4xx_hal_spi_ex.o
LOAD ./Drivers/STM32L4xx_HAL_Driver/stm32l4xx_hal_uart.o
LOAD ./Drivers/STM32L4xx_HAL_Driver/stm32l4xx_hal_uart_ex.o
LOAD ./Drivers/STM32L4xx_HAL_Driver/stm32l4xx_ll_usb.o
LOAD ./FATFS/App/fatfs.o
LOAD ./FATFS/Target/user_diskio.o
LOAD ./Middlewares/FatFs/diskio.o
LOAD ./Middlewares/FatFs/ff.o
LOAD ./Middlewares/FatFs/ff_gen_drv.o
LOAD ./Middlewares/FatFs/syscall.o
LOAD ./Middlewares/USB_Device_Library/usbd_cdc.o
LOAD ./Middlewares/USB_Device_Library/usbd_core.o
LOAD ./Middlewares/USB_Device_Library/usbd_ctlreq.o
LOAD ./Middlewares/USB_Device_Library/usbd_ioreq.o
LOAD ./USB_DEVICE/App/usb_device.o
LOAD ./USB_DEVICE/App/usbd_cdc_if.o
LOAD ./USB_DEVICE/App/usbd_desc.o
LOAD ./USB_DEVICE/Target/usbd_conf.o
START GROUP
LOAD C:/ST/STM32CubeIDE_2.1.1/STM32CubeIDE/plugins/com.st.stm32cube.ide.mcu.externaltools.gnu-tools-for-stm32.14.3.rel1.win32_1.0.100.202602081740/tools/bin/../lib/gcc/arm-none-eabi/14.3.1/../../../../arm-none-eabi/lib/thumb/v7e-m+fp/hard\libc_nano.a
LOAD C:/ST/STM32CubeIDE_2.1.1/STM32CubeIDE/plugins/com.st.stm32cube.ide.mcu.externaltools.gnu-tools-for-stm32.14.3.rel1.win32_1.0.100.202602081740/tools/bin/../lib/gcc/arm-none-eabi/14.3.1/../../../../arm-none-eabi/lib/thumb/v7e-m+fp/hard\libm.a
END GROUP
START GROUP
LOAD C:/ST/STM32CubeIDE_2.1.1/STM32CubeIDE/plugins/com.st.stm32cube.ide.mcu.externaltools.gnu-tools-for-stm32.14.3.rel1.win32_1.0.100.202602081740/tools/bin/../lib/gcc/arm-none-eabi/14.3.1/thumb/v7e-m+fp/hard\libgcc.a
LOAD C:/ST/STM32CubeIDE_2.1.1/STM32CubeIDE/plugins/com.st.stm32cube.ide.mcu.externaltools.gnu-tools-for-stm32.14.3.rel1.win32_1.0.100.202602081740/tools/bin/../lib/gcc/arm-none-eabi/14.3.1/../../../../arm-none-eabi/lib/thumb/v7e-m+fp/hard\libc_nano.a
END GROUP
START GROUP
LOAD C:/ST/STM32CubeIDE_2.1.1/STM32CubeIDE/plugins/com.st.stm32cube.ide.mcu.externaltools.gnu-tools-for-stm32.14.3.rel1.win32_1.0.100.202602081740/tools/bin/../lib/gcc/arm-none-eabi/14.3.1/thumb/v7e-m+fp/hard\libgcc.a
LOAD C:/ST/STM32CubeIDE_2.1.1/STM32CubeIDE/plugins/com.st.stm32cube.ide.mcu.externaltools.gnu-tools-for-stm32.14.3.rel1.win32_1.0.100.202602081740/tools/bin/../lib/gcc/arm-none-eabi/14.3.1/../../../../arm-none-eabi/lib/thumb/v7e-m+fp/hard\libc_nano.a
LOAD C:/ST/STM32CubeIDE_2.1.1/STM32CubeIDE/plugins/com.st.stm32cube.ide.mcu.externaltools.gnu-tools-for-stm32.14.3.rel1.win32_1.0.100.202602081740/tools/bin/../lib/gcc/arm-none-eabi/14.3.1/../../../../arm-none-eabi/lib/thumb/v7e-m+fp/hard\libnosys.a
END GROUP
START GROUP
LOAD C:/ST/STM32CubeIDE_2.1.1/STM32CubeIDE/plugins/com.st.stm32cube.ide.mcu.externaltools.gnu-tools-for-stm32.14.3.rel1.win32_1.0.100.202602081740/tools/bin/../lib/gcc/arm-none-eabi/14.3.1/thumb/v7e-m+fp/hard\libgcc.a
LOAD C:/ST/STM32CubeIDE_2.1.1/STM32CubeIDE/plugins/com.st.stm32cube.ide.mcu.externaltools.gnu-tools-for-stm32.14.3.rel1.win32_1.0.100.202602081740/tools/bin/../lib/gcc/arm-none-eabi/14.3.1/../../../../arm-none-eabi/lib/thumb/v7e-m+fp/hard\libc_nano.a
LOAD C:/ST/STM32CubeIDE_2.1.1/STM32CubeIDE/plugins/com.st.stm32cube.ide.mcu.externaltools.gnu-tools-for-stm32.14.3.rel1.win32_1.0.100.202602081740/tools/bin/../lib/gcc/arm-none-eabi/14.3.1/../../../../arm-none-eabi/lib/thumb/v7e-m+fp/hard\libnosys.a
END GROUP
LOAD C:/ST/STM32CubeIDE_2.1.1/STM32CubeIDE/plugins/com.st.stm32cube.ide.mcu.externaltools.gnu-tools-for-stm32.14.3.rel1.win32_1.0.100.202602081740/tools/bin/../lib/gcc/arm-none-eabi/14.3.1/thumb/v7e-m+fp/hard/crtend.o
LOAD C:/ST/STM32CubeIDE_2.1.1/STM32CubeIDE/plugins/com.st.stm32cube.ide.mcu.externaltools.gnu-tools-for-stm32.14.3.rel1.win32_1.0.100.202602081740/tools/bin/../lib/gcc/arm-none-eabi/14.3.1/thumb/v7e-m+fp/hard/crtn.o
                0x20018000                        _estack = (ORIGIN (RAM) + LENGTH (RAM))
                0x00000200                        _Min_Heap_Size = 0x200
                0x00000400                        _Min_Stack_Size = 0x400

.isr_vector     0x08000000      0x188
                0x08000000                        . = ALIGN (0x4)
 *(.isr_vector)
 .isr_vector    0x08000000      0x188 ./Core/Startup/startup_stm32l476rgtx.o
                0x08000000                g_pfnVectors
                0x08000188                        . = ALIGN (0x4)

.text           0x08000190    0x16b60
                0x08000190                        . = ALIGN (0x4)
 *(.text)
 .text          0x08000190       0x40 C:/ST/STM32CubeIDE_2.1.1/STM32CubeIDE/plugins/com.st.stm32cube.ide.mcu.externaltools.gnu-tools-for-stm32.14.3.rel1.win32_1.0.100.202602081740/tools/bin/../lib/gcc/arm-none-eabi/14.3.1/thumb/v7e-m+fp/hard/crtbegin.o
 .text          0x080001d0       0x10 C:/ST/STM32CubeIDE_2.1.1/STM32CubeIDE/plugins/com.st.stm32cube.ide.mcu.externaltools.gnu-tools-for-stm32.14.3.rel1.win32_1.0.100.202602081740/tools/bin/../lib/gcc/arm-none-eabi/14.3.1/../../../../arm-none-eabi/lib/thumb/v7e-m+fp/hard\libc_nano.a(libc_a-strlen.o)
                0x080001d0                strlen
 .text          0x080001e0       0xa0 C:/ST/STM32CubeIDE_2.1.1/STM32CubeIDE/plugins/com.st.stm32cube.ide.mcu.externaltools.gnu-tools-for-stm32.14.3.rel1.win32_1.0.100.202602081740/tools/bin/../lib/gcc/arm-none-eabi/14.3.1/../../../../arm-none-eabi/lib/thumb/v7e-m+fp/hard\libc_nano.a(libc_a-memchr.o)
                0x080001e0                memchr
 .text          0x08000280      0x378 C:/ST/STM32CubeIDE_2.1.1/STM32CubeIDE/plugins/com.st.stm32cube.ide.mcu.externaltools.gnu-tools-for-stm32.14.3.rel1.win32_1.0.100.202602081740/tools/bin/../lib/gcc/arm-none-eabi/14.3.1/thumb/v7e-m+fp/hard\libgcc.a(_arm_addsubdf3.o)
                0x08000280                __aeabi_drsub
                0x08000288                __aeabi_dsub
                0x08000288                __subdf3
                0x0800028c                __aeabi_dadd
                0x0800028c                __adddf3
                0x08000504                __floatunsidf
                0x08000504                __aeabi_ui2d
                0x08000524                __floatsidf
                0x08000524                __aeabi_i2d
                0x08000548                __aeabi_f2d
                0x08000548                __extendsfdf2
                0x0800058c                __floatundidf
                0x0800058c                __aeabi_ul2d
                0x0800059c                __floatdidf
                0x0800059c                __aeabi_l2d
 .text          0x080005f8      0x424 C:/ST/STM32CubeIDE_2.1.1/STM32CubeIDE/plugins/com.st.stm32cube.ide.mcu.externaltools.gnu-tools-for-stm32.14.3.rel1.win32_1.0.100.202602081740/tools/bin/../lib/gcc/arm-none-eabi/14.3.1/thumb/v7e-m+fp/hard\libgcc.a(_arm_muldivdf3.o)
                0x080005f8                __aeabi_dmul
                0x080005f8                __muldf3
                0x0800084c                __divdf3
                0x0800084c                __aeabi_ddiv
 .text          0x08000a1c      0x110 C:/ST/STM32CubeIDE_2.1.1/STM32CubeIDE/plugins/com.st.stm32cube.ide.mcu.externaltools.gnu-tools-for-stm32.14.3.rel1.win32_1.0.100.202602081740/tools/bin/../lib/gcc/arm-none-eabi/14.3.1/thumb/v7e-m+fp/hard\libgcc.a(_arm_cmpdf2.o)
                0x08000a1c                __gtdf2
                0x08000a1c                __gedf2
                0x08000a24                __ltdf2
                0x08000a24                __ledf2
                0x08000a2c                __nedf2
                0x08000a2c                __eqdf2
                0x08000a2c                __cmpdf2
                0x08000aa8                __aeabi_cdrcmple
                0x08000ab8                __aeabi_cdcmpeq
                0x08000ab8                __aeabi_cdcmple
                0x08000ac8                __aeabi_dcmpeq
                0x08000adc                __aeabi_dcmplt
                0x08000af0                __aeabi_dcmple
                0x08000b04                __aeabi_dcmpge
                0x08000b18                __aeabi_dcmpgt
 .text          0x08000b2c       0x50 C:/ST/STM32CubeIDE_2.1.1/STM32CubeIDE/plugins/com.st.stm32cube.ide.mcu.externaltools.gnu-tools-for-stm32.14.3.rel1.win32_1.0.100.202602081740/tools/bin/../lib/gcc/arm-none-eabi/14.3.1/thumb/v7e-m+fp/hard\libgcc.a(_arm_fixdfsi.o)
                0x08000b2c                __aeabi_d2iz
                0x08000b2c                __fixdfsi
 .text          0x08000b7c       0x40 C:/ST/STM32CubeIDE_2.1.1/STM32CubeIDE/plugins/com.st.stm32cube.ide.mcu.externaltools.gnu-tools-for-stm32.14.3.rel1.win32_1.0.100.202602081740/tools/bin/../lib/gcc/arm-none-eabi/14.3.1/thumb/v7e-m+fp/hard\libgcc.a(_arm_fixunsdfsi.o)
                0x08000b7c                __aeabi_d2uiz
                0x08000b7c                __fixunsdfsi
 .text          0x08000bbc       0xa0 C:/ST/STM32CubeIDE_2.1.1/STM32CubeIDE/plugins/com.st.stm32cube.ide.mcu.externaltools.gnu-tools-for-stm32.14.3.rel1.win32_1.0.100.202602081740/tools/bin/../lib/gcc/arm-none-eabi/14.3.1/thumb/v7e-m+fp/hard\libgcc.a(_arm_truncdfsf2.o)
                0x08000bbc                __truncdfsf2
                0x08000bbc                __aeabi_d2f
 .text          0x08000c5c      0x21c C:/ST/STM32CubeIDE_2.1.1/STM32CubeIDE/plugins/com.st.stm32cube.ide.mcu.externaltools.gnu-tools-for-stm32.14.3.rel1.win32_1.0.100.202602081740/tools/bin/../lib/gcc/arm-none-eabi/14.3.1/thumb/v7e-m+fp/hard\libgcc.a(_arm_addsubsf3.o)
                0x08000c5c                __aeabi_frsub
                0x08000c64                __subsf3
                0x08000c64                __aeabi_fsub
                0x08000c68                __aeabi_fadd
                0x08000c68                __addsf3
                0x08000dc8                __aeabi_ui2f
                0x08000dc8                __floatunsisf
                0x08000dd0                __aeabi_i2f
                0x08000dd0                __floatsisf
                0x08000dec                __aeabi_ul2f
                0x08000dec                __floatundisf
                0x08000dfc                __aeabi_l2f
                0x08000dfc                __floatdisf
 .text          0x08000e78       0x30 C:/ST/STM32CubeIDE_2.1.1/STM32CubeIDE/plugins/com.st.stm32cube.ide.mcu.externaltools.gnu-tools-for-stm32.14.3.rel1.win32_1.0.100.202602081740/tools/bin/../lib/gcc/arm-none-eabi/14.3.1/thumb/v7e-m+fp/hard\libgcc.a(_aeabi_uldivmod.o)
                0x08000e78                __aeabi_uldivmod
 .text          0x08000ea8       0x30 C:/ST/STM32CubeIDE_2.1.1/STM32CubeIDE/plugins/com.st.stm32cube.ide.mcu.externaltools.gnu-tools-for-stm32.14.3.rel1.win32_1.0.100.202602081740/tools/bin/../lib/gcc/arm-none-eabi/14.3.1/thumb/v7e-m+fp/hard\libgcc.a(_fixdfdi.o)
                0x08000ea8                __fixdfdi
                0x08000ea8                __aeabi_d2lz
 .text          0x08000ed8       0x3c C:/ST/STM32CubeIDE_2.1.1/STM32CubeIDE/plugins/com.st.stm32cube.ide.mcu.externaltools.gnu-tools-for-stm32.14.3.rel1.win32_1.0.100.202602081740/tools/bin/../lib/gcc/arm-none-eabi/14.3.1/thumb/v7e-m+fp/hard\libgcc.a(_fixunsdfdi.o)
                0x08000ed8                __fixunsdfdi
                0x08000ed8                __aeabi_d2ulz
 .text          0x08000f14      0x2f8 C:/ST/STM32CubeIDE_2.1.1/STM32CubeIDE/plugins/com.st.stm32cube.ide.mcu.externaltools.gnu-tools-for-stm32.14.3.rel1.win32_1.0.100.202602081740/tools/bin/../lib/gcc/arm-none-eabi/14.3.1/thumb/v7e-m+fp/hard\libgcc.a(_udivmoddi4.o)
                0x08000f14                __udivmoddi4
 .text          0x0800120c        0x4 C:/ST/STM32CubeIDE_2.1.1/STM32CubeIDE/plugins/com.st.stm32cube.ide.mcu.externaltools.gnu-tools-for-stm32.14.3.rel1.win32_1.0.100.202602081740/tools/bin/../lib/gcc/arm-none-eabi/14.3.1/thumb/v7e-m+fp/hard\libgcc.a(_dvmd_tls.o)
                0x0800120c                __aeabi_idiv0
                0x0800120c                __aeabi_ldiv0
 *(.text*)
 .text.Baro_Diag_Test
                0x08001210      0x1e0 ./Core/Src/cdh/baro_diag.o
                0x08001210                Baro_Diag_Test
 .text.sd_flush
                0x080013f0       0x54 ./Core/Src/cdh/cdh.o
 .text.sd_append
                0x08001444       0x60 ./Core/Src/cdh/cdh.o
 .text.CDH_Init
                0x080014a4      0x124 ./Core/Src/cdh/cdh.o
                0x080014a4                CDH_Init
 .text.CDH_Update
                0x080015c8      0x604 ./Core/Src/cdh/cdh.o
                0x080015c8                CDH_Update
 .text.CDH_RequestBusRestart
                0x08001bcc       0x14 ./Core/Src/cdh/cdh.o
                0x08001bcc                CDH_RequestBusRestart
 .text.CDH_Debug_PrintGPS
                0x08001be0      0x320 ./Core/Src/cdh/cdh_debug.o
                0x08001be0                CDH_Debug_PrintGPS
 .text.CDH_Debug_PrintBaro
                0x08001f00      0x190 ./Core/Src/cdh/cdh_debug.o
                0x08001f00                CDH_Debug_PrintBaro
 .text.CDH_FDIR_Init
                0x08002090       0x20 ./Core/Src/cdh/cdh_fdir.o
                0x08002090                CDH_FDIR_Init
 .text.CDH_FDIR_RecoverIMU
                0x080020b0       0x16 ./Core/Src/cdh/cdh_fdir.o
                0x080020b0                CDH_FDIR_RecoverIMU
 .text.CDH_FDIR_RecoverBaro
                0x080020c6       0x16 ./Core/Src/cdh/cdh_fdir.o
                0x080020c6                CDH_FDIR_RecoverBaro
 .text.CDH_FDIR_BusRestart_Start
                0x080020dc       0x28 ./Core/Src/cdh/cdh_fdir.o
                0x080020dc                CDH_FDIR_BusRestart_Start
 .text.CDH_FDIR_BusRestart_Process
                0x08002104       0x58 ./Core/Src/cdh/cdh_fdir.o
                0x08002104                CDH_FDIR_BusRestart_Process
 .text.GPS_Diag_Test
                0x0800215c      0x430 ./Core/Src/cdh/gps_diag.o
                0x0800215c                GPS_Diag_Test
 .text.GPS_EquipmentHandler_Init
                0x0800258c       0x48 ./Core/Src/cdh/gps_equipment_handler.o
                0x0800258c                GPS_EquipmentHandler_Init
 .text.GPS_EquipmentHandler_Update
                0x080025d4       0xe6 ./Core/Src/cdh/gps_equipment_handler.o
                0x080025d4                GPS_EquipmentHandler_Update
 .text.M10S_CalculateChecksum
                0x080026ba       0x62 ./Core/Src/cdh/m10s.o
 .text.M10S_VerifyChecksum
                0x0800271c       0x52 ./Core/Src/cdh/m10s.o
 *fill*         0x0800276e        0x2 
 .text.M10S_ParseNAVPVT
                0x08002770      0x200 ./Core/Src/cdh/m10s.o
 .text.M10S_CheckPresence
                0x08002970       0x36 ./Core/Src/cdh/m10s.o
 .text.M10S_SendCommand
                0x080029a6       0x38 ./Core/Src/cdh/m10s.o
 .text.M10S_GetBytesAvailable
                0x080029de       0x56 ./Core/Src/cdh/m10s.o
 .text.M10S_ReadDataStream
                0x08002a34       0x5a ./Core/Src/cdh/m10s.o
 *fill*         0x08002a8e        0x2 
 .text.M10S_ClearBuffer
                0x08002a90       0x24 ./Core/Src/cdh/m10s.o
 .text.M10S_BufferAdd
                0x08002ab4       0x80 ./Core/Src/cdh/m10s.o
 .text.M10S_BufferRemoveFront
                0x08002b34       0x50 ./Core/Src/cdh/m10s.o
 .text.M10S_Begin
                0x08002b84      0x350 ./Core/Src/cdh/m10s.o
                0x08002b84                M10S_Begin
 .text.M10S_RequestPVT
                0x08002ed4       0x64 ./Core/Src/cdh/m10s.o
                0x08002ed4                M10S_RequestPVT
 .text.M10S_CheckUblox
                0x08002f38       0x98 ./Core/Src/cdh/m10s.o
                0x08002f38                M10S_CheckUblox
 .text.M10S_ParseNMEA_GGA
                0x08002fd0      0x354 ./Core/Src/cdh/m10s.o
 .text.M10S_ParseNMEA_RMC
                0x08003324      0x304 ./Core/Src/cdh/m10s.o
 .text.M10S_Read
                0x08003628      0x340 ./Core/Src/cdh/m10s.o
                0x08003628                M10S_Read
 .text.M10S_GetBufferFillLevel
                0x08003968       0x18 ./Core/Src/cdh/m10s.o
                0x08003968                M10S_GetBufferFillLevel
 .text.MPU6050_WriteReg
                0x08003980       0x32 ./Core/Src/cdh/mpu6050.o
 .text.MPU6050_ReadReg
                0x080039b2       0x32 ./Core/Src/cdh/mpu6050.o
 .text.MPU6050_Check
                0x080039e4       0x28 ./Core/Src/cdh/mpu6050.o
                0x080039e4                MPU6050_Check
 .text.MPU6050_Init
                0x08003a0c       0x44 ./Core/Src/cdh/mpu6050.o
                0x08003a0c                MPU6050_Init
 .text.MPU6050_Read
                0x08003a50      0x178 ./Core/Src/cdh/mpu6050.o
                0x08003a50                MPU6050_Read
 .text.MPU6050_IsDataFlatlined
                0x08003bc8       0x9c ./Core/Src/cdh/mpu6050_equipment_handler.o
 .text.MPU6050_EquipmentHandler_Init
                0x08003c64       0x9c ./Core/Src/cdh/mpu6050_equipment_handler.o
                0x08003c64                MPU6050_EquipmentHandler_Init
 .text.MPU6050_EquipmentHandler_Update
                0x08003d00       0xf4 ./Core/Src/cdh/mpu6050_equipment_handler.o
                0x08003d00                MPU6050_EquipmentHandler_Update
 .text.MS5607_WriteCmd
                0x08003df4       0x24 ./Core/Src/cdh/ms5607.o
 .text.MS5607_ReadADC
                0x08003e18       0x46 ./Core/Src/cdh/ms5607.o
 *fill*         0x08003e5e        0x2 
 .text.MS5607_ReadPROM
                0x08003e60       0x74 ./Core/Src/cdh/ms5607.o
 .text.MS5607_Check
                0x08003ed4       0x1e ./Core/Src/cdh/ms5607.o
                0x08003ed4                MS5607_Check
 .text.MS5607_Init
                0x08003ef2       0x24 ./Core/Src/cdh/ms5607.o
                0x08003ef2                MS5607_Init
 *fill*         0x08003f16        0x2 
 .text.MS5607_Read
                0x08003f18      0x5fc ./Core/Src/cdh/ms5607.o
                0x08003f18                MS5607_Read
 .text.MS5607_EquipmentHandler_Init
                0x08004514       0xae ./Core/Src/cdh/ms5607_equipment_handler.o
                0x08004514                MS5607_EquipmentHandler_Init
 .text.MS5607_EquipmentHandler_Update
                0x080045c2       0xa0 ./Core/Src/cdh/ms5607_equipment_handler.o
                0x080045c2                MS5607_EquipmentHandler_Update
 *fill*         0x08004662        0x2 
 .text.MX_GPIO_Init
                0x08004664      0x138 ./Core/Src/gpio.o
                0x08004664                MX_GPIO_Init
 .text.MX_I2C1_Init
                0x0800479c       0x80 ./Core/Src/i2c.o
                0x0800479c                MX_I2C1_Init
 .text.HAL_I2C_MspInit
                0x0800481c       0xbc ./Core/Src/i2c.o
                0x0800481c                HAL_I2C_MspInit
 .text.HAL_I2C_MspDeInit
                0x080048d8       0x48 ./Core/Src/i2c.o
                0x080048d8                HAL_I2C_MspDeInit
 .text.main     0x08004920       0xa0 ./Core/Src/main.o
                0x08004920                main
 .text.SystemClock_Config
                0x080049c0       0xc4 ./Core/Src/main.o
                0x080049c0                SystemClock_Config
 .text.Error_Handler
                0x08004a84        0xc ./Core/Src/main.o
                0x08004a84                Error_Handler
 .text.dbg      0x08004a90       0x28 ./Core/Src/sd_spi.o
 .text.dbg_hex  0x08004ab8      0x118 ./Core/Src/sd_spi.o
 .text.sd_cs_high
                0x08004bd0       0x18 ./Core/Src/sd_spi.o
 .text.sd_cs_low
                0x08004be8       0x18 ./Core/Src/sd_spi.o
 .text.spi_xchg
                0x08004c00       0x98 ./Core/Src/sd_spi.o
 .text.spi_multi_xchg
                0x08004c98       0x30 ./Core/Src/sd_spi.o
 .text.wait_ready
                0x08004cc8       0x3c ./Core/Src/sd_spi.o
 .text.deselect_card
                0x08004d04       0x12 ./Core/Src/sd_spi.o
 .text.select_card
                0x08004d16       0x2a ./Core/Src/sd_spi.o
 .text.receive_data_block
                0x08004d40       0x50 ./Core/Src/sd_spi.o
 .text.transmit_data_block
                0x08004d90       0x7c ./Core/Src/sd_spi.o
 .text.send_command
                0x08004e0c       0xd4 ./Core/Src/sd_spi.o
 .text.SD_SPI_Init
                0x08004ee0      0x408 ./Core/Src/sd_spi.o
                0x08004ee0                SD_SPI_Init
 .text.SD_SPI_ReadBlocks
                0x080052e8       0x78 ./Core/Src/sd_spi.o
                0x080052e8                SD_SPI_ReadBlocks
 .text.SD_SPI_WriteBlocks
                0x08005360       0x78 ./Core/Src/sd_spi.o
                0x08005360                SD_SPI_WriteBlocks
 .text.SD_SPI_Sync
                0x080053d8       0x2e ./Core/Src/sd_spi.o
                0x080053d8                SD_SPI_Sync
 *fill*         0x08005406        0x2 
 .text.MX_SPI1_Init
                0x08005408       0x7c ./Core/Src/spi.o
                0x08005408                MX_SPI1_Init
 .text.HAL_SPI_MspInit
                0x08005484       0x84 ./Core/Src/spi.o
                0x08005484                HAL_SPI_MspInit
 .text.HAL_MspInit
                0x08005508       0x48 ./Core/Src/stm32l4xx_hal_msp.o
                0x08005508                HAL_MspInit
 .text.NMI_Handler
                0x08005550        0x8 ./Core/Src/stm32l4xx_it.o
                0x08005550                NMI_Handler
 .text.HardFault_Handler
                0x08005558        0x8 ./Core/Src/stm32l4xx_it.o
                0x08005558                HardFault_Handler
 .text.MemManage_Handler
                0x08005560        0x8 ./Core/Src/stm32l4xx_it.o
                0x08005560                MemManage_Handler
 .text.BusFault_Handler
                0x08005568        0x8 ./Core/Src/stm32l4xx_it.o
                0x08005568                BusFault_Handler
 .text.UsageFault_Handler
                0x08005570        0x8 ./Core/Src/stm32l4xx_it.o
                0x08005570                UsageFault_Handler
 .text.SVC_Handler
                0x08005578        0xe ./Core/Src/stm32l4xx_it.o
                0x08005578                SVC_Handler
 .text.DebugMon_Handler
                0x08005586        0xe ./Core/Src/stm32l4xx_it.o
                0x08005586                DebugMon_Handler
 .text.PendSV_Handler
                0x08005594        0xe ./Core/Src/stm32l4xx_it.o
                0x08005594                PendSV_Handler
 .text.SysTick_Handler
                0x080055a2        0xc ./Core/Src/stm32l4xx_it.o
                0x080055a2                SysTick_Handler
 .text.EXTI15_10_IRQHandler
                0x080055ae       0x18 ./Core/Src/stm32l4xx_it.o
                0x080055ae                EXTI15_10_IRQHandler
 *fill*         0x080055c6        0x2 
 .text.OTG_FS_IRQHandler
                0x080055c8       0x14 ./Core/Src/stm32l4xx_it.o
                0x080055c8                OTG_FS_IRQHandler
 .text._getpid  0x080055dc       0x10 ./Core/Src/syscalls.o
                0x080055dc                _getpid
 .text._kill    0x080055ec       0x20 ./Core/Src/syscalls.o
                0x080055ec                _kill
 .text._exit    0x0800560c       0x16 ./Core/Src/syscalls.o
                0x0800560c                _exit
 .text._read    0x08005622       0x3a ./Core/Src/syscalls.o
                0x08005622                _read
 .text._write   0x0800565c       0x38 ./Core/Src/syscalls.o
                0x0800565c                _write
 .text._close   0x08005694       0x18 ./Core/Src/syscalls.o
                0x08005694                _close
 .text._fstat   0x080056ac       0x20 ./Core/Src/syscalls.o
                0x080056ac                _fstat
 .text._isatty  0x080056cc       0x16 ./Core/Src/syscalls.o
                0x080056cc                _isatty
 .text._lseek   0x080056e2       0x1a ./Core/Src/syscalls.o
                0x080056e2                _lseek
 .text._sbrk    0x080056fc       0x6c ./Core/Src/sysmem.o
                0x080056fc                _sbrk
 .text.SystemInit
                0x08005768       0x24 ./Core/Src/system_stm32l4xx.o
                0x08005768                SystemInit
 .text.MX_UART4_Init
                0x0800578c       0x60 ./Core/Src/usart.o
                0x0800578c                MX_UART4_Init
 .text.MX_UART5_Init
                0x080057ec       0x60 ./Core/Src/usart.o
                0x080057ec                MX_UART5_Init
 .text.MX_USART2_UART_Init
                0x0800584c       0x60 ./Core/Src/usart.o
                0x0800584c                MX_USART2_UART_Init
 .text.MX_USART3_UART_Init
                0x080058ac       0x60 ./Core/Src/usart.o
                0x080058ac                MX_USART3_UART_Init
 .text.HAL_UART_MspInit
                0x0800590c      0x2a0 ./Core/Src/usart.o
                0x0800590c                HAL_UART_MspInit
 .text.FDIR_SetFault
                0x08005bac       0x48 ./Core/Src/fdir/fdir.o
 .text.FDIR_ReinitDue
                0x08005bf4       0x3a ./Core/Src/fdir/fdir.o
 .text.FDIR_InitDefaults
                0x08005c2e       0xc0 ./Core/Src/fdir/fdir.o
 *fill*         0x08005cee        0x2 
 .text.FDIR_ClassifyResetReason
                0x08005cf0       0x58 ./Core/Src/fdir/fdir.o
 .text.FDIR_Init
                0x08005d48       0x98 ./Core/Src/fdir/fdir.o
                0x08005d48                FDIR_Init
 .text.FDIR_Update
                0x08005de0      0x1c8 ./Core/Src/fdir/fdir.o
                0x08005de0                FDIR_Update
 .text.FSW_EquipmentUsable
                0x08005fa8       0x30 ./Core/Src/fsw/fsm.o
 .text.FSW_GpsUsable
                0x08005fd8       0x2c ./Core/Src/fsw/fsm.o
 .text.FSW_ImuUsable
                0x08006004       0x2e ./Core/Src/fsw/fsm.o
 .text.FSW_BaroUsable
                0x08006032       0x2e ./Core/Src/fsw/fsm.o
 .text.FSW_BattUsable
                0x08006060       0x2e ./Core/Src/fsw/fsm.o
 .text.FSW_IsValidPhase
                0x0800608e       0x22 ./Core/Src/fsw/fsm.o
 .text.FSW_ResetTransitionCounters
                0x080060b0       0x4c ./Core/Src/fsw/fsm.o
 .text.FSW_SetPhase
                0x080060fc       0x38 ./Core/Src/fsw/fsm.o
 .text.FSW_CountCondition
                0x08006134       0x4e ./Core/Src/fsw/fsm.o
 .text.FSW_Crc16Ccitt
                0x08006182       0x7c ./Core/Src/fsw/fsm.o
 *fill*         0x080061fe        0x2 
 .text.FSW_Init
                0x08006200       0x30 ./Core/Src/fsw/fsm.o
                0x08006200                FSW_Init
 .text.FSW_Update
                0x08006230      0x390 ./Core/Src/fsw/fsm.o
                0x08006230                FSW_Update
 .text.FSW_GetPhase
                0x080065c0       0x18 ./Core/Src/fsw/fsm.o
                0x080065c0                FSW_GetPhase
 .text.FSW_BuildTelemetryPacket
                0x080065d8      0x110 ./Core/Src/fsw/fsm.o
                0x080065d8                FSW_BuildTelemetryPacket
 .text.LoRa_Select
                0x080066e8       0x18 ./Core/Src/ttc/lora_driver.o
 .text.LoRa_Deselect
                0x08006700       0x18 ./Core/Src/ttc/lora_driver.o
 .text.LoRa_ReadRegister
                0x08006718       0x5c ./Core/Src/ttc/lora_driver.o
 .text.LoRa_WriteRegister
                0x08006774       0x50 ./Core/Src/ttc/lora_driver.o
 .text.LoRa_BurstWrite
                0x080067c4       0x60 ./Core/Src/ttc/lora_driver.o
 .text.LoRa_SetMode
                0x08006824       0x24 ./Core/Src/ttc/lora_driver.o
 .text.LoRa_Init
                0x08006848      0x170 ./Core/Src/ttc/lora_driver.o
                0x08006848                LoRa_Init
 .text.LoRa_Send
                0x080069b8       0xee ./Core/Src/ttc/lora_driver.o
                0x080069b8                LoRa_Send
 .text.TtcTestTelemetryCrc16Ccitt
                0x08006aa6       0x80 ./Core/Src/ttc/telemetry_packet_test.o
                0x08006aa6                TtcTestTelemetryCrc16Ccitt
 .text.TtcTestTelemetryUpdateCrc
                0x08006b26       0x22 ./Core/Src/ttc/telemetry_packet_test.o
 .text.TtcTestTelemetryFillMock
                0x08006b48      0x2c0 ./Core/Src/ttc/telemetry_packet_test.o
                0x08006b48                TtcTestTelemetryFillMock
 .text.TTC_Init
                0x08006e08       0x2c ./Core/Src/ttc/ttc.o
                0x08006e08                TTC_Init
 .text.TTC_Transmit
                0x08006e34       0x6c ./Core/Src/ttc/ttc.o
                0x08006e34                TTC_Transmit
 .text.TTC_RunTelemetryPacketTest
                0x08006ea0       0x48 ./Core/Src/ttc/ttc.o
                0x08006ea0                TTC_RunTelemetryPacketTest
 .text.Reset_Handler
                0x08006ee8       0x50 ./Core/Startup/startup_stm32l476rgtx.o
                0x08006ee8                Reset_Handler
 .text.Default_Handler
                0x08006f38        0x2 ./Core/Startup/startup_stm32l476rgtx.o
                0x08006f38                RTC_Alarm_IRQHandler
                0x08006f38                EXTI2_IRQHandler
                0x08006f38                TIM8_TRG_COM_IRQHandler
                0x08006f38                TIM8_CC_IRQHandler
                0x08006f38                TIM1_CC_IRQHandler
                0x08006f38                TSC_IRQHandler
                0x08006f38                TAMP_STAMP_IRQHandler
                0x08006f38                EXTI3_IRQHandler
                0x08006f38                LPTIM2_IRQHandler
                0x08006f38                DFSDM1_FLT1_IRQHandler
                0x08006f38                I2C3_ER_IRQHandler
                0x08006f38                DFSDM1_FLT2_IRQHandler
                0x08006f38                EXTI0_IRQHandler
                0x08006f38                I2C2_EV_IRQHandler
                0x08006f38                CAN1_RX0_IRQHandler
                0x08006f38                FPU_IRQHandler
                0x08006f38                TIM1_UP_TIM16_IRQHandler
                0x08006f38                ADC1_2_IRQHandler
                0x08006f38                SPI1_IRQHandler
                0x08006f38                TIM6_DAC_IRQHandler
                0x08006f38                TIM8_UP_IRQHandler
                0x08006f38                DMA2_Channel2_IRQHandler
                0x08006f38                DMA1_Channel4_IRQHandler
                0x08006f38                SAI2_IRQHandler
                0x08006f38                DFSDM1_FLT3_IRQHandler
                0x08006f38                USART3_IRQHandler
                0x08006f38                DMA1_Channel7_IRQHandler
                0x08006f38                CAN1_RX1_IRQHandler
                0x08006f38                LCD_IRQHandler
                0x08006f38                UART5_IRQHandler
                0x08006f38                ADC3_IRQHandler
                0x08006f38                TIM4_IRQHandler
                0x08006f38                DMA2_Channel1_IRQHandler
                0x08006f38                QUADSPI_IRQHandler
                0x08006f38                I2C1_EV_IRQHandler
                0x08006f38                DMA1_Channel6_IRQHandler
                0x08006f38                UART4_IRQHandler
                0x08006f38                DMA2_Channel4_IRQHandler
                0x08006f38                TIM3_IRQHandler
                0x08006f38                RCC_IRQHandler
                0x08006f38                DMA1_Channel1_IRQHandler
                0x08006f38                Default_Handler
                0x08006f38                DMA2_Channel7_IRQHandler
                0x08006f38                TIM7_IRQHandler
                0x08006f38                SDMMC1_IRQHandler
                0x08006f38                TIM5_IRQHandler
                0x08006f38                I2C3_EV_IRQHandler
                0x08006f38                EXTI9_5_IRQHandler
                0x08006f38                RTC_WKUP_IRQHandler
                0x08006f38                PVD_PVM_IRQHandler
                0x08006f38                SPI2_IRQHandler
                0x08006f38                CAN1_TX_IRQHandler
                0x08006f38                DMA2_Channel5_IRQHandler
                0x08006f38                DMA1_Channel5_IRQHandler
                0x08006f38                EXTI4_IRQHandler
                0x08006f38                RNG_IRQHandler
                0x08006f38                TIM1_TRG_COM_TIM17_IRQHandler
                0x08006f38                DMA1_Channel3_IRQHandler
                0x08006f38                COMP_IRQHandler
                0x08006f38                WWDG_IRQHandler
                0x08006f38                LPUART1_IRQHandler
                0x08006f38                DMA2_Channel6_IRQHandler
                0x08006f38                TIM2_IRQHandler
                0x08006f38                EXTI1_IRQHandler
                0x08006f38                USART2_IRQHandler
                0x08006f38                DFSDM1_FLT0_IRQHandler
                0x08006f38                I2C2_ER_IRQHandler
                0x08006f38                DMA1_Channel2_IRQHandler
                0x08006f38                TIM8_BRK_IRQHandler
                0x08006f38                CAN1_SCE_IRQHandler
                0x08006f38                FLASH_IRQHandler
                0x08006f38                USART1_IRQHandler
                0x08006f38                SPI3_IRQHandler
                0x08006f38                I2C1_ER_IRQHandler
                0x08006f38                FMC_IRQHandler
                0x08006f38                SWPMI1_IRQHandler
                0x08006f38                LPTIM1_IRQHandler
                0x08006f38                SAI1_IRQHandler
                0x08006f38                DMA2_Channel3_IRQHandler
                0x08006f38                TIM1_BRK_TIM15_IRQHandler
 .text.HAL_Init
                0x08006f3a       0x30 ./Drivers/STM32L4xx_HAL_Driver/stm32l4xx_hal.o
                0x08006f3a                HAL_Init
 *fill*         0x08006f6a        0x2 
 .text.HAL_InitTick
                0x08006f6c       0x78 ./Drivers/STM32L4xx_HAL_Driver/stm32l4xx_hal.o
                0x08006f6c                HAL_InitTick
 .text.HAL_IncTick
                0x08006fe4       0x28 ./Drivers/STM32L4xx_HAL_Driver/stm32l4xx_hal.o
                0x08006fe4                HAL_IncTick
 .text.HAL_GetTick
                0x0800700c       0x18 ./Drivers/STM32L4xx_HAL_Driver/stm32l4xx_hal.o
                0x0800700c                HAL_GetTick
 .text.HAL_Delay
                0x08007024       0x48 ./Drivers/STM32L4xx_HAL_Driver/stm32l4xx_hal.o
                0x08007024                HAL_Delay
 .text.__NVIC_SetPriorityGrouping
                0x0800706c       0x48 ./Drivers/STM32L4xx_HAL_Driver/stm32l4xx_hal_cortex.o
 .text.__NVIC_GetPriorityGrouping
                0x080070b4       0x1c ./Drivers/STM32L4xx_HAL_Driver/stm32l4xx_hal_cortex.o
 .text.__NVIC_EnableIRQ
                0x080070d0       0x3c ./Drivers/STM32L4xx_HAL_Driver/stm32l4xx_hal_cortex.o
 .text.__NVIC_SetPriority
                0x0800710c       0x54 ./Drivers/STM32L4xx_HAL_Driver/stm32l4xx_hal_cortex.o
 .text.NVIC_EncodePriority
                0x08007160       0x66 ./Drivers/STM32L4xx_HAL_Driver/stm32l4xx_hal_cortex.o
 *fill*         0x080071c6        0x2 
 .text.SysTick_Config
                0x080071c8       0x44 ./Drivers/STM32L4xx_HAL_Driver/stm32l4xx_hal_cortex.o
 .text.HAL_NVIC_SetPriorityGrouping
                0x0800720c       0x16 ./Drivers/STM32L4xx_HAL_Driver/stm32l4xx_hal_cortex.o
                0x0800720c                HAL_NVIC_SetPriorityGrouping
 .text.HAL_NVIC_SetPriority
                0x08007222       0x38 ./Drivers/STM32L4xx_HAL_Driver/stm32l4xx_hal_cortex.o
                0x08007222                HAL_NVIC_SetPriority
 .text.HAL_NVIC_EnableIRQ
                0x0800725a       0x1c ./Drivers/STM32L4xx_HAL_Driver/stm32l4xx_hal_cortex.o
                0x0800725a                HAL_NVIC_EnableIRQ
 .text.HAL_SYSTICK_Config
                0x08007276       0x18 ./Drivers/STM32L4xx_HAL_Driver/stm32l4xx_hal_cortex.o
                0x08007276                HAL_SYSTICK_Config
 *fill*         0x0800728e        0x2 
 .text.HAL_GPIO_Init
                0x08007290      0x354 ./Drivers/STM32L4xx_HAL_Driver/stm32l4xx_hal_gpio.o
                0x08007290                HAL_GPIO_Init
 .text.HAL_GPIO_DeInit
                0x080075e4      0x1e8 ./Drivers/STM32L4xx_HAL_Driver/stm32l4xx_hal_gpio.o
                0x080075e4                HAL_GPIO_DeInit
 .text.HAL_GPIO_WritePin
                0x080077cc       0x30 ./Drivers/STM32L4xx_HAL_Driver/stm32l4xx_hal_gpio.o
                0x080077cc                HAL_GPIO_WritePin
 .text.HAL_GPIO_EXTI_IRQHandler
                0x080077fc       0x30 ./Drivers/STM32L4xx_HAL_Driver/stm32l4xx_hal_gpio.o
                0x080077fc                HAL_GPIO_EXTI_IRQHandler
 .text.HAL_GPIO_EXTI_Callback
                0x0800782c       0x16 ./Drivers/STM32L4xx_HAL_Driver/stm32l4xx_hal_gpio.o
                0x0800782c                HAL_GPIO_EXTI_Callback
 .text.HAL_I2C_Init
                0x08007842      0x136 ./Drivers/STM32L4xx_HAL_Driver/stm32l4xx_hal_i2c.o
                0x08007842                HAL_I2C_Init
 .text.HAL_I2C_DeInit
                0x08007978       0x5e ./Drivers/STM32L4xx_HAL_Driver/stm32l4xx_hal_i2c.o
                0x08007978                HAL_I2C_DeInit
 *fill*         0x080079d6        0x2 
 .text.HAL_I2C_Master_Transmit
                0x080079d8      0x230 ./Drivers/STM32L4xx_HAL_Driver/stm32l4xx_hal_i2c.o
                0x080079d8                HAL_I2C_Master_Transmit
 .text.HAL_I2C_Master_Receive
                0x08007c08      0x1ec ./Drivers/STM32L4xx_HAL_Driver/stm32l4xx_hal_i2c.o
                0x08007c08                HAL_I2C_Master_Receive
 .text.HAL_I2C_Mem_Write
                0x08007df4      0x228 ./Drivers/STM32L4xx_HAL_Driver/stm32l4xx_hal_i2c.o
                0x08007df4                HAL_I2C_Mem_Write
 .text.HAL_I2C_Mem_Read
                0x0800801c      0x234 ./Drivers/STM32L4xx_HAL_Driver/stm32l4xx_hal_i2c.o
                0x0800801c                HAL_I2C_Mem_Read
 .text.HAL_I2C_IsDeviceReady
                0x08008250      0x1e8 ./Drivers/STM32L4xx_HAL_Driver/stm32l4xx_hal_i2c.o
                0x08008250                HAL_I2C_IsDeviceReady
 .text.I2C_RequestMemoryWrite
                0x08008438       0xa8 ./Drivers/STM32L4xx_HAL_Driver/stm32l4xx_hal_i2c.o
 .text.I2C_RequestMemoryRead
                0x080084e0       0xa8 ./Drivers/STM32L4xx_HAL_Driver/stm32l4xx_hal_i2c.o
 .text.I2C_Flush_TXDR
                0x08008588       0x48 ./Drivers/STM32L4xx_HAL_Driver/stm32l4xx_hal_i2c.o
 .text.I2C_WaitOnFlagUntilTimeout
                0x080085d0       0xb2 ./Drivers/STM32L4xx_HAL_Driver/stm32l4xx_hal_i2c.o
 .text.I2C_WaitOnTXISFlagUntilTimeout
                0x08008682       0x8e ./Drivers/STM32L4xx_HAL_Driver/stm32l4xx_hal_i2c.o
 .text.I2C_WaitOnSTOPFlagUntilTimeout
                0x08008710       0x86 ./Drivers/STM32L4xx_HAL_Driver/stm32l4xx_hal_i2c.o
 *fill*         0x08008796        0x2 
 .text.I2C_WaitOnRXNEFlagUntilTimeout
                0x08008798      0x118 ./Drivers/STM32L4xx_HAL_Driver/stm32l4xx_hal_i2c.o
 .text.I2C_IsErrorOccurred
                0x080088b0      0x1c0 ./Drivers/STM32L4xx_HAL_Driver/stm32l4xx_hal_i2c.o
 .text.I2C_TransferConfig
                0x08008a70       0x64 ./Drivers/STM32L4xx_HAL_Driver/stm32l4xx_hal_i2c.o
 .text.HAL_I2CEx_ConfigAnalogFilter
                0x08008ad4       0x96 ./Drivers/STM32L4xx_HAL_Driver/stm32l4xx_hal_i2c_ex.o
                0x08008ad4                HAL_I2CEx_ConfigAnalogFilter
 .text.HAL_I2CEx_ConfigDigitalFilter
                0x08008b6a       0x98 ./Drivers/STM32L4xx_HAL_Driver/stm32l4xx_hal_i2c_ex.o
                0x08008b6a                HAL_I2CEx_ConfigDigitalFilter
 .text.HAL_PCD_Init
                0x08008c02      0x21e ./Drivers/STM32L4xx_HAL_Driver/stm32l4xx_hal_pcd.o
                0x08008c02                HAL_PCD_Init
 .text.HAL_PCD_Start
                0x08008e20       0x5e ./Drivers/STM32L4xx_HAL_Driver/stm32l4xx_hal_pcd.o
                0x08008e20                HAL_PCD_Start
 .text.HAL_PCD_IRQHandler
                0x08008e7e      0x960 ./Drivers/STM32L4xx_HAL_Driver/stm32l4xx_hal_pcd.o
                0x08008e7e                HAL_PCD_IRQHandler
 .text.HAL_PCD_SetAddress
                0x080097de       0x48 ./Drivers/STM32L4xx_HAL_Driver/stm32l4xx_hal_pcd.o
                0x080097de                HAL_PCD_SetAddress
 .text.HAL_PCD_EP_Open
                0x08009826       0xd4 ./Drivers/STM32L4xx_HAL_Driver/stm32l4xx_hal_pcd.o
                0x08009826                HAL_PCD_EP_Open
 .text.HAL_PCD_EP_Close
                0x080098fa       0x94 ./Drivers/STM32L4xx_HAL_Driver/stm32l4xx_hal_pcd.o
                0x080098fa                HAL_PCD_EP_Close
 .text.HAL_PCD_EP_Receive
                0x0800998e       0x64 ./Drivers/STM32L4xx_HAL_Driver/stm32l4xx_hal_pcd.o
                0x0800998e                HAL_PCD_EP_Receive
 .text.HAL_PCD_EP_GetRxCount
                0x080099f2       0x30 ./Drivers/STM32L4xx_HAL_Driver/stm32l4xx_hal_pcd.o
                0x080099f2                HAL_PCD_EP_GetRxCount
 .text.HAL_PCD_EP_Transmit
                0x08009a22       0x62 ./Drivers/STM32L4xx_HAL_Driver/stm32l4xx_hal_pcd.o
                0x08009a22                HAL_PCD_EP_Transmit
 .text.HAL_PCD_EP_SetStall
                0x08009a84       0xc4 ./Drivers/STM32L4xx_HAL_Driver/stm32l4xx_hal_pcd.o
                0x08009a84                HAL_PCD_EP_SetStall
 .text.HAL_PCD_EP_ClrStall
                0x08009b48       0xac ./Drivers/STM32L4xx_HAL_Driver/stm32l4xx_hal_pcd.o
                0x08009b48                HAL_PCD_EP_ClrStall
 .text.HAL_PCD_EP_Abort
                0x08009bf4       0x62 ./Drivers/STM32L4xx_HAL_Driver/stm32l4xx_hal_pcd.o
                0x08009bf4                HAL_PCD_EP_Abort
 .text.PCD_WriteEmptyTxFifo
                0x08009c56      0x110 ./Drivers/STM32L4xx_HAL_Driver/stm32l4xx_hal_pcd.o
 *fill*         0x08009d66        0x2 
 .text.PCD_EP_OutXfrComplete_int
                0x08009d68       0x9c ./Drivers/STM32L4xx_HAL_Driver/stm32l4xx_hal_pcd.o
 .text.PCD_EP_OutSetupPacket_int
                0x08009e04       0x68 ./Drivers/STM32L4xx_HAL_Driver/stm32l4xx_hal_pcd.o
 .text.HAL_PCDEx_SetTxFiFo
                0x08009e6c       0x8e ./Drivers/STM32L4xx_HAL_Driver/stm32l4xx_hal_pcd_ex.o
                0x08009e6c                HAL_PCDEx_SetTxFiFo
 .text.HAL_PCDEx_SetRxFiFo
                0x08009efa       0x22 ./Drivers/STM32L4xx_HAL_Driver/stm32l4xx_hal_pcd_ex.o
                0x08009efa                HAL_PCDEx_SetRxFiFo
 .text.HAL_PCDEx_ActivateLPM
                0x08009f1c       0x48 ./Drivers/STM32L4xx_HAL_Driver/stm32l4xx_hal_pcd_ex.o
                0x08009f1c                HAL_PCDEx_ActivateLPM
 .text.HAL_PWR_EnableBkUpAccess
                0x08009f64       0x20 ./Drivers/STM32L4xx_HAL_Driver/stm32l4xx_hal_pwr.o
                0x08009f64                HAL_PWR_EnableBkUpAccess
 .text.HAL_PWREx_GetVoltageRange
                0x08009f84       0x1c ./Drivers/STM32L4xx_HAL_Driver/stm32l4xx_hal_pwr_ex.o
                0x08009f84                HAL_PWREx_GetVoltageRange
 .text.HAL_PWREx_ControlVoltageScaling
                0x08009fa0       0xac ./Drivers/STM32L4xx_HAL_Driver/stm32l4xx_hal_pwr_ex.o
                0x08009fa0                HAL_PWREx_ControlVoltageScaling
 .text.HAL_PWREx_EnableVddUSB
                0x0800a04c       0x20 ./Drivers/STM32L4xx_HAL_Driver/stm32l4xx_hal_pwr_ex.o
                0x0800a04c                HAL_PWREx_EnableVddUSB
 .text.HAL_RCC_OscConfig
                0x0800a06c      0x7b8 ./Drivers/STM32L4xx_HAL_Driver/stm32l4xx_hal_rcc.o
                0x0800a06c                HAL_RCC_OscConfig
 .text.HAL_RCC_ClockConfig
                0x0800a824      0x200 ./Drivers/STM32L4xx_HAL_Driver/stm32l4xx_hal_rcc.o
                0x0800a824                HAL_RCC_ClockConfig
 .text.HAL_RCC_GetSysClockFreq
                0x0800aa24      0x118 ./Drivers/STM32L4xx_HAL_Driver/stm32l4xx_hal_rcc.o
                0x0800aa24                HAL_RCC_GetSysClockFreq
 .text.HAL_RCC_GetHCLKFreq
                0x0800ab3c       0x18 ./Drivers/STM32L4xx_HAL_Driver/stm32l4xx_hal_rcc.o
                0x0800ab3c                HAL_RCC_GetHCLKFreq
 .text.HAL_RCC_GetPCLK1Freq
                0x0800ab54       0x2c ./Drivers/STM32L4xx_HAL_Driver/stm32l4xx_hal_rcc.o
                0x0800ab54                HAL_RCC_GetPCLK1Freq
 .text.HAL_RCC_GetPCLK2Freq
                0x0800ab80       0x2c ./Drivers/STM32L4xx_HAL_Driver/stm32l4xx_hal_rcc.o
                0x0800ab80                HAL_RCC_GetPCLK2Freq
 .text.RCC_SetFlashLatencyFromMSIRange
                0x0800abac       0xc0 ./Drivers/STM32L4xx_HAL_Driver/stm32l4xx_hal_rcc.o
 .text.HAL_RCCEx_PeriphCLKConfig
                0x0800ac6c      0x5d4 ./Drivers/STM32L4xx_HAL_Driver/stm32l4xx_hal_rcc_ex.o
                0x0800ac6c                HAL_RCCEx_PeriphCLKConfig
 .text.HAL_RCCEx_EnableMSIPLLMode
                0x0800b240       0x20 ./Drivers/STM32L4xx_HAL_Driver/stm32l4xx_hal_rcc_ex.o
                0x0800b240                HAL_RCCEx_EnableMSIPLLMode
 .text.RCCEx_PLLSAI1_Config
                0x0800b260      0x1e8 ./Drivers/STM32L4xx_HAL_Driver/stm32l4xx_hal_rcc_ex.o
 .text.RCCEx_PLLSAI2_Config
                0x0800b448      0x1bc ./Drivers/STM32L4xx_HAL_Driver/stm32l4xx_hal_rcc_ex.o
 .text.HAL_SPI_Init
                0x0800b604      0x146 ./Drivers/STM32L4xx_HAL_Driver/stm32l4xx_hal_spi.o
                0x0800b604                HAL_SPI_Init
 .text.HAL_SPI_Transmit
                0x0800b74a      0x2ec ./Drivers/STM32L4xx_HAL_Driver/stm32l4xx_hal_spi.o
                0x0800b74a                HAL_SPI_Transmit
 .text.HAL_SPI_TransmitReceive
                0x0800ba36      0x43e ./Drivers/STM32L4xx_HAL_Driver/stm32l4xx_hal_spi.o
                0x0800ba36                HAL_SPI_TransmitReceive
 .text.HAL_SPI_GetError
                0x0800be74       0x18 ./Drivers/STM32L4xx_HAL_Driver/stm32l4xx_hal_spi.o
                0x0800be74                HAL_SPI_GetError
 .text.SPI_WaitFlagStateUntilTimeout
                0x0800be8c      0x110 ./Drivers/STM32L4xx_HAL_Driver/stm32l4xx_hal_spi.o
 .text.SPI_WaitFifoStateUntilTimeout
                0x0800bf9c      0x12c ./Drivers/STM32L4xx_HAL_Driver/stm32l4xx_hal_spi.o
 .text.SPI_EndRxTxTransaction
                0x0800c0c8       0x8c ./Drivers/STM32L4xx_HAL_Driver/stm32l4xx_hal_spi.o
 .text.HAL_UART_Init
                0x0800c154       0x9c ./Drivers/STM32L4xx_HAL_Driver/stm32l4xx_hal_uart.o
                0x0800c154                HAL_UART_Init
 .text.HAL_UART_Transmit
                0x0800c1f0      0x126 ./Drivers/STM32L4xx_HAL_Driver/stm32l4xx_hal_uart.o
                0x0800c1f0                HAL_UART_Transmit
 *fill*         0x0800c316        0x2 
 .text.UART_SetConfig
                0x0800c318      0x570 ./Drivers/STM32L4xx_HAL_Driver/stm32l4xx_hal_uart.o
                0x0800c318                UART_SetConfig
 .text.UART_AdvFeatureConfig
                0x0800c888      0x144 ./Drivers/STM32L4xx_HAL_Driver/stm32l4xx_hal_uart.o
                0x0800c888                UART_AdvFeatureConfig
 .text.UART_CheckIdleState
                0x0800c9cc      0x150 ./Drivers/STM32L4xx_HAL_Driver/stm32l4xx_hal_uart.o
                0x0800c9cc                UART_CheckIdleState
 .text.UART_WaitOnFlagUntilTimeout
                0x0800cb1c       0xda ./Drivers/STM32L4xx_HAL_Driver/stm32l4xx_hal_uart.o
                0x0800cb1c                UART_WaitOnFlagUntilTimeout
 .text.UART_EndRxTransfer
                0x0800cbf6       0xc8 ./Drivers/STM32L4xx_HAL_Driver/stm32l4xx_hal_uart.o
 .text.USB_CoreInit
                0x0800ccbe       0x5a ./Drivers/STM32L4xx_HAL_Driver/stm32l4xx_ll_usb.o
                0x0800ccbe                USB_CoreInit
 .text.USB_SetTurnaroundTime
                0x0800cd18      0x138 ./Drivers/STM32L4xx_HAL_Driver/stm32l4xx_ll_usb.o
                0x0800cd18                USB_SetTurnaroundTime
 .text.USB_EnableGlobalInt
                0x0800ce50       0x22 ./Drivers/STM32L4xx_HAL_Driver/stm32l4xx_ll_usb.o
                0x0800ce50                USB_EnableGlobalInt
 .text.USB_DisableGlobalInt
                0x0800ce72       0x22 ./Drivers/STM32L4xx_HAL_Driver/stm32l4xx_ll_usb.o
                0x0800ce72                USB_DisableGlobalInt
 .text.USB_SetCurrentMode
                0x0800ce94       0x98 ./Drivers/STM32L4xx_HAL_Driver/stm32l4xx_ll_usb.o
                0x0800ce94                USB_SetCurrentMode
 .text.USB_DevInit
                0x0800cf2c      0x290 ./Drivers/STM32L4xx_HAL_Driver/stm32l4xx_ll_usb.o
                0x0800cf2c                USB_DevInit
 .text.USB_FlushTxFifo
                0x0800d1bc       0x64 ./Drivers/STM32L4xx_HAL_Driver/stm32l4xx_ll_usb.o
                0x0800d1bc                USB_FlushTxFifo
 .text.USB_FlushRxFifo
                0x0800d220       0x5c ./Drivers/STM32L4xx_HAL_Driver/stm32l4xx_ll_usb.o
                0x0800d220                USB_FlushRxFifo
 .text.USB_SetDevSpeed
                0x0800d27c       0x32 ./Drivers/STM32L4xx_HAL_Driver/stm32l4xx_ll_usb.o
                0x0800d27c                USB_SetDevSpeed
 .text.USB_GetDevSpeed
                0x0800d2ae       0x3e ./Drivers/STM32L4xx_HAL_Driver/stm32l4xx_ll_usb.o
                0x0800d2ae                USB_GetDevSpeed
 .text.USB_ActivateEndpoint
                0x0800d2ec      0x10e ./Drivers/STM32L4xx_HAL_Driver/stm32l4xx_ll_usb.o
                0x0800d2ec                USB_ActivateEndpoint
 *fill*         0x0800d3fa        0x2 
 .text.USB_DeactivateEndpoint
                0x0800d3fc      0x1b8 ./Drivers/STM32L4xx_HAL_Driver/stm32l4xx_ll_usb.o
                0x0800d3fc                USB_DeactivateEndpoint
 .text.USB_EPStartXfer
                0x0800d5b4      0x470 ./Drivers/STM32L4xx_HAL_Driver/stm32l4xx_ll_usb.o
                0x0800d5b4                USB_EPStartXfer
 .text.USB_EPStopXfer
                0x0800da24      0x1fa ./Drivers/STM32L4xx_HAL_Driver/stm32l4xx_ll_usb.o
                0x0800da24                USB_EPStopXfer
 .text.USB_EPSetStall
                0x0800dc1e       0xdc ./Drivers/STM32L4xx_HAL_Driver/stm32l4xx_ll_usb.o
                0x0800dc1e                USB_EPSetStall
 .text.USB_EPClearStall
                0x0800dcfa       0xcc ./Drivers/STM32L4xx_HAL_Driver/stm32l4xx_ll_usb.o
                0x0800dcfa                USB_EPClearStall
 .text.USB_WritePacket
                0x0800ddc6       0x74 ./Drivers/STM32L4xx_HAL_Driver/stm32l4xx_ll_usb.o
                0x0800ddc6                USB_WritePacket
 .text.USB_ReadPacket
                0x0800de3a       0xb0 ./Drivers/STM32L4xx_HAL_Driver/stm32l4xx_ll_usb.o
                0x0800de3a                USB_ReadPacket
 .text.USB_SetDevAddress
                0x0800deea       0x4c ./Drivers/STM32L4xx_HAL_Driver/stm32l4xx_ll_usb.o
                0x0800deea                USB_SetDevAddress
 .text.USB_DevConnect
                0x0800df36       0x42 ./Drivers/STM32L4xx_HAL_Driver/stm32l4xx_ll_usb.o
                0x0800df36                USB_DevConnect
 .text.USB_DevDisconnect
                0x0800df78       0x42 ./Drivers/STM32L4xx_HAL_Driver/stm32l4xx_ll_usb.o
                0x0800df78                USB_DevDisconnect
 .text.USB_ReadInterrupts
                0x0800dfba       0x26 ./Drivers/STM32L4xx_HAL_Driver/stm32l4xx_ll_usb.o
                0x0800dfba                USB_ReadInterrupts
 .text.USB_ReadDevAllOutEpInterrupt
                0x0800dfe0       0x34 ./Drivers/STM32L4xx_HAL_Driver/stm32l4xx_ll_usb.o
                0x0800dfe0                USB_ReadDevAllOutEpInterrupt
 .text.USB_ReadDevAllInEpInterrupt
                0x0800e014       0x34 ./Drivers/STM32L4xx_HAL_Driver/stm32l4xx_ll_usb.o
                0x0800e014                USB_ReadDevAllInEpInterrupt
 .text.USB_ReadDevOutEPInterrupt
                0x0800e048       0x3c ./Drivers/STM32L4xx_HAL_Driver/stm32l4xx_ll_usb.o
                0x0800e048                USB_ReadDevOutEPInterrupt
 .text.USB_ReadDevInEPInterrupt
                0x0800e084       0x5c ./Drivers/STM32L4xx_HAL_Driver/stm32l4xx_ll_usb.o
                0x0800e084                USB_ReadDevInEPInterrupt
 .text.USB_GetMode
                0x0800e0e0       0x1c ./Drivers/STM32L4xx_HAL_Driver/stm32l4xx_ll_usb.o
                0x0800e0e0                USB_GetMode
 .text.USB_ActivateSetup
                0x0800e0fc       0x46 ./Drivers/STM32L4xx_HAL_Driver/stm32l4xx_ll_usb.o
                0x0800e0fc                USB_ActivateSetup
 *fill*         0x0800e142        0x2 
 .text.USB_EP0_OutStart
                0x0800e144       0x90 ./Drivers/STM32L4xx_HAL_Driver/stm32l4xx_ll_usb.o
                0x0800e144                USB_EP0_OutStart
 .text.USB_CoreReset
                0x0800e1d4       0x70 ./Drivers/STM32L4xx_HAL_Driver/stm32l4xx_ll_usb.o
 .text.MX_FATFS_Init
                0x0800e244       0x24 ./FATFS/App/fatfs.o
                0x0800e244                MX_FATFS_Init
 .text.get_fattime
                0x0800e268       0x10 ./FATFS/App/fatfs.o
                0x0800e268                get_fattime
 .text.USER_initialize
                0x0800e278       0x28 ./FATFS/Target/user_diskio.o
                0x0800e278                USER_initialize
 .text.USER_status
                0x0800e2a0       0x2c ./FATFS/Target/user_diskio.o
                0x0800e2a0                USER_status
 .text.USER_read
                0x0800e2cc       0x5c ./FATFS/Target/user_diskio.o
                0x0800e2cc                USER_read
 .text.USER_write
                0x0800e328       0x5c ./FATFS/Target/user_diskio.o
                0x0800e328                USER_write
 .text.USER_ioctl
                0x0800e384       0xac ./FATFS/Target/user_diskio.o
                0x0800e384                USER_ioctl
 .text.disk_status
                0x0800e430       0x34 ./Middlewares/FatFs/diskio.o
                0x0800e430                disk_status
 .text.disk_initialize
                0x0800e464       0x4c ./Middlewares/FatFs/diskio.o
                0x0800e464                disk_initialize
 .text.disk_read
                0x0800e4b0       0x40 ./Middlewares/FatFs/diskio.o
                0x0800e4b0                disk_read
 .text.disk_write
                0x0800e4f0       0x40 ./Middlewares/FatFs/diskio.o
                0x0800e4f0                disk_write
 .text.disk_ioctl
                0x0800e530       0x3c ./Middlewares/FatFs/diskio.o
                0x0800e530                disk_ioctl
 .text.ld_word  0x0800e56c       0x32 ./Middlewares/FatFs/ff.o
 .text.ld_dword
                0x0800e59e       0x46 ./Middlewares/FatFs/ff.o
 .text.st_word  0x0800e5e4       0x36 ./Middlewares/FatFs/ff.o
 .text.st_dword
                0x0800e61a       0x58 ./Middlewares/FatFs/ff.o
 .text.mem_cpy  0x0800e672       0x42 ./Middlewares/FatFs/ff.o
 .text.mem_set  0x0800e6b4       0x36 ./Middlewares/FatFs/ff.o
 .text.mem_cmp  0x0800e6ea       0x4e ./Middlewares/FatFs/ff.o
 .text.chk_chr  0x0800e738       0x36 ./Middlewares/FatFs/ff.o
 *fill*         0x0800e76e        0x2 
 .text.chk_lock
                0x0800e770       0xb8 ./Middlewares/FatFs/ff.o
 .text.enq_lock
                0x0800e828       0x44 ./Middlewares/FatFs/ff.o
 .text.inc_lock
                0x0800e86c      0x11c ./Middlewares/FatFs/ff.o
 .text.clear_lock
                0x0800e988       0x48 ./Middlewares/FatFs/ff.o
 .text.sync_window
                0x0800e9d0       0x88 ./Middlewares/FatFs/ff.o
 .text.move_window
                0x0800ea58       0x5a ./Middlewares/FatFs/ff.o
 *fill*         0x0800eab2        0x2 
 .text.sync_fs  0x0800eab4       0xdc ./Middlewares/FatFs/ff.o
 .text.clust2sect
                0x0800eb90       0x3e ./Middlewares/FatFs/ff.o
 .text.get_fat  0x0800ebce      0x14e ./Middlewares/FatFs/ff.o
 .text.put_fat  0x0800ed1c      0x1d4 ./Middlewares/FatFs/ff.o
 .text.remove_chain
                0x0800eef0       0xca ./Middlewares/FatFs/ff.o
 .text.create_chain
                0x0800efba      0x130 ./Middlewares/FatFs/ff.o
 .text.clmt_clust
                0x0800f0ea       0x68 ./Middlewares/FatFs/ff.o
 .text.dir_sdi  0x0800f152       0xf6 ./Middlewares/FatFs/ff.o
 .text.dir_next
                0x0800f248      0x18a ./Middlewares/FatFs/ff.o
 .text.dir_alloc
                0x0800f3d2       0x8e ./Middlewares/FatFs/ff.o
 .text.ld_clust
                0x0800f460       0x3e ./Middlewares/FatFs/ff.o
 .text.st_clust
                0x0800f49e       0x40 ./Middlewares/FatFs/ff.o
 .text.dir_find
                0x0800f4de       0xaa ./Middlewares/FatFs/ff.o
 .text.dir_register
                0x0800f588       0x64 ./Middlewares/FatFs/ff.o
 .text.create_name
                0x0800f5ec      0x128 ./Middlewares/FatFs/ff.o
 .text.follow_path
                0x0800f714       0xe2 ./Middlewares/FatFs/ff.o
 .text.get_ldnumber
                0x0800f7f6       0x88 ./Middlewares/FatFs/ff.o
 *fill*         0x0800f87e        0x2 
 .text.check_fs
                0x0800f880       0xac ./Middlewares/FatFs/ff.o
 .text.find_volume
                0x0800f92c      0x498 ./Middlewares/FatFs/ff.o
 .text.validate
                0x0800fdc4       0x6a ./Middlewares/FatFs/ff.o
 *fill*         0x0800fe2e        0x2 
 .text.f_mount  0x0800fe30       0x8c ./Middlewares/FatFs/ff.o
                0x0800fe30                f_mount
 .text.f_open   0x0800febc      0x374 ./Middlewares/FatFs/ff.o
                0x0800febc                f_open
 .text.f_write  0x08010230      0x2ea ./Middlewares/FatFs/ff.o
                0x08010230                f_write
 .text.f_sync   0x0801051a       0xfc ./Middlewares/FatFs/ff.o
                0x0801051a                f_sync
 *fill*         0x08010616        0x2 
 .text.FATFS_LinkDriverEx
                0x08010618       0x98 ./Middlewares/FatFs/ff_gen_drv.o
                0x08010618                FATFS_LinkDriverEx
 .text.FATFS_LinkDriver
                0x080106b0       0x1e ./Middlewares/FatFs/ff_gen_drv.o
                0x080106b0                FATFS_LinkDriver
 *fill*         0x080106ce        0x2 
 .text.USBD_CDC_Init
                0x080106d0      0x1f0 ./Middlewares/USB_Device_Library/usbd_cdc.o
 .text.USBD_CDC_DeInit
                0x080108c0      0x104 ./Middlewares/USB_Device_Library/usbd_cdc.o
 .text.USBD_CDC_Setup
                0x080109c4      0x1b8 ./Middlewares/USB_Device_Library/usbd_cdc.o
 .text.USBD_CDC_DataIn
                0x08010b7c       0xfe ./Middlewares/USB_Device_Library/usbd_cdc.o
 .text.USBD_CDC_DataOut
                0x08010c7a       0x70 ./Middlewares/USB_Device_Library/usbd_cdc.o
 .text.USBD_CDC_EP0_RxReady
                0x08010cea       0x74 ./Middlewares/USB_Device_Library/usbd_cdc.o
 *fill*         0x08010d5e        0x2 
 .text.USBD_CDC_GetFSCfgDesc
                0x08010d60       0x70 ./Middlewares/USB_Device_Library/usbd_cdc.o
 .text.USBD_CDC_GetHSCfgDesc
                0x08010dd0       0x70 ./Middlewares/USB_Device_Library/usbd_cdc.o
 .text.USBD_CDC_GetOtherSpeedCfgDesc
                0x08010e40       0x70 ./Middlewares/USB_Device_Library/usbd_cdc.o
 .text.USBD_CDC_GetDeviceQualifierDescriptor
                0x08010eb0       0x20 ./Middlewares/USB_Device_Library/usbd_cdc.o
                0x08010eb0                USBD_CDC_GetDeviceQualifierDescriptor
 .text.USBD_CDC_RegisterInterface
                0x08010ed0       0x34 ./Middlewares/USB_Device_Library/usbd_cdc.o
                0x08010ed0                USBD_CDC_RegisterInterface
 .text.USBD_CDC_SetTxBuffer
                0x08010f04       0x44 ./Middlewares/USB_Device_Library/usbd_cdc.o
                0x08010f04                USBD_CDC_SetTxBuffer
 .text.USBD_CDC_SetRxBuffer
                0x08010f48       0x3a ./Middlewares/USB_Device_Library/usbd_cdc.o
                0x08010f48                USBD_CDC_SetRxBuffer
 *fill*         0x08010f82        0x2 
 .text.USBD_CDC_ReceivePacket
                0x08010f84       0x6c ./Middlewares/USB_Device_Library/usbd_cdc.o
                0x08010f84                USBD_CDC_ReceivePacket
 .text.USBD_Init
                0x08010ff0       0x60 ./Middlewares/USB_Device_Library/usbd_core.o
                0x08010ff0                USBD_Init
 .text.USBD_RegisterClass
                0x08011050       0x6c ./Middlewares/USB_Device_Library/usbd_core.o
                0x08011050                USBD_RegisterClass
 .text.USBD_Start
                0x080110bc       0x18 ./Middlewares/USB_Device_Library/usbd_core.o
                0x080110bc                USBD_Start
 .text.USBD_RunTestMode
                0x080110d4       0x16 ./Middlewares/USB_Device_Library/usbd_core.o
                0x080110d4                USBD_RunTestMode
 .text.USBD_SetClassConfig
                0x080110ea       0x38 ./Middlewares/USB_Device_Library/usbd_core.o
                0x080110ea                USBD_SetClassConfig
 .text.USBD_ClrClassConfig
                0x08011122       0x34 ./Middlewares/USB_Device_Library/usbd_core.o
                0x08011122                USBD_ClrClassConfig
 .text.USBD_LL_SetupStage
                0x08011156       0xaa ./Middlewares/USB_Device_Library/usbd_core.o
                0x08011156                USBD_LL_SetupStage
 .text.USBD_LL_DataOutStage
                0x08011200      0x178 ./Middlewares/USB_Device_Library/usbd_core.o
                0x08011200                USBD_LL_DataOutStage
 .text.USBD_LL_DataInStage
                0x08011378      0x176 ./Middlewares/USB_Device_Library/usbd_core.o
                0x08011378                USBD_LL_DataInStage
 .text.USBD_LL_Reset
                0x080114ee       0xa6 ./Middlewares/USB_Device_Library/usbd_core.o
                0x080114ee                USBD_LL_Reset
 .text.USBD_LL_SetSpeed
                0x08011594       0x20 ./Middlewares/USB_Device_Library/usbd_core.o
                0x08011594                USBD_LL_SetSpeed
 .text.USBD_LL_Suspend
                0x080115b4       0x38 ./Middlewares/USB_Device_Library/usbd_core.o
                0x080115b4                USBD_LL_Suspend
 .text.USBD_LL_Resume
                0x080115ec       0x30 ./Middlewares/USB_Device_Library/usbd_core.o
                0x080115ec                USBD_LL_Resume
 .text.USBD_LL_SOF
                0x0801161c       0x40 ./Middlewares/USB_Device_Library/usbd_core.o
                0x0801161c                USBD_LL_SOF
 .text.USBD_LL_IsoINIncomplete
                0x0801165c       0x64 ./Middlewares/USB_Device_Library/usbd_core.o
                0x0801165c                USBD_LL_IsoINIncomplete
 .text.USBD_LL_IsoOUTIncomplete
                0x080116c0       0x64 ./Middlewares/USB_Device_Library/usbd_core.o
                0x080116c0                USBD_LL_IsoOUTIncomplete
 .text.USBD_LL_DevConnected
                0x08011724       0x16 ./Middlewares/USB_Device_Library/usbd_core.o
                0x08011724                USBD_LL_DevConnected
 .text.USBD_LL_DevDisconnected
                0x0801173a       0x46 ./Middlewares/USB_Device_Library/usbd_core.o
                0x0801173a                USBD_LL_DevDisconnected
 .text.USBD_CoreFindIF
                0x08011780       0x1a ./Middlewares/USB_Device_Library/usbd_core.o
                0x08011780                USBD_CoreFindIF
 .text.USBD_CoreFindEP
                0x0801179a       0x1a ./Middlewares/USB_Device_Library/usbd_core.o
                0x0801179a                USBD_CoreFindEP
 .text.USBD_GetEpDesc
                0x080117b4       0x70 ./Middlewares/USB_Device_Library/usbd_core.o
                0x080117b4                USBD_GetEpDesc
 .text.USBD_GetNextDesc
                0x08011824       0x38 ./Middlewares/USB_Device_Library/usbd_core.o
                0x08011824                USBD_GetNextDesc
 .text.SWAPBYTE
                0x0801185c       0x3e ./Middlewares/USB_Device_Library/usbd_ctlreq.o
 *fill*         0x0801189a        0x2 
 .text.USBD_StdDevReq
                0x0801189c       0xe4 ./Middlewares/USB_Device_Library/usbd_ctlreq.o
                0x0801189c                USBD_StdDevReq
 .text.USBD_StdItfReq
                0x08011980       0xd8 ./Middlewares/USB_Device_Library/usbd_ctlreq.o
                0x08011980                USBD_StdItfReq
 .text.USBD_StdEPReq
                0x08011a58      0x33e ./Middlewares/USB_Device_Library/usbd_ctlreq.o
                0x08011a58                USBD_StdEPReq
 *fill*         0x08011d96        0x2 
 .text.USBD_GetDescriptor
                0x08011d98      0x328 ./Middlewares/USB_Device_Library/usbd_ctlreq.o
 .text.USBD_SetAddress
                0x080120c0       0x88 ./Middlewares/USB_Device_Library/usbd_ctlreq.o
 .text.USBD_SetConfig
                0x08012148      0x154 ./Middlewares/USB_Device_Library/usbd_ctlreq.o
 .text.USBD_GetConfig
                0x0801229c       0x6c ./Middlewares/USB_Device_Library/usbd_ctlreq.o
 .text.USBD_GetStatus
                0x08012308       0x68 ./Middlewares/USB_Device_Library/usbd_ctlreq.o
 .text.USBD_SetFeature
                0x08012370       0x52 ./Middlewares/USB_Device_Library/usbd_ctlreq.o
 .text.USBD_ClrFeature
                0x080123c2       0x44 ./Middlewares/USB_Device_Library/usbd_ctlreq.o
 .text.USBD_ParseSetupRequest
                0x08012406       0x74 ./Middlewares/USB_Device_Library/usbd_ctlreq.o
                0x08012406                USBD_ParseSetupRequest
 .text.USBD_CtlError
                0x0801247a       0x22 ./Middlewares/USB_Device_Library/usbd_ctlreq.o
                0x0801247a                USBD_CtlError
 .text.USBD_GetString
                0x0801249c       0xa4 ./Middlewares/USB_Device_Library/usbd_ctlreq.o
                0x0801249c                USBD_GetString
 .text.USBD_GetLen
                0x08012540       0x34 ./Middlewares/USB_Device_Library/usbd_ctlreq.o
 .text.USBD_CtlSendData
                0x08012574       0x3c ./Middlewares/USB_Device_Library/usbd_ioreq.o
                0x08012574                USBD_CtlSendData
 .text.USBD_CtlContinueSendData
                0x080125b0       0x22 ./Middlewares/USB_Device_Library/usbd_ioreq.o
                0x080125b0                USBD_CtlContinueSendData
 .text.USBD_CtlPrepareRx
                0x080125d2       0x42 ./Middlewares/USB_Device_Library/usbd_ioreq.o
                0x080125d2                USBD_CtlPrepareRx
 .text.USBD_CtlContinueRx
                0x08012614       0x22 ./Middlewares/USB_Device_Library/usbd_ioreq.o
                0x08012614                USBD_CtlContinueRx
 .text.USBD_CtlSendStatus
                0x08012636       0x26 ./Middlewares/USB_Device_Library/usbd_ioreq.o
                0x08012636                USBD_CtlSendStatus
 .text.USBD_CtlReceiveStatus
                0x0801265c       0x26 ./Middlewares/USB_Device_Library/usbd_ioreq.o
                0x0801265c                USBD_CtlReceiveStatus
 *fill*         0x08012682        0x2 
 .text.MX_USB_DEVICE_Init
                0x08012684       0x60 ./USB_DEVICE/App/usb_device.o
                0x08012684                MX_USB_DEVICE_Init
 .text.CDC_Init_FS
                0x080126e4       0x28 ./USB_DEVICE/App/usbd_cdc_if.o
 .text.CDC_DeInit_FS
                0x0801270c       0x10 ./USB_DEVICE/App/usbd_cdc_if.o
 .text.CDC_Control_FS
                0x0801271c       0xbc ./USB_DEVICE/App/usbd_cdc_if.o
 .text.CDC_Receive_FS
                0x080127d8       0x28 ./USB_DEVICE/App/usbd_cdc_if.o
 .text.CDC_TransmitCplt_FS
                0x08012800       0x22 ./USB_DEVICE/App/usbd_cdc_if.o
 *fill*         0x08012822        0x2 
 .text.USBD_FS_DeviceDescriptor
                0x08012824       0x24 ./USB_DEVICE/App/usbd_desc.o
                0x08012824                USBD_FS_DeviceDescriptor
 .text.USBD_FS_LangIDStrDescriptor
                0x08012848       0x24 ./USB_DEVICE/App/usbd_desc.o
                0x08012848                USBD_FS_LangIDStrDescriptor
 .text.USBD_FS_ProductStrDescriptor
                0x0801286c       0x3c ./USB_DEVICE/App/usbd_desc.o
                0x0801286c                USBD_FS_ProductStrDescriptor
 .text.USBD_FS_ManufacturerStrDescriptor
                0x080128a8       0x28 ./USB_DEVICE/App/usbd_desc.o
                0x080128a8                USBD_FS_ManufacturerStrDescriptor
 .text.USBD_FS_SerialStrDescriptor
                0x080128d0       0x24 ./USB_DEVICE/App/usbd_desc.o
                0x080128d0                USBD_FS_SerialStrDescriptor
 .text.USBD_FS_ConfigStrDescriptor
                0x080128f4       0x3c ./USB_DEVICE/App/usbd_desc.o
                0x080128f4                USBD_FS_ConfigStrDescriptor
 .text.USBD_FS_InterfaceStrDescriptor
                0x08012930       0x3c ./USB_DEVICE/App/usbd_desc.o
                0x08012930                USBD_FS_InterfaceStrDescriptor
 .text.USBD_FS_USR_BOSDescriptor
                0x0801296c       0x24 ./USB_DEVICE/App/usbd_desc.o
                0x0801296c                USBD_FS_USR_BOSDescriptor
 .text.Get_SerialNum
                0x08012990       0x58 ./USB_DEVICE/App/usbd_desc.o
 .text.IntToUnicode
                0x080129e8       0x7e ./USB_DEVICE/App/usbd_desc.o
 *fill*         0x08012a66        0x2 
 .text.HAL_PCD_MspInit
                0x08012a68      0x124 ./USB_DEVICE/Target/usbd_conf.o
                0x08012a68                HAL_PCD_MspInit
 .text.HAL_PCD_SetupStageCallback
                0x08012b8c       0x24 ./USB_DEVICE/Target/usbd_conf.o
                0x08012b8c                HAL_PCD_SetupStageCallback
 .text.HAL_PCD_DataOutStageCallback
                0x08012bb0       0x36 ./USB_DEVICE/Target/usbd_conf.o
                0x08012bb0                HAL_PCD_DataOutStageCallback
 .text.HAL_PCD_DataInStageCallback
                0x08012be6       0x34 ./USB_DEVICE/Target/usbd_conf.o
                0x08012be6                HAL_PCD_DataInStageCallback
 .text.HAL_PCD_SOFCallback
                0x08012c1a       0x1c ./USB_DEVICE/Target/usbd_conf.o
                0x08012c1a                HAL_PCD_SOFCallback
 .text.HAL_PCD_ResetCallback
                0x08012c36       0x3c ./USB_DEVICE/Target/usbd_conf.o
                0x08012c36                HAL_PCD_ResetCallback
 *fill*         0x08012c72        0x2 
 .text.HAL_PCD_SuspendCallback
                0x08012c74       0x4c ./USB_DEVICE/Target/usbd_conf.o
                0x08012c74                HAL_PCD_SuspendCallback
 .text.HAL_PCD_ResumeCallback
                0x08012cc0       0x50 ./USB_DEVICE/Target/usbd_conf.o
                0x08012cc0                HAL_PCD_ResumeCallback
 .text.HAL_PCD_ISOOUTIncompleteCallback
                0x08012d10       0x24 ./USB_DEVICE/Target/usbd_conf.o
                0x08012d10                HAL_PCD_ISOOUTIncompleteCallback
 .text.HAL_PCD_ISOINIncompleteCallback
                0x08012d34       0x24 ./USB_DEVICE/Target/usbd_conf.o
                0x08012d34                HAL_PCD_ISOINIncompleteCallback
 .text.HAL_PCD_ConnectCallback
                0x08012d58       0x1c ./USB_DEVICE/Target/usbd_conf.o
                0x08012d58                HAL_PCD_ConnectCallback
 .text.HAL_PCD_DisconnectCallback
                0x08012d74       0x1c ./USB_DEVICE/Target/usbd_conf.o
                0x08012d74                HAL_PCD_DisconnectCallback
 .text.USBD_LL_Init
                0x08012d90       0x98 ./USB_DEVICE/Target/usbd_conf.o
                0x08012d90                USBD_LL_Init
 .text.USBD_LL_Start
                0x08012e28       0x64 ./USB_DEVICE/Target/usbd_conf.o
                0x08012e28                USBD_LL_Start
 .text.USBD_LL_OpenEP
                0x08012e8c       0x7c ./USB_DEVICE/Target/usbd_conf.o
                0x08012e8c                USBD_LL_OpenEP
 .text.USBD_LL_CloseEP
                0x08012f08       0x6c ./USB_DEVICE/Target/usbd_conf.o
                0x08012f08                USBD_LL_CloseEP
 .text.USBD_LL_StallEP
                0x08012f74       0x6c ./USB_DEVICE/Target/usbd_conf.o
                0x08012f74                USBD_LL_StallEP
 .text.USBD_LL_ClearStallEP
                0x08012fe0       0x6c ./USB_DEVICE/Target/usbd_conf.o
                0x08012fe0                USBD_LL_ClearStallEP
 .text.USBD_LL_IsStallEP
                0x0801304c       0x58 ./USB_DEVICE/Target/usbd_conf.o
                0x0801304c                USBD_LL_IsStallEP
 .text.USBD_LL_SetUSBAddress
                0x080130a4       0x6c ./USB_DEVICE/Target/usbd_conf.o
                0x080130a4                USBD_LL_SetUSBAddress
 .text.USBD_LL_Transmit
                0x08013110       0x70 ./USB_DEVICE/Target/usbd_conf.o
                0x08013110                USBD_LL_Transmit
 .text.USBD_LL_PrepareReceive
                0x08013180       0x70 ./USB_DEVICE/Target/usbd_conf.o
                0x08013180                USBD_LL_PrepareReceive
 .text.USBD_LL_GetRxDataSize
                0x080131f0       0x26 ./USB_DEVICE/Target/usbd_conf.o
                0x080131f0                USBD_LL_GetRxDataSize
 *fill*         0x08013216        0x2 
 .text.HAL_PCDEx_LPM_Callback
                0x08013218       0x9c ./USB_DEVICE/Target/usbd_conf.o
                0x08013218                HAL_PCDEx_LPM_Callback
 .text.USBD_static_malloc
                0x080132b4       0x1c ./USB_DEVICE/Target/usbd_conf.o
                0x080132b4                USBD_static_malloc
 .text.USBD_static_free
                0x080132d0       0x14 ./USB_DEVICE/Target/usbd_conf.o
                0x080132d0                USBD_static_free
 .text.SystemClockConfig_Resume
                0x080132e4        0xc ./USB_DEVICE/Target/usbd_conf.o
 .text.atof     0x080132f0        0x6 C:/ST/STM32CubeIDE_2.1.1/STM32CubeIDE/plugins/com.st.stm32cube.ide.mcu.externaltools.gnu-tools-for-stm32.14.3.rel1.win32_1.0.100.202602081740/tools/bin/../lib/gcc/arm-none-eabi/14.3.1/../../../../arm-none-eabi/lib/thumb/v7e-m+fp/hard\libc_nano.a(libc_a-atof.o)
                0x080132f0                atof
 .text.atoi     0x080132f6        0x8 C:/ST/STM32CubeIDE_2.1.1/STM32CubeIDE/plugins/com.st.stm32cube.ide.mcu.externaltools.gnu-tools-for-stm32.14.3.rel1.win32_1.0.100.202602081740/tools/bin/../lib/gcc/arm-none-eabi/14.3.1/../../../../arm-none-eabi/lib/thumb/v7e-m+fp/hard\libc_nano.a(libc_a-atoi.o)
                0x080132f6                atoi
 .text.sulp     0x080132fe       0x3c C:/ST/STM32CubeIDE_2.1.1/STM32CubeIDE/plugins/com.st.stm32cube.ide.mcu.externaltools.gnu-tools-for-stm32.14.3.rel1.win32_1.0.100.202602081740/tools/bin/../lib/gcc/arm-none-eabi/14.3.1/../../../../arm-none-eabi/lib/thumb/v7e-m+fp/hard\libc_nano.a(libc_a-strtod.o)
 *fill*         0x0801333a        0x6 
 .text._strtod_l
                0x08013340      0xbb8 C:/ST/STM32CubeIDE_2.1.1/STM32CubeIDE/plugins/com.st.stm32cube.ide.mcu.externaltools.gnu-tools-for-stm32.14.3.rel1.win32_1.0.100.202602081740/tools/bin/../lib/gcc/arm-none-eabi/14.3.1/../../../../arm-none-eabi/lib/thumb/v7e-m+fp/hard\libc_nano.a(libc_a-strtod.o)
                0x08013340                _strtod_l
 .text.strtod   0x08013ef8       0x18 C:/ST/STM32CubeIDE_2.1.1/STM32CubeIDE/plugins/com.st.stm32cube.ide.mcu.externaltools.gnu-tools-for-stm32.14.3.rel1.win32_1.0.100.202602081740/tools/bin/../lib/gcc/arm-none-eabi/14.3.1/../../../../arm-none-eabi/lib/thumb/v7e-m+fp/hard\libc_nano.a(libc_a-strtod.o)
                0x08013ef8                strtod
 .text._strtol_l.isra.0
                0x08013f10       0xf4 C:/ST/STM32CubeIDE_2.1.1/STM32CubeIDE/plugins/com.st.stm32cube.ide.mcu.externaltools.gnu-tools-for-stm32.14.3.rel1.win32_1.0.100.202602081740/tools/bin/../lib/gcc/arm-none-eabi/14.3.1/../../../../arm-none-eabi/lib/thumb/v7e-m+fp/hard\libc_nano.a(libc_a-strtol.o)
 .text.strtol   0x08014004       0x14 C:/ST/STM32CubeIDE_2.1.1/STM32CubeIDE/plugins/com.st.stm32cube.ide.mcu.externaltools.gnu-tools-for-stm32.14.3.rel1.win32_1.0.100.202602081740/tools/bin/../lib/gcc/arm-none-eabi/14.3.1/../../../../arm-none-eabi/lib/thumb/v7e-m+fp/hard\libc_nano.a(libc_a-strtol.o)
                0x08014004                strtol
 .text.std      0x08014018       0x6c C:/ST/STM32CubeIDE_2.1.1/STM32CubeIDE/plugins/com.st.stm32cube.ide.mcu.externaltools.gnu-tools-for-stm32.14.3.rel1.win32_1.0.100.202602081740/tools/bin/../lib/gcc/arm-none-eabi/14.3.1/../../../../arm-none-eabi/lib/thumb/v7e-m+fp/hard\libc_nano.a(libc_a-findfp.o)
 .text.stdio_exit_handler
                0x08014084       0x18 C:/ST/STM32CubeIDE_2.1.1/STM32CubeIDE/plugins/com.st.stm32cube.ide.mcu.externaltools.gnu-tools-for-stm32.14.3.rel1.win32_1.0.100.202602081740/tools/bin/../lib/gcc/arm-none-eabi/14.3.1/../../../../arm-none-eabi/lib/thumb/v7e-m+fp/hard\libc_nano.a(libc_a-findfp.o)
 .text.cleanup_stdio
                0x0801409c       0x40 C:/ST/STM32CubeIDE_2.1.1/STM32CubeIDE/plugins/com.st.stm32cube.ide.mcu.externaltools.gnu-tools-for-stm32.14.3.rel1.win32_1.0.100.202602081740/tools/bin/../lib/gcc/arm-none-eabi/14.3.1/../../../../arm-none-eabi/lib/thumb/v7e-m+fp/hard\libc_nano.a(libc_a-findfp.o)
 .text.global_stdio_init.part.0
                0x080140dc       0x40 C:/ST/STM32CubeIDE_2.1.1/STM32CubeIDE/plugins/com.st.stm32cube.ide.mcu.externaltools.gnu-tools-for-stm32.14.3.rel1.win32_1.0.100.202602081740/tools/bin/../lib/gcc/arm-none-eabi/14.3.1/../../../../arm-none-eabi/lib/thumb/v7e-m+fp/hard\libc_nano.a(libc_a-findfp.o)
 .text.__sfp_lock_acquire
                0x0801411c        0xc C:/ST/STM32CubeIDE_2.1.1/STM32CubeIDE/plugins/com.st.stm32cube.ide.mcu.externaltools.gnu-tools-for-stm32.14.3.rel1.win32_1.0.100.202602081740/tools/bin/../lib/gcc/arm-none-eabi/14.3.1/../../../../arm-none-eabi/lib/thumb/v7e-m+fp/hard\libc_nano.a(libc_a-findfp.o)
                0x0801411c                __sfp_lock_acquire
 .text.__sfp_lock_release
                0x08014128        0xc C:/ST/STM32CubeIDE_2.1.1/STM32CubeIDE/plugins/com.st.stm32cube.ide.mcu.externaltools.gnu-tools-for-stm32.14.3.rel1.win32_1.0.100.202602081740/tools/bin/../lib/gcc/arm-none-eabi/14.3.1/../../../../arm-none-eabi/lib/thumb/v7e-m+fp/hard\libc_nano.a(libc_a-findfp.o)
                0x08014128                __sfp_lock_release
 .text.__sinit  0x08014134       0x30 C:/ST/STM32CubeIDE_2.1.1/STM32CubeIDE/plugins/com.st.stm32cube.ide.mcu.externaltools.gnu-tools-for-stm32.14.3.rel1.win32_1.0.100.202602081740/tools/bin/../lib/gcc/arm-none-eabi/14.3.1/../../../../arm-none-eabi/lib/thumb/v7e-m+fp/hard\libc_nano.a(libc_a-findfp.o)
                0x08014134                __sinit
 .text._fwalk_sglue
                0x08014164       0x3c C:/ST/STM32CubeIDE_2.1.1/STM32CubeIDE/plugins/com.st.stm32cube.ide.mcu.externaltools.gnu-tools-for-stm32.14.3.rel1.win32_1.0.100.202602081740/tools/bin/../lib/gcc/arm-none-eabi/14.3.1/../../../../arm-none-eabi/lib/thumb/v7e-m+fp/hard\libc_nano.a(libc_a-fwalk.o)
                0x08014164                _fwalk_sglue
 .text.snprintf
                0x080141a0       0x6c C:/ST/STM32CubeIDE_2.1.1/STM32CubeIDE/plugins/com.st.stm32cube.ide.mcu.externaltools.gnu-tools-for-stm32.14.3.rel1.win32_1.0.100.202602081740/tools/bin/../lib/gcc/arm-none-eabi/14.3.1/../../../../arm-none-eabi/lib/thumb/v7e-m+fp/hard\libc_nano.a(libc_a-snprintf.o)
                0x080141a0                sniprintf
                0x080141a0                snprintf
 .text.__sread  0x0801420c       0x22 C:/ST/STM32CubeIDE_2.1.1/STM32CubeIDE/plugins/com.st.stm32cube.ide.mcu.externaltools.gnu-tools-for-stm32.14.3.rel1.win32_1.0.100.202602081740/tools/bin/../lib/gcc/arm-none-eabi/14.3.1/../../../../arm-none-eabi/lib/thumb/v7e-m+fp/hard\libc_nano.a(libc_a-stdio.o)
                0x0801420c                __sread
 .text.__swrite
                0x0801422e       0x38 C:/ST/STM32CubeIDE_2.1.1/STM32CubeIDE/plugins/com.st.stm32cube.ide.mcu.externaltools.gnu-tools-for-stm32.14.3.rel1.win32_1.0.100.202602081740/tools/bin/../lib/gcc/arm-none-eabi/14.3.1/../../../../arm-none-eabi/lib/thumb/v7e-m+fp/hard\libc_nano.a(libc_a-stdio.o)
                0x0801422e                __swrite
 .text.__sseek  0x08014266       0x26 C:/ST/STM32CubeIDE_2.1.1/STM32CubeIDE/plugins/com.st.stm32cube.ide.mcu.externaltools.gnu-tools-for-stm32.14.3.rel1.win32_1.0.100.202602081740/tools/bin/../lib/gcc/arm-none-eabi/14.3.1/../../../../arm-none-eabi/lib/thumb/v7e-m+fp/hard\libc_nano.a(libc_a-stdio.o)
                0x08014266                __sseek
 .text.__sclose
                0x0801428c        0x8 C:/ST/STM32CubeIDE_2.1.1/STM32CubeIDE/plugins/com.st.stm32cube.ide.mcu.externaltools.gnu-tools-for-stm32.14.3.rel1.win32_1.0.100.202602081740/tools/bin/../lib/gcc/arm-none-eabi/14.3.1/../../../../arm-none-eabi/lib/thumb/v7e-m+fp/hard\libc_nano.a(libc_a-stdio.o)
                0x0801428c                __sclose
 .text.memmove  0x08014294       0x32 C:/ST/STM32CubeIDE_2.1.1/STM32CubeIDE/plugins/com.st.stm32cube.ide.mcu.externaltools.gnu-tools-for-stm32.14.3.rel1.win32_1.0.100.202602081740/tools/bin/../lib/gcc/arm-none-eabi/14.3.1/../../../../arm-none-eabi/lib/thumb/v7e-m+fp/hard\libc_nano.a(libc_a-memmove.o)
                0x08014294                memmove
 .text.memset   0x080142c6       0x10 C:/ST/STM32CubeIDE_2.1.1/STM32CubeIDE/plugins/com.st.stm32cube.ide.mcu.externaltools.gnu-tools-for-stm32.14.3.rel1.win32_1.0.100.202602081740/tools/bin/../lib/gcc/arm-none-eabi/14.3.1/../../../../arm-none-eabi/lib/thumb/v7e-m+fp/hard\libc_nano.a(libc_a-memset.o)
                0x080142c6                memset
 .text.strchr   0x080142d6       0x1a C:/ST/STM32CubeIDE_2.1.1/STM32CubeIDE/plugins/com.st.stm32cube.ide.mcu.externaltools.gnu-tools-for-stm32.14.3.rel1.win32_1.0.100.202602081740/tools/bin/../lib/gcc/arm-none-eabi/14.3.1/../../../../arm-none-eabi/lib/thumb/v7e-m+fp/hard\libc_nano.a(libc_a-strchr.o)
                0x080142d6                strchr
 .text.strncmp  0x080142f0       0x24 C:/ST/STM32CubeIDE_2.1.1/STM32CubeIDE/plugins/com.st.stm32cube.ide.mcu.externaltools.gnu-tools-for-stm32.14.3.rel1.win32_1.0.100.202602081740/tools/bin/../lib/gcc/arm-none-eabi/14.3.1/../../../../arm-none-eabi/lib/thumb/v7e-m+fp/hard\libc_nano.a(libc_a-strncmp.o)
                0x080142f0                strncmp
 .text._close_r
                0x08014314       0x20 C:/ST/STM32CubeIDE_2.1.1/STM32CubeIDE/plugins/com.st.stm32cube.ide.mcu.externaltools.gnu-tools-for-stm32.14.3.rel1.win32_1.0.100.202602081740/tools/bin/../lib/gcc/arm-none-eabi/14.3.1/../../../../arm-none-eabi/lib/thumb/v7e-m+fp/hard\libc_nano.a(libc_a-closer.o)
                0x08014314                _close_r
 .text._lseek_r
                0x08014334       0x24 C:/ST/STM32CubeIDE_2.1.1/STM32CubeIDE/plugins/com.st.stm32cube.ide.mcu.externaltools.gnu-tools-for-stm32.14.3.rel1.win32_1.0.100.202602081740/tools/bin/../lib/gcc/arm-none-eabi/14.3.1/../../../../arm-none-eabi/lib/thumb/v7e-m+fp/hard\libc_nano.a(libc_a-lseekr.o)
                0x08014334                _lseek_r
 .text._read_r  0x08014358       0x24 C:/ST/STM32CubeIDE_2.1.1/STM32CubeIDE/plugins/com.st.stm32cube.ide.mcu.externaltools.gnu-tools-for-stm32.14.3.rel1.win32_1.0.100.202602081740/tools/bin/../lib/gcc/arm-none-eabi/14.3.1/../../../../arm-none-eabi/lib/thumb/v7e-m+fp/hard\libc_nano.a(libc_a-readr.o)
                0x08014358                _read_r
 .text._write_r
                0x0801437c       0x24 C:/ST/STM32CubeIDE_2.1.1/STM32CubeIDE/plugins/com.st.stm32cube.ide.mcu.externaltools.gnu-tools-for-stm32.14.3.rel1.win32_1.0.100.202602081740/tools/bin/../lib/gcc/arm-none-eabi/14.3.1/../../../../arm-none-eabi/lib/thumb/v7e-m+fp/hard\libc_nano.a(libc_a-writer.o)
                0x0801437c                _write_r
 .text.__errno  0x080143a0        0xc C:/ST/STM32CubeIDE_2.1.1/STM32CubeIDE/plugins/com.st.stm32cube.ide.mcu.externaltools.gnu-tools-for-stm32.14.3.rel1.win32_1.0.100.202602081740/tools/bin/../lib/gcc/arm-none-eabi/14.3.1/../../../../arm-none-eabi/lib/thumb/v7e-m+fp/hard\libc_nano.a(libc_a-errno.o)
                0x080143a0                __errno
 .text.__libc_init_array
                0x080143ac       0x48 C:/ST/STM32CubeIDE_2.1.1/STM32CubeIDE/plugins/com.st.stm32cube.ide.mcu.externaltools.gnu-tools-for-stm32.14.3.rel1.win32_1.0.100.202602081740/tools/bin/../lib/gcc/arm-none-eabi/14.3.1/../../../../arm-none-eabi/lib/thumb/v7e-m+fp/hard\libc_nano.a(libc_a-init.o)
                0x080143ac                __libc_init_array
 .text.__retarget_lock_init_recursive
                0x080143f4        0x2 C:/ST/STM32CubeIDE_2.1.1/STM32CubeIDE/plugins/com.st.stm32cube.ide.mcu.externaltools.gnu-tools-for-stm32.14.3.rel1.win32_1.0.100.202602081740/tools/bin/../lib/gcc/arm-none-eabi/14.3.1/../../../../arm-none-eabi/lib/thumb/v7e-m+fp/hard\libc_nano.a(libc_a-lock.o)
                0x080143f4                __retarget_lock_init_recursive
 .text.__retarget_lock_acquire_recursive
                0x080143f6        0x2 C:/ST/STM32CubeIDE_2.1.1/STM32CubeIDE/plugins/com.st.stm32cube.ide.mcu.externaltools.gnu-tools-for-stm32.14.3.rel1.win32_1.0.100.202602081740/tools/bin/../lib/gcc/arm-none-eabi/14.3.1/../../../../arm-none-eabi/lib/thumb/v7e-m+fp/hard\libc_nano.a(libc_a-lock.o)
                0x080143f6                __retarget_lock_acquire_recursive
 .text.__retarget_lock_release_recursive
                0x080143f8        0x2 C:/ST/STM32CubeIDE_2.1.1/STM32CubeIDE/plugins/com.st.stm32cube.ide.mcu.externaltools.gnu-tools-for-stm32.14.3.rel1.win32_1.0.100.202602081740/tools/bin/../lib/gcc/arm-none-eabi/14.3.1/../../../../arm-none-eabi/lib/thumb/v7e-m+fp/hard\libc_nano.a(libc_a-lock.o)
                0x080143f8                __retarget_lock_release_recursive
 .text.memcpy   0x080143fa       0x1c C:/ST/STM32CubeIDE_2.1.1/STM32CubeIDE/plugins/com.st.stm32cube.ide.mcu.externaltools.gnu-tools-for-stm32.14.3.rel1.win32_1.0.100.202602081740/tools/bin/../lib/gcc/arm-none-eabi/14.3.1/../../../../arm-none-eabi/lib/thumb/v7e-m+fp/hard\libc_nano.a(libc_a-memcpy-stub.o)
                0x080143fa                memcpy
 *fill*         0x08014416        0x2 
 .text.nan      0x08014418       0x10 C:/ST/STM32CubeIDE_2.1.1/STM32CubeIDE/plugins/com.st.stm32cube.ide.mcu.externaltools.gnu-tools-for-stm32.14.3.rel1.win32_1.0.100.202602081740/tools/bin/../lib/gcc/arm-none-eabi/14.3.1/../../../../arm-none-eabi/lib/thumb/v7e-m+fp/hard\libc_nano.a(libm_a-s_nan.o)
                0x08014418                nan
 .text._free_r  0x08014428       0x94 C:/ST/STM32CubeIDE_2.1.1/STM32CubeIDE/plugins/com.st.stm32cube.ide.mcu.externaltools.gnu-tools-for-stm32.14.3.rel1.win32_1.0.100.202602081740/tools/bin/../lib/gcc/arm-none-eabi/14.3.1/../../../../arm-none-eabi/lib/thumb/v7e-m+fp/hard\libc_nano.a(libc_a-freer.o)
                0x08014428                _free_r
 .text.rshift   0x080144bc       0xa4 C:/ST/STM32CubeIDE_2.1.1/STM32CubeIDE/plugins/com.st.stm32cube.ide.mcu.externaltools.gnu-tools-for-stm32.14.3.rel1.win32_1.0.100.202602081740/tools/bin/../lib/gcc/arm-none-eabi/14.3.1/../../../../arm-none-eabi/lib/thumb/v7e-m+fp/hard\libc_nano.a(libc_a-gdtoa-gethex.o)
 .text.__hexdig_fun
                0x08014560       0x2a C:/ST/STM32CubeIDE_2.1.1/STM32CubeIDE/plugins/com.st.stm32cube.ide.mcu.externaltools.gnu-tools-for-stm32.14.3.rel1.win32_1.0.100.202602081740/tools/bin/../lib/gcc/arm-none-eabi/14.3.1/../../../../arm-none-eabi/lib/thumb/v7e-m+fp/hard\libc_nano.a(libc_a-gdtoa-gethex.o)
                0x08014560                __hexdig_fun
 *fill*         0x0801458a        0x2 
 .text.__gethex
                0x0801458c      0x420 C:/ST/STM32CubeIDE_2.1.1/STM32CubeIDE/plugins/com.st.stm32cube.ide.mcu.externaltools.gnu-tools-for-stm32.14.3.rel1.win32_1.0.100.202602081740/tools/bin/../lib/gcc/arm-none-eabi/14.3.1/../../../../arm-none-eabi/lib/thumb/v7e-m+fp/hard\libc_nano.a(libc_a-gdtoa-gethex.o)
                0x0801458c                __gethex
 .text.L_shift  0x080149ac       0x24 C:/ST/STM32CubeIDE_2.1.1/STM32CubeIDE/plugins/com.st.stm32cube.ide.mcu.externaltools.gnu-tools-for-stm32.14.3.rel1.win32_1.0.100.202602081740/tools/bin/../lib/gcc/arm-none-eabi/14.3.1/../../../../arm-none-eabi/lib/thumb/v7e-m+fp/hard\libc_nano.a(libc_a-gdtoa-hexnan.o)
 .text.__match  0x080149d0       0x28 C:/ST/STM32CubeIDE_2.1.1/STM32CubeIDE/plugins/com.st.stm32cube.ide.mcu.externaltools.gnu-tools-for-stm32.14.3.rel1.win32_1.0.100.202602081740/tools/bin/../lib/gcc/arm-none-eabi/14.3.1/../../../../arm-none-eabi/lib/thumb/v7e-m+fp/hard\libc_nano.a(libc_a-gdtoa-hexnan.o)
                0x080149d0                __match
 .text.__hexnan
                0x080149f8      0x13a C:/ST/STM32CubeIDE_2.1.1/STM32CubeIDE/plugins/com.st.stm32cube.ide.mcu.externaltools.gnu-tools-for-stm32.14.3.rel1.win32_1.0.100.202602081740/tools/bin/../lib/gcc/arm-none-eabi/14.3.1/../../../../arm-none-eabi/lib/thumb/v7e-m+fp/hard\libc_nano.a(libc_a-gdtoa-hexnan.o)
                0x080149f8                __hexnan
 *fill*         0x08014b32        0x2 
 .text.sbrk_aligned
                0x08014b34       0x44 C:/ST/STM32CubeIDE_2.1.1/STM32CubeIDE/plugins/com.st.stm32cube.ide.mcu.externaltools.gnu-tools-for-stm32.14.3.rel1.win32_1.0.100.202602081740/tools/bin/../lib/gcc/arm-none-eabi/14.3.1/../../../../arm-none-eabi/lib/thumb/v7e-m+fp/hard\libc_nano.a(libc_a-mallocr.o)
 .text._malloc_r
                0x08014b78      0x100 C:/ST/STM32CubeIDE_2.1.1/STM32CubeIDE/plugins/com.st.stm32cube.ide.mcu.externaltools.gnu-tools-for-stm32.14.3.rel1.win32_1.0.100.202602081740/tools/bin/../lib/gcc/arm-none-eabi/14.3.1/../../../../arm-none-eabi/lib/thumb/v7e-m+fp/hard\libc_nano.a(libc_a-mallocr.o)
                0x08014b78                _malloc_r
 .text.__ascii_mbtowc
                0x08014c78       0x24 C:/ST/STM32CubeIDE_2.1.1/STM32CubeIDE/plugins/com.st.stm32cube.ide.mcu.externaltools.gnu-tools-for-stm32.14.3.rel1.win32_1.0.100.202602081740/tools/bin/../lib/gcc/arm-none-eabi/14.3.1/../../../../arm-none-eabi/lib/thumb/v7e-m+fp/hard\libc_nano.a(libc_a-mbtowc_r.o)
                0x08014c78                __ascii_mbtowc
 .text.__malloc_lock
                0x08014c9c        0xc C:/ST/STM32CubeIDE_2.1.1/STM32CubeIDE/plugins/com.st.stm32cube.ide.mcu.externaltools.gnu-tools-for-stm32.14.3.rel1.win32_1.0.100.202602081740/tools/bin/../lib/gcc/arm-none-eabi/14.3.1/../../../../arm-none-eabi/lib/thumb/v7e-m+fp/hard\libc_nano.a(libc_a-mlock.o)
                0x08014c9c                __malloc_lock
 .text.__malloc_unlock
                0x08014ca8        0xc C:/ST/STM32CubeIDE_2.1.1/STM32CubeIDE/plugins/com.st.stm32cube.ide.mcu.externaltools.gnu-tools-for-stm32.14.3.rel1.win32_1.0.100.202602081740/tools/bin/../lib/gcc/arm-none-eabi/14.3.1/../../../../arm-none-eabi/lib/thumb/v7e-m+fp/hard\libc_nano.a(libc_a-mlock.o)
                0x08014ca8                __malloc_unlock
 .text._Balloc  0x08014cb4       0x7c C:/ST/STM32CubeIDE_2.1.1/STM32CubeIDE/plugins/com.st.stm32cube.ide.mcu.externaltools.gnu-tools-for-stm32.14.3.rel1.win32_1.0.100.202602081740/tools/bin/../lib/gcc/arm-none-eabi/14.3.1/../../../../arm-none-eabi/lib/thumb/v7e-m+fp/hard\libc_nano.a(libc_a-mprec.o)
                0x08014cb4                _Balloc
 .text._Bfree   0x08014d30       0x44 C:/ST/STM32CubeIDE_2.1.1/STM32CubeIDE/plugins/com.st.stm32cube.ide.mcu.externaltools.gnu-tools-for-stm32.14.3.rel1.win32_1.0.100.202602081740/tools/bin/../lib/gcc/arm-none-eabi/14.3.1/../../../../arm-none-eabi/lib/thumb/v7e-m+fp/hard\libc_nano.a(libc_a-mprec.o)
                0x08014d30                _Bfree
 .text.__multadd
                0x08014d74       0x8c C:/ST/STM32CubeIDE_2.1.1/STM32CubeIDE/plugins/com.st.stm32cube.ide.mcu.externaltools.gnu-tools-for-stm32.14.3.rel1.win32_1.0.100.202602081740/tools/bin/../lib/gcc/arm-none-eabi/14.3.1/../../../../arm-none-eabi/lib/thumb/v7e-m+fp/hard\libc_nano.a(libc_a-mprec.o)
                0x08014d74                __multadd
 .text.__s2b    0x08014e00       0x94 C:/ST/STM32CubeIDE_2.1.1/STM32CubeIDE/plugins/com.st.stm32cube.ide.mcu.externaltools.gnu-tools-for-stm32.14.3.rel1.win32_1.0.100.202602081740/tools/bin/../lib/gcc/arm-none-eabi/14.3.1/../../../../arm-none-eabi/lib/thumb/v7e-m+fp/hard\libc_nano.a(libc_a-mprec.o)
                0x08014e00                __s2b
 .text.__hi0bits