\BOOKMARK [1][-]{section.1}{\376\377\000E\000x\000e\000c\000u\000t\000i\000v\000e\000\040\000s\000u\000m\000m\000a\000r\000y}{}% 1
\BOOKMARK [1][-]{section.2}{\376\377\000P\000r\000e\000-\000f\000l\000i\000g\000h\000t\000\040\000p\000r\000e\000p\000a\000r\000a\000t\000i\000o\000n}{}% 2
\BOOKMARK [1][-]{section.3}{\376\377\000D\000a\000t\000a\000\040\000s\000c\000o\000p\000e\000\040\000a\000n\000d\000\040\000p\000r\000o\000v\000e\000n\000a\000n\000c\000e}{}% 3
\BOOKMARK [2][-]{subsection.3.1}{\376\377\000A\000n\000a\000l\000y\000s\000e\000d\000\040\000s\000o\000u\000r\000c\000e\000s}{section.3}% 4
\BOOKMARK [2][-]{subsection.3.2}{\376\377\000T\000i\000m\000e\000\040\000b\000a\000s\000i\000s}{section.3}% 5
\BOOKMARK [2][-]{subsection.3.3}{\376\377\000U\000n\000i\000t\000s\000\040\000a\000n\000d\000\040\000i\000n\000t\000e\000r\000p\000r\000e\000t\000a\000t\000i\000o\000n}{section.3}% 6
\BOOKMARK [1][-]{section.4}{\376\377\000F\000l\000i\000g\000h\000t\000\040\000t\000i\000m\000e\000l\000i\000n\000e\000\040\000a\000n\000d\000\040\000s\000t\000a\000t\000e\000-\000m\000a\000c\000h\000i\000n\000e\000\040\000b\000e\000h\000a\000v\000i\000o\000u\000r}{}% 7
\BOOKMARK [1][-]{section.5}{\376\377\000A\000l\000t\000i\000t\000u\000d\000e\000,\000\040\000v\000e\000l\000o\000c\000i\000t\000y\000,\000\040\000a\000n\000d\000\040\000i\000n\000e\000r\000t\000i\000a\000l\000\040\000d\000y\000n\000a\000m\000i\000c\000s}{}% 8
\BOOKMARK [2][-]{subsection.5.1}{\376\377\000P\000e\000r\000f\000o\000r\000m\000a\000n\000c\000e\000\040\000m\000e\000t\000r\000i\000c\000s}{section.5}% 9
\BOOKMARK [1][-]{section.6}{\376\377\000A\000t\000m\000o\000s\000p\000h\000e\000r\000i\000c\000\040\000m\000e\000a\000s\000u\000r\000e\000m\000e\000n\000t\000s}{}% 10
\BOOKMARK [1][-]{section.7}{\376\377\000G\000N\000S\000S\000\040\000t\000r\000a\000j\000e\000c\000t\000o\000r\000y}{}% 11
\BOOKMARK [1][-]{section.8}{\376\377\000E\000l\000e\000c\000t\000r\000i\000c\000a\000l\000\040\000p\000o\000w\000e\000r\000\040\000a\000n\000d\000\040\000I\000M\000U\000\040\000o\000b\000s\000e\000r\000v\000a\000t\000i\000o\000n\000s}{}% 12
\BOOKMARK [1][-]{section.9}{\376\377\000C\000o\000r\000a\000l\000\040\000p\000a\000y\000l\000o\000a\000d\000\040\000r\000e\000s\000u\000l\000t\000s\000\040\000a\000n\000d\000\040\000l\000i\000n\000k\000\040\000r\000e\000l\000i\000a\000b\000i\000l\000i\000t\000y}{}% 13
\BOOKMARK [1][-]{section.10}{\376\377\000T\000T\000\046\000C\000\040\000d\000o\000w\000n\000l\000i\000n\000k\000\040\000p\000e\000r\000f\000o\000r\000m\000a\000n\000c\000e}{}% 14
\BOOKMARK [1][-]{section.11}{\376\377\000R\000e\000c\000o\000v\000e\000r\000y}{}% 15
\BOOKMARK [1][-]{section.12}{\376\377\000S\000y\000s\000t\000e\000m\000\040\000h\000e\000a\000l\000t\000h\000,\000\040\000F\000D\000I\000R\000,\000\040\000a\000n\000d\000\040\000r\000e\000b\000o\000o\000t}{}% 16
\BOOKMARK [1][-]{section.13}{\376\377\000D\000a\000t\000a\000\040\000q\000u\000a\000l\000i\000t\000y\000\040\000a\000n\000d\000\040\000l\000i\000m\000i\000t\000a\000t\000i\000o\000n\000s}{}% 17
\BOOKMARK [1][-]{section.14}{\376\377\000L\000e\000s\000s\000o\000n\000s\000\040\000l\000e\000a\000r\000n\000t}{}% 18
\BOOKMARK [1][-]{section.15}{\376\377\000F\000u\000t\000u\000r\000e\000\040\000w\000o\000r\000k}{}% 19
\BOOKMARK [1][-]{section.16}{\376\377\000C\000o\000n\000c\000l\000u\000s\000i\000o\000n\000s}{}% 20
\BOOKMARK [1][-]{section.A}{\376\377\000R\000e\000p\000r\000o\000d\000u\000c\000i\000b\000i\000l\000i\000t\000y}{}% 21
\BOOKMARK [1][-]{section.B}{\376\377\000I\000n\000p\000u\000t\000\040\000c\000h\000e\000c\000k\000s\000u\000m\000s}{}% 22
